[INFO] [launch]: All log files can be found below /root/.ros/log/2026-06-17-00-02-10-936859-ubuntu-sword-60924
[INFO] [launch]: Default logging verbosity is set to INFO
[INFO] [dps_slam_node-1]: process started with pid [61021]
[dps_slam_node-1] [0m[INFO] [1781654530.986041013] [drone0.dps_slam_node]: Construct with name [semantic_slam][0m
[dps_slam_node-1] [0;36m[PARAMS] Forcing object type to: wall[0m
[dps_slam_node-1] [0;36m[PARAMS] Detection covariance by distance: false[0m
[dps_slam_node-1] [0;36m[PARAMS] Detection covariance by distance2: false[0m
[dps_slam_node-1] [0;36m[PARAMS] detection_covariance_factor_ = 0.1[0m
[dps_slam_node-1] [0;36m[PARAMS] detection_orientation_covariance_factor_ = 1[0m
[dps_slam_node-1] [0;36m[PARAMS] generate_orientation_cov_by_distance_ = false[0m
[dps_slam_node-1] [0;36m[PARAMS] distance_for_orientation_covariance_increment_ = 10[0m
[dps_slam_node-1] [0;36m[PARAMS] detection_orientation_covariance_large_factor_ = 100[0m
[dps_slam_node-1] [0;36m[PARAMS] Subscribed to Odometry topic: /odom[0m
[dps_slam_node-1] [0;36m[PARAMS] Publishing optimized detections on: slam/optimized_detections[0m
[dps_slam_node-1] # Using CHOLMOD poseDim -1 landMarkDim -1 blockordering 1
[dps_slam_node-1] # Using CHOLMOD poseDim -1 landMarkDim -1 blockordering 1
[dps_slam_node-1] [0m[INFO] [1781654530.991440274] [drone0.dps_slam_node]: Earth to map: xyz=(0.000, 0.000, 0.000) rpy=(0.000, 0.000, 0.000)[0m
[dps_slam_node-1] [1;32m[DEBUG] main_graph = 0x628c6269df70[0m
[dps_slam_node-1] [1;32m[DEBUG] temp_graph = 0x628c6277a5e0[0m
[dps_slam_node-1] [0;36m[PARAMS] Absolute odometry[0m
[dps_slam_node-1] [1;33m[WARN] odometry_is_relative not implemented yet[0m
[dps_slam_node-1] [1;33m[WARN] map_odom_security_threshold not implemented yet[0m
[dps_slam_node-1] [0;36m[PARAMS] main_graph_odometry_distance_threshold_ = 0[0m
[dps_slam_node-1] [0;36m[PARAMS] temp_graph_odometry_distance_threshold_ = 0.5[0m
[dps_slam_node-1] [0;36m[PARAMS] main_graph_odometry_distance_threshold_if_detections_ = 2[0m
[dps_slam_node-1] [0;36m[PARAMS] map_odom_transform_alpha_ = 1[0m
[dps_slam_node-1] [0;36m[PARAMS] calculate_odom_covariance_ = true[0m
[dps_slam_node-1] [0;36m[PARAMS] use_dual_graph_ = true[0m
[dps_slam_node-1] [0;31m[ERROR] [Main Graph] GRAPH RETURNED A NAN BEFORE OPTIMIZATION
[dps_slam_node-1] 	  at line 165 in function optimizeGraph[0m
[dps_slam_node-1] [0;31m[ERROR] [Main Graph] GRAPH RETURNED A NAN BEFORE OPTIMIZATION
[dps_slam_node-1] 	  at line 165 in function optimizeGraph[0m
[dps_slam_node-1] [1;32m[DEBUG] Wall '0' BEFORE transform [livox_frame]: normal=(0.0667322, 0.997771, 0) distance=1.82904 azimuth_deg=86.1737[0m
[dps_slam_node-1] [1;32m[DEBUG] Wall '0' AFTER transform [drone0/base_link]: normal=(0.0667322, 0.997771, 0) distance=1.82904 azimuth_deg=86.1737[0m
[dps_slam_node-1] [1;32m[DEBUG] Wall '1' BEFORE transform [livox_frame]: normal=(0.0574297, 0.99835, 0) distance=0.507765 azimuth_deg=86.7077[0m
[dps_slam_node-1] [1;32m[DEBUG] Wall '1' AFTER transform [drone0/base_link]: normal=(0.0574297, 0.99835, 0) distance=0.507765 azimuth_deg=86.7077[0m
[dps_slam_node-1] [1;32m[DEBUG] Wall '2' BEFORE transform [livox_frame]: normal=(-0.0531066, -0.998589, 0) distance=0.487662 azimuth_deg=-93.0442[0m
[dps_slam_node-1] [1;32m[DEBUG] Wall '2' AFTER transform [drone0/base_link]: normal=(-0.0531066, -0.998589, 0) distance=0.487662 azimuth_deg=-93.0442[0m
[dps_slam_node-1] [1;32m[DEBUG] Wall '3' BEFORE transform [livox_frame]: normal=(0.996727, -0.0808403, 0) distance=0.916413 azimuth_deg=-4.63687[0m
[dps_slam_node-1] [1;32m[DEBUG] Wall '3' AFTER transform [drone0/base_link]: normal=(0.996727, -0.0808403, 0) distance=0.916413 azimuth_deg=-4.63687[0m
[dps_slam_node-1] [1;32m[DEBUG] Wall '4' BEFORE transform [livox_frame]: normal=(0.0682031, 0.997671, 0) distance=0.490457 azimuth_deg=86.0892[0m
[dps_slam_node-1] [1;32m[DEBUG] Wall '4' AFTER transform [drone0/base_link]: normal=(0.0682031, 0.997671, 0) distance=0.490457 azimuth_deg=86.0892[0m
[dps_slam_node-1] # Using CHOLMOD poseDim -1 landMarkDim -1 blockordering 1
[dps_slam_node-1] [1;32m[DEBUG] Wall '0' BEFORE transform [livox_frame]: normal=(0.0696291, 0.997573, 0) distance=1.83306 azimuth_deg=86.0073[0m
[dps_slam_node-1] [1;32m[DEBUG] Wall '0' AFTER transform [drone0/base_link]: normal=(0.0696291, 0.997573, 0) distance=1.83306 azimuth_deg=86.0073[0m
[dps_slam_node-1] [1;32m[DEBUG] Wall '3' BEFORE transform [livox_frame]: normal=(0.996312, -0.0858055, 0) distance=0.920746 azimuth_deg=-4.92234[0m
[dps_slam_node-1] [1;32m[DEBUG] Wall '3' AFTER transform [drone0/base_link]: normal=(0.996312, -0.0858055, 0) distance=0.920746 azimuth_deg=-4.92234[0m
[dps_slam_node-1] [1;32m[DEBUG] Wall '1' BEFORE transform [livox_frame]: normal=(0.0624294, 0.998049, 0) distance=0.49945 azimuth_deg=86.4207[0m
[dps_slam_node-1] [1;32m[DEBUG] Wall '1' AFTER transform [drone0/base_link]: normal=(0.0624294, 0.998049, 0) distance=0.49945 azimuth_deg=86.4207[0m
[dps_slam_node-1] [1;32m[DEBUG] Wall '2' BEFORE transform [livox_frame]: normal=(-0.0562366, -0.998417, 0) distance=0.487244 azimuth_deg=-93.2238[0m
[dps_slam_node-1] [1;32m[DEBUG] Wall '2' AFTER transform [drone0/base_link]: normal=(-0.0562366, -0.998417, 0) distance=0.487244 azimuth_deg=-93.2238[0m
[dps_slam_node-1] [1;32m[DEBUG] Wall '4' BEFORE transform [livox_frame]: normal=(0.073838, 0.99727, 0) distance=0.500275 azimuth_deg=85.7655[0m
[dps_slam_node-1] [1;32m[DEBUG] Wall '4' AFTER transform [drone0/base_link]: normal=(0.073838, 0.99727, 0) distance=0.500275 azimuth_deg=85.7655[0m
[dps_slam_node-1] [1;32m[DEBUG] Wall '5' BEFORE transform [livox_frame]: normal=(-0.996087, 0.0883728, 0) distance=0.271813 azimuth_deg=174.93[0m
[dps_slam_node-1] [1;32m[DEBUG] Wall '5' AFTER transform [drone0/base_link]: normal=(-0.996087, 0.0883728, 0) distance=0.271813 azimuth_deg=174.93[0m
[dps_slam_node-1] [1;32m[DEBUG] Wall '8' BEFORE transform [livox_frame]: normal=(0.998061, -0.0622436, 0) distance=0.889525 azimuth_deg=-3.5686[0m
[dps_slam_node-1] [1;32m[DEBUG] Wall '8' AFTER transform [drone0/base_link]: normal=(0.998061, -0.0622436, 0) distance=0.889525 azimuth_deg=-3.5686[0m
[dps_slam_node-1] [1;32m[DEBUG] Wall '14' BEFORE transform [livox_frame]: normal=(-0.997762, 0.0668669, 0) distance=0.323842 azimuth_deg=176.166[0m
[dps_slam_node-1] [1;32m[DEBUG] Wall '14' AFTER transform [drone0/base_link]: normal=(-0.997762, 0.0668669, 0) distance=0.323842 azimuth_deg=176.166[0m
[dps_slam_node-1] [1;32m[DEBUG] Wall '0' BEFORE transform [livox_frame]: normal=(0.0740016, 0.997258, 0) distance=1.83153 azimuth_deg=85.7561[0m
[dps_slam_node-1] [1;32m[DEBUG] Wall '0' AFTER transform [drone0/base_link]: normal=(0.0740016, 0.997258, 0) distance=1.83153 azimuth_deg=85.7561[0m
[dps_slam_node-1] [1;32m[DEBUG] Wall '3' BEFORE transform [livox_frame]: normal=(0.996395, -0.0848329, 0) distance=0.878875 azimuth_deg=-4.86642[0m
[dps_slam_node-1] [1;32m[DEBUG] Wall '3' AFTER transform [drone0/base_link]: normal=(0.996395, -0.0848329, 0) distance=0.878875 azimuth_deg=-4.86642[0m
[dps_slam_node-1] [1;32m[DEBUG] Wall '1' BEFORE transform [livox_frame]: normal=(0.0678146, 0.997698, 0) distance=0.500515 azimuth_deg=86.1115[0m
[dps_slam_node-1] [1;32m[DEBUG] Wall '1' AFTER transform [drone0/base_link]: normal=(0.0678146, 0.997698, 0) distance=0.500515 azimuth_deg=86.1115[0m
[dps_slam_node-1] [1;32m[DEBUG] Wall '10' BEFORE transform [livox_frame]: normal=(-0.998756, 0.0498705, 0) distance=0.332088 azimuth_deg=177.141[0m
[dps_slam_node-1] [1;32m[DEBUG] Wall '10' AFTER transform [drone0/base_link]: normal=(-0.998756, 0.0498705, 0) distance=0.332088 azimuth_deg=177.141[0m
[dps_slam_node-1] [1;32m[DEBUG] Wall '2' BEFORE transform [livox_frame]: normal=(-0.0586216, -0.99828, 0) distance=0.486132 azimuth_deg=-93.3607[0m
[dps_slam_node-1] [1;32m[DEBUG] Wall '2' AFTER transform [drone0/base_link]: normal=(-0.0586216, -0.99828, 0) distance=0.486132 azimuth_deg=-93.3607[0m
[dps_slam_node-1] [1;32m[DEBUG] Wall '13' BEFORE transform [livox_frame]: normal=(-0.0836676, -0.996494, 0) distance=0.478929 azimuth_deg=-94.7994[0m
[dps_slam_node-1] [1;32m[DEBUG] Wall '13' AFTER transform [drone0/base_link]: normal=(-0.0836676, -0.996494, 0) distance=0.478929 azimuth_deg=-94.7994[0m
[dps_slam_node-1] [1;32m[DEBUG] Wall '9' BEFORE transform [livox_frame]: normal=(0.0736091, 0.997287, 0) distance=0.497691 azimuth_deg=85.7787[0m
[dps_slam_node-1] [1;32m[DEBUG] Wall '9' AFTER transform [drone0/base_link]: normal=(0.0736091, 0.997287, 0) distance=0.497691 azimuth_deg=85.7787[0m
[dps_slam_node-1] [1;32m[DEBUG] Wall '0' BEFORE transform [livox_frame]: normal=(0.0346211, 0.999401, 0) distance=1.8049 azimuth_deg=88.016[0m
[dps_slam_node-1] [1;32m[DEBUG] Wall '0' AFTER transform [drone0/base_link]: normal=(0.0346211, 0.999401, 0) distance=1.8049 azimuth_deg=88.016[0m
[dps_slam_node-1] [1;32m[DEBUG] Wall '16' BEFORE transform [livox_frame]: normal=(0.9992, -0.0399944, 0) distance=0.869039 azimuth_deg=-2.29212[0m
[dps_slam_node-1] [1;32m[DEBUG] Wall '16' AFTER transform [drone0/base_link]: normal=(0.9992, -0.0399944, 0) distance=0.869039 azimuth_deg=-2.29212[0m
[dps_slam_node-1] [1;32m[DEBUG] Wall '8' BEFORE transform [livox_frame]: normal=(0.999794, -0.0203136, 0) distance=0.872794 azimuth_deg=-1.16396[0m
[dps_slam_node-1] [1;32m[DEBUG] Wall '8' AFTER transform [drone0/base_link]: normal=(0.999794, -0.0203136, 0) distance=0.872794 azimuth_deg=-1.16396[0m
[dps_slam_node-1] [1;32m[DEBUG] Wall '10' BEFORE transform [livox_frame]: normal=(-0.999186, 0.0403487, 0) distance=0.316563 azimuth_deg=177.688[0m
[dps_slam_node-1] [1;32m[DEBUG] Wall '10' AFTER transform [drone0/base_link]: normal=(-0.999186, 0.0403487, 0) distance=0.316563 azimuth_deg=177.688[0m
[dps_slam_node-1] [1;32m[DEBUG] Wall '15' BEFORE transform [livox_frame]: normal=(-0.0238825, -0.999715, 0) distance=0.534525 azimuth_deg=-91.3685[0m
[dps_slam_node-1] [1;32m[DEBUG] Wall '15' AFTER transform [drone0/base_link]: normal=(-0.0238825, -0.999715, 0) distance=0.534525 azimuth_deg=-91.3685[0m
[dps_slam_node-1] [1;32m[DEBUG] Wall '1' BEFORE transform [livox_frame]: normal=(0.0252419, 0.999681, 0) distance=0.462153 azimuth_deg=88.5536[0m
[dps_slam_node-1] [1;32m[DEBUG] Wall '1' AFTER transform [drone0/base_link]: normal=(0.0252419, 0.999681, 0) distance=0.462153 azimuth_deg=88.5536[0m
[dps_slam_node-1] [1;32m[DEBUG] Wall '9' BEFORE transform [livox_frame]: normal=(0.0270993, 0.999633, 0) distance=0.463788 azimuth_deg=88.4471[0m
[dps_slam_node-1] [1;32m[DEBUG] Wall '9' AFTER transform [drone0/base_link]: normal=(0.0270993, 0.999633, 0) distance=0.463788 azimuth_deg=88.4471[0m
[dps_slam_node-1] [1;32m[DEBUG] Wall '14' BEFORE transform [livox_frame]: normal=(-0.999865, 0.0164272, 0) distance=0.341045 azimuth_deg=179.059[0m
[dps_slam_node-1] [1;32m[DEBUG] Wall '14' AFTER transform [drone0/base_link]: normal=(-0.999865, 0.0164272, 0) distance=0.341045 azimuth_deg=179.059[0m
[dps_slam_node-1] [1;32m[DEBUG] Wall '13' BEFORE transform [livox_frame]: normal=(-0.039438, -0.999222, 0) distance=0.508723 azimuth_deg=-92.2602[0m
[dps_slam_node-1] [1;32m[DEBUG] Wall '13' AFTER transform [drone0/base_link]: normal=(-0.039438, -0.999222, 0) distance=0.508723 azimuth_deg=-92.2602[0m
[dps_slam_node-1] [1;32m[DEBUG] Wall '19' BEFORE transform [livox_frame]: normal=(0.999474, -0.0324257, 0) distance=0.886626 azimuth_deg=-1.85818[0m
[dps_slam_node-1] [1;32m[DEBUG] Wall '19' AFTER transform [drone0/base_link]: normal=(0.999474, -0.0324257, 0) distance=0.886626 azimuth_deg=-1.85818[0m
[dps_slam_node-1] [1;32m[DEBUG] Wall '0' BEFORE transform [livox_frame]: normal=(0.0488254, 0.998807, 0) distance=1.79977 azimuth_deg=87.2014[0m
[dps_slam_node-1] [1;32m[DEBUG] Wall '0' AFTER transform [drone0/base_link]: normal=(0.0488254, 0.998807, 0) distance=1.79977 azimuth_deg=87.2014[0m
[dps_slam_node-1] [1;32m[DEBUG] Wall '1' BEFORE transform [livox_frame]: normal=(0.0383328, 0.999265, 0) distance=0.458816 azimuth_deg=87.8032[0m
[dps_slam_node-1] [1;32m[DEBUG] Wall '1' AFTER transform [drone0/base_link]: normal=(0.0383328, 0.999265, 0) distance=0.458816 azimuth_deg=87.8032[0m
[dps_slam_node-1] [1;32m[DEBUG] Wall '17' BEFORE transform [livox_frame]: normal=(-0.0501027, -0.998744, 0) distance=0.575518 azimuth_deg=-92.8719[0m
[dps_slam_node-1] [1;32m[DEBUG] Wall '17' AFTER transform [drone0/base_link]: normal=(-0.0501027, -0.998744, 0) distance=0.575518 azimuth_deg=-92.8719[0m
[dps_slam_node-1] [1;32m[DEBUG] Wall '16' BEFORE transform [livox_frame]: normal=(0.998251, -0.0591198, 0) distance=0.882068 azimuth_deg=-3.38929[0m
[dps_slam_node-1] [1;32m[DEBUG] Wall '16' AFTER transform [drone0/base_link]: normal=(0.998251, -0.0591198, 0) distance=0.882068 azimuth_deg=-3.38929[0m
[dps_slam_node-1] [1;32m[DEBUG] Wall '9' BEFORE transform [livox_frame]: normal=(0.0421925, 0.999109, 0) distance=0.461374 azimuth_deg=87.5818[0m
[dps_slam_node-1] [1;32m[DEBUG] Wall '9' AFTER transform [drone0/base_link]: normal=(0.0421925, 0.999109, 0) distance=0.461374 azimuth_deg=87.5818[0m
[dps_slam_node-1] [1;32m[DEBUG] Wall '14' BEFORE transform [livox_frame]: normal=(-0.999313, 0.0370596, 0) distance=0.321467 azimuth_deg=177.876[0m
[dps_slam_node-1] [1;32m[DEBUG] Wall '14' AFTER transform [drone0/base_link]: normal=(-0.999313, 0.0370596, 0) distance=0.321467 azimuth_deg=177.876[0m
[dps_slam_node-1] [1;32m[DEBUG] Wall '18' BEFORE transform [livox_frame]: normal=(-0.999037, 0.0438658, 0) distance=0.332717 azimuth_deg=177.486[0m
[dps_slam_node-1] [1;32m[DEBUG] Wall '18' AFTER transform [drone0/base_link]: normal=(-0.999037, 0.0438658, 0) distance=0.332717 azimuth_deg=177.486[0m
[dps_slam_node-1] [1;32m[DEBUG] Wall '0' BEFORE transform [livox_frame]: normal=(0.044685, 0.999001, 0) distance=1.80656 azimuth_deg=87.4389[0m
[dps_slam_node-1] [1;32m[DEBUG] Wall '0' AFTER transform [drone0/base_link]: normal=(0.044685, 0.999001, 0) distance=1.80656 azimuth_deg=87.4389[0m
[dps_slam_node-1] [1;32m[DEBUG] Wall '19' BEFORE transform [livox_frame]: normal=(0.999676, -0.0254645, 0) distance=0.897903 azimuth_deg=-1.45916[0m
[dps_slam_node-1] [1;32m[DEBUG] Wall '19' AFTER transform [drone0/base_link]: normal=(0.999676, -0.0254645, 0) distance=0.897903 azimuth_deg=-1.45916[0m
[dps_slam_node-1] [1;32m[DEBUG] Wall '16' BEFORE transform [livox_frame]: normal=(0.998308, -0.058145, 0) distance=0.887455 azimuth_deg=-3.33334[0m
[dps_slam_node-1] [1;32m[DEBUG] Wall '16' AFTER transform [drone0/base_link]: normal=(0.998308, -0.058145, 0) distance=0.887455 azimuth_deg=-3.33334[0m
[dps_slam_node-1] [1;32m[DEBUG] Wall '17' BEFORE transform [livox_frame]: normal=(-0.0346906, -0.999398, 0) distance=0.533258 azimuth_deg=-91.988[0m
[dps_slam_node-1] [1;32m[DEBUG] Wall '17' AFTER transform [drone0/base_link]: normal=(-0.0346906, -0.999398, 0) distance=0.533258 azimuth_deg=-91.988[0m
[dps_slam_node-1] [1;32m[DEBUG] Wall '1' BEFORE transform [livox_frame]: normal=(0.0348035, 0.999394, 0) distance=0.465043 azimuth_deg=88.0055[0m
[dps_slam_node-1] [1;32m[DEBUG] Wall '1' AFTER transform [drone0/base_link]: normal=(0.0348035, 0.999394, 0) distance=0.465043 azimuth_deg=88.0055[0m
[dps_slam_node-1] [1;32m[DEBUG] Wall '8' BEFORE transform [livox_frame]: normal=(-0.999742, 0.0227007, 0) distance=0.318104 azimuth_deg=178.699[0m
[dps_slam_node-1] [1;32m[DEBUG] Wall '8' AFTER transform [drone0/base_link]: normal=(-0.999742, 0.0227007, 0) distance=0.318104 azimuth_deg=178.699[0m
[dps_slam_node-1] [1;32m[DEBUG] Wall '18' BEFORE transform [livox_frame]: normal=(-0.99881, 0.048767, 0) distance=0.304306 azimuth_deg=177.205[0m
[dps_slam_node-1] [1;32m[DEBUG] Wall '18' AFTER transform [drone0/base_link]: normal=(-0.99881, 0.048767, 0) distance=0.304306 azimuth_deg=177.205[0m
[dps_slam_node-1] [1;32m[DEBUG] Wall '9' BEFORE transform [livox_frame]: normal=(0.036993, 0.999316, 0) distance=0.449985 azimuth_deg=87.88[0m
[dps_slam_node-1] [1;32m[DEBUG] Wall '9' AFTER transform [drone0/base_link]: normal=(0.036993, 0.999316, 0) distance=0.449985 azimuth_deg=87.88[0m
[dps_slam_node-1] [1;32m[DEBUG] Wall '13' BEFORE transform [livox_frame]: normal=(-0.0498374, -0.998757, 0) distance=0.524009 azimuth_deg=-92.8567[0m
[dps_slam_node-1] [1;32m[DEBUG] Wall '13' AFTER transform [drone0/base_link]: normal=(-0.0498374, -0.998757, 0) distance=0.524009 azimuth_deg=-92.8567[0m
[dps_slam_node-1] # Using CHOLMOD poseDim -1 landMarkDim -1 blockordering 1
[dps_slam_node-1] [1;32m[DEBUG] Wall '19' BEFORE transform [livox_frame]: normal=(0.9995, -0.031616, 0) distance=0.894994 azimuth_deg=-1.81177[0m
[dps_slam_node-1] [1;32m[DEBUG] Wall '19' AFTER transform [drone0/base_link]: normal=(0.9995, -0.031616, 0) distance=0.894994 azimuth_deg=-1.81177[0m
[dps_slam_node-1] [1;32m[DEBUG] Wall '16' BEFORE transform [livox_frame]: normal=(0.998515, -0.0544701, 0) distance=0.889559 azimuth_deg=-3.12245[0m
[dps_slam_node-1] [1;32m[DEBUG] Wall '16' AFTER transform [drone0/base_link]: normal=(0.998515, -0.0544701, 0) distance=0.889559 azimuth_deg=-3.12245[0m
[dps_slam_node-1] [1;32m[DEBUG] Wall '0' BEFORE transform [livox_frame]: normal=(0.0494732, 0.998775, 0) distance=1.80191 azimuth_deg=87.1642[0m
[dps_slam_node-1] [1;32m[DEBUG] Wall '0' AFTER transform [drone0/base_link]: normal=(0.0494732, 0.998775, 0) distance=1.80191 azimuth_deg=87.1642[0m
[dps_slam_node-1] [1;32m[DEBUG] Wall '17' BEFORE transform [livox_frame]: normal=(-0.029194, -0.999574, 0) distance=0.532373 azimuth_deg=-91.6729[0m
[dps_slam_node-1] [1;32m[DEBUG] Wall '17' AFTER transform [drone0/base_link]: normal=(-0.029194, -0.999574, 0) distance=0.532373 azimuth_deg=-91.6729[0m
[dps_slam_node-1] [1;32m[DEBUG] Wall '1' BEFORE transform [livox_frame]: normal=(0.0360836, 0.999349, 0) distance=0.459977 azimuth_deg=87.9321[0m
[dps_slam_node-1] [1;32m[DEBUG] Wall '1' AFTER transform [drone0/base_link]: normal=(0.0360836, 0.999349, 0) distance=0.459977 azimuth_deg=87.9321[0m
[dps_slam_node-1] [1;32m[DEBUG] Wall '8' BEFORE transform [livox_frame]: normal=(-0.999144, 0.0413573, 0) distance=0.31835 azimuth_deg=177.63[0m
[dps_slam_node-1] [1;32m[DEBUG] Wall '8' AFTER transform [drone0/base_link]: normal=(-0.999144, 0.0413573, 0) distance=0.31835 azimuth_deg=177.63[0m
[dps_slam_node-1] [1;32m[DEBUG] Wall '9' BEFORE transform [livox_frame]: normal=(0.0438821, 0.999037, 0) distance=0.460932 azimuth_deg=87.4849[0m
[dps_slam_node-1] [1;32m[DEBUG] Wall '9' AFTER transform [drone0/base_link]: normal=(0.0438821, 0.999037, 0) distance=0.460932 azimuth_deg=87.4849[0m
[dps_slam_node-1] [1;32m[DEBUG] Wall '18' BEFORE transform [livox_frame]: normal=(-0.998886, 0.0471905, 0) distance=0.311733 azimuth_deg=177.295[0m
[dps_slam_node-1] [1;32m[DEBUG] Wall '18' AFTER transform [drone0/base_link]: normal=(-0.998886, 0.0471905, 0) distance=0.311733 azimuth_deg=177.295[0m
[dps_slam_node-1] [1;32m[DEBUG] Wall '19' BEFORE transform [livox_frame]: normal=(0.999465, -0.0327022, 0) distance=0.894505 azimuth_deg=-1.87403[0m
[dps_slam_node-1] [1;32m[DEBUG] Wall '19' AFTER transform [drone0/base_link]: normal=(0.999465, -0.0327022, 0) distance=0.894505 azimuth_deg=-1.87403[0m
[dps_slam_node-1] [1;32m[DEBUG] Wall '0' BEFORE transform [livox_frame]: normal=(0.047361, 0.998878, 0) distance=1.80124 azimuth_deg=87.2854[0m
[dps_slam_node-1] [1;32m[DEBUG] Wall '0' AFTER transform [drone0/base_link]: normal=(0.047361, 0.998878, 0) distance=1.80124 azimuth_deg=87.2854[0m
[dps_slam_node-1] [1;32m[DEBUG] Wall '16' BEFORE transform [livox_frame]: normal=(0.998377, -0.0569591, 0) distance=0.88581 azimuth_deg=-3.26528[0m
[dps_slam_node-1] [1;32m[DEBUG] Wall '16' AFTER transform [drone0/base_link]: normal=(0.998377, -0.0569591, 0) distance=0.88581 azimuth_deg=-3.26528[0m
[dps_slam_node-1] [1;32m[DEBUG] Wall '1' BEFORE transform [livox_frame]: normal=(0.0358916, 0.999356, 0) distance=0.461075 azimuth_deg=87.9431[0m
[dps_slam_node-1] [1;32m[DEBUG] Wall '1' AFTER transform [drone0/base_link]: normal=(0.0358916, 0.999356, 0) distance=0.461075 azimuth_deg=87.9431[0m
[dps_slam_node-1] [1;32m[DEBUG] Wall '15' BEFORE transform [livox_frame]: normal=(-0.0363889, -0.999338, 0) distance=0.537243 azimuth_deg=-92.0854[0m
[dps_slam_node-1] [1;32m[DEBUG] Wall '15' AFTER transform [drone0/base_link]: normal=(-0.0363889, -0.999338, 0) distance=0.537243 azimuth_deg=-92.0854[0m
[dps_slam_node-1] [1;32m[DEBUG] Wall '13' BEFORE transform [livox_frame]: normal=(-0.0541413, -0.998533, 0) distance=0.515792 azimuth_deg=-93.1036[0m
[dps_slam_node-1] [1;32m[DEBUG] Wall '13' AFTER transform [drone0/base_link]: normal=(-0.0541413, -0.998533, 0) distance=0.515792 azimuth_deg=-93.1036[0m
[dps_slam_node-1] [1;32m[DEBUG] Wall '8' BEFORE transform [livox_frame]: normal=(-0.999696, 0.0246756, 0) distance=0.314533 azimuth_deg=178.586[0m
[dps_slam_node-1] [1;32m[DEBUG] Wall '8' AFTER transform [drone0/base_link]: normal=(-0.999696, 0.0246756, 0) distance=0.314533 azimuth_deg=178.586[0m
[dps_slam_node-1] [1;32m[DEBUG] Wall '9' BEFORE transform [livox_frame]: normal=(0.0468451, 0.998902, 0) distance=0.464138 azimuth_deg=87.315[0m
[dps_slam_node-1] [1;32m[DEBUG] Wall '9' AFTER transform [drone0/base_link]: normal=(0.0468451, 0.998902, 0) distance=0.464138 azimuth_deg=87.315[0m
[dps_slam_node-1] [1;32m[DEBUG] Wall '17' BEFORE transform [livox_frame]: normal=(-0.0694982, -0.997582, 0) distance=0.626016 azimuth_deg=-93.9852[0m
[dps_slam_node-1] [1;32m[DEBUG] Wall '17' AFTER transform [drone0/base_link]: normal=(-0.0694982, -0.997582, 0) distance=0.626016 azimuth_deg=-93.9852[0m
[dps_slam_node-1] [1;32m[DEBUG] Wall '0' BEFORE transform [livox_frame]: normal=(0.0187209, 0.999825, 0) distance=1.81791 azimuth_deg=88.9273[0m
[dps_slam_node-1] [1;32m[DEBUG] Wall '0' AFTER transform [drone0/base_link]: normal=(0.0187209, 0.999825, 0) distance=1.81791 azimuth_deg=88.9273[0m
[dps_slam_node-1] [1;32m[DEBUG] Wall '13' BEFORE transform [livox_frame]: normal=(-0.0210055, -0.999779, 0) distance=0.505808 azimuth_deg=-91.2036[0m
[dps_slam_node-1] [1;32m[DEBUG] Wall '13' AFTER transform [drone0/base_link]: normal=(-0.0210055, -0.999779, 0) distance=0.505808 azimuth_deg=-91.2036[0m
[dps_slam_node-1] [1;32m[DEBUG] Wall '17' BEFORE transform [livox_frame]: normal=(-0.0127279, -0.999919, 0) distance=0.519658 azimuth_deg=-90.7293[0m
[dps_slam_node-1] [1;32m[DEBUG] Wall '17' AFTER transform [drone0/base_link]: normal=(-0.0127279, -0.999919, 0) distance=0.519658 azimuth_deg=-90.7293[0m
[dps_slam_node-1] [1;32m[DEBUG] Wall '9' BEFORE transform [livox_frame]: normal=(0.0115334, 0.999933, 0) distance=0.480879 azimuth_deg=89.3392[0m
[dps_slam_node-1] [1;32m[DEBUG] Wall '9' AFTER transform [drone0/base_link]: normal=(0.0115334, 0.999933, 0) distance=0.480879 azimuth_deg=89.3392[0m
[dps_slam_node-1] [1;32m[DEBUG] Wall '19' BEFORE transform [livox_frame]: normal=(0.999934, -0.0115095, 0) distance=0.874317 azimuth_deg=-0.659458[0m
[dps_slam_node-1] [1;32m[DEBUG] Wall '19' AFTER transform [drone0/base_link]: normal=(0.999934, -0.0115095, 0) distance=0.874317 azimuth_deg=-0.659458[0m
[dps_slam_node-1] [1;32m[DEBUG] Wall '16' BEFORE transform [livox_frame]: normal=(0.999627, -0.0273106, 0) distance=0.875377 azimuth_deg=-1.56498[0m
[dps_slam_node-1] [1;32m[DEBUG] Wall '16' AFTER transform [drone0/base_link]: normal=(0.999627, -0.0273106, 0) distance=0.875377 azimuth_deg=-1.56498[0m
[dps_slam_node-1] [1;32m[DEBUG] Wall '8' BEFORE transform [livox_frame]: normal=(-0.999947, 0.0102668, 0) distance=0.306769 azimuth_deg=179.412[0m
[dps_slam_node-1] [1;32m[DEBUG] Wall '8' AFTER transform [drone0/base_link]: normal=(-0.999947, 0.0102668, 0) distance=0.306769 azimuth_deg=179.412[0m
