[INFO] [launch]: All log files can be found below /root/.ros/log/2026-06-16-23-35-02-349419-ubuntu-sword-57962
[INFO] [launch]: Default logging verbosity is set to INFO
[INFO] [dps_slam_node-1]: process started with pid [58063]
[dps_slam_node-1] [0m[INFO] [1781652902.422903309] [drone0.dps_slam_node]: Construct with name [semantic_slam][0m
[dps_slam_node-1] [0;36m[PARAMS] Forcing object type to: wall[0m
[dps_slam_node-1] [0;36m[PARAMS] Detection covariance by distance: false[0m
[dps_slam_node-1] [0;36m[PARAMS] Detection covariance by distance2: false[0m
[dps_slam_node-1] [0;36m[PARAMS] detection_covariance_factor_ = 0.1[0m
[dps_slam_node-1] [0;36m[PARAMS] detection_orientation_covariance_factor_ = 1[0m
[dps_slam_node-1] [0;36m[PARAMS] generate_orientation_cov_by_distance_ = false[0m
[dps_slam_node-1] [0;36m[PARAMS] distance_for_orientation_covariance_increment_ = 10[0m
[dps_slam_node-1] [0;36m[PARAMS] detection_orientation_covariance_large_factor_ = 100[0m
[dps_slam_node-1] [0;36m[PARAMS] Subscribed to Odometry topic: /odom[0m
[dps_slam_node-1] # Using CHOLMOD poseDim -1 landMarkDim -1 blockordering 1
[dps_slam_node-1] # Using CHOLMOD poseDim -1 landMarkDim -1 blockordering 1
[dps_slam_node-1] [1;32m[DEBUG] main_graph = 0x5de23e1fd5e0[0m
[dps_slam_node-1] [1;32m[DEBUG] temp_graph = 0x5de23e2d4c30[0m
[dps_slam_node-1] [0;36m[PARAMS] Absolute odometry[0m
[dps_slam_node-1] [0m[INFO] [1781652902.435766815] [drone0.dps_slam_node]: Earth to map: xyz=(0.000, 0.000, 0.000) rpy=(0.000, 0.000, 0.000)[0m
[dps_slam_node-1] [1;33m[WARN] odometry_is_relative not implemented yet[0m
[dps_slam_node-1] [1;33m[WARN] map_odom_security_threshold not implemented yet[0m
[dps_slam_node-1] [0;36m[PARAMS] main_graph_odometry_distance_threshold_ = 0[0m
[dps_slam_node-1] [0;36m[PARAMS] temp_graph_odometry_distance_threshold_ = 0.5[0m
[dps_slam_node-1] [0;36m[PARAMS] main_graph_odometry_distance_threshold_if_detections_ = 2[0m
[dps_slam_node-1] [0;36m[PARAMS] map_odom_transform_alpha_ = 1[0m
[dps_slam_node-1] [0;36m[PARAMS] calculate_odom_covariance_ = true[0m
[dps_slam_node-1] [0;36m[PARAMS] use_dual_graph_ = true[0m
[dps_slam_node-1] [0;31m[ERROR] [Main Graph] GRAPH RETURNED A NAN BEFORE OPTIMIZATION
[dps_slam_node-1] 	  at line 165 in function optimizeGraph[0m
[dps_slam_node-1] [0;31m[ERROR] [Main Graph] GRAPH RETURNED A NAN BEFORE OPTIMIZATION
[dps_slam_node-1] 	  at line 165 in function optimizeGraph[0m
[dps_slam_node-1] [1;32m[DEBUG] Wall '0' BEFORE transform [livox_frame]: normal=(0.0667322, 0.997771, 0) distance=1.82904 azimuth_deg=86.1737[0m
[dps_slam_node-1] [1;32m[DEBUG] Wall '0' AFTER transform [drone0/base_link]: normal=(0.0667322, 0.997771, 0) distance=1.82904 azimuth_deg=86.1737[0m
[dps_slam_node-1] [1;32m[DEBUG] Wall '1' BEFORE transform [livox_frame]: normal=(0.0574297, 0.99835, 0) distance=0.507765 azimuth_deg=86.7077[0m
[dps_slam_node-1] [1;32m[DEBUG] Wall '1' AFTER transform [drone0/base_link]: normal=(0.0574297, 0.99835, 0) distance=0.507765 azimuth_deg=86.7077[0m
[dps_slam_node-1] [1;32m[DEBUG] Wall '2' BEFORE transform [livox_frame]: normal=(-0.0531066, -0.998589, 0) distance=0.487662 azimuth_deg=-93.0442[0m
[dps_slam_node-1] [1;32m[DEBUG] Wall '2' AFTER transform [drone0/base_link]: normal=(-0.0531066, -0.998589, 0) distance=0.487662 azimuth_deg=-93.0442[0m
[dps_slam_node-1] [1;32m[DEBUG] Wall '3' BEFORE transform [livox_frame]: normal=(0.996727, -0.0808403, 0) distance=0.916413 azimuth_deg=-4.63687[0m
[dps_slam_node-1] [1;32m[DEBUG] Wall '3' AFTER transform [drone0/base_link]: normal=(0.996727, -0.0808403, 0) distance=0.916413 azimuth_deg=-4.63687[0m
[dps_slam_node-1] [1;32m[DEBUG] Wall '4' BEFORE transform [livox_frame]: normal=(0.0682031, 0.997671, 0) distance=0.490457 azimuth_deg=86.0892[0m
[dps_slam_node-1] [1;32m[DEBUG] Wall '4' AFTER transform [drone0/base_link]: normal=(0.0682031, 0.997671, 0) distance=0.490457 azimuth_deg=86.0892[0m
[dps_slam_node-1] # Using CHOLMOD poseDim -1 landMarkDim -1 blockordering 1
[dps_slam_node-1] [1;32m[DEBUG] Wall '0' BEFORE transform [livox_frame]: normal=(0.0696291, 0.997573, 0) distance=1.83306 azimuth_deg=86.0073[0m
[dps_slam_node-1] [1;32m[DEBUG] Wall '0' AFTER transform [drone0/base_link]: normal=(0.0696291, 0.997573, 0) distance=1.83306 azimuth_deg=86.0073[0m
[dps_slam_node-1] [1;32m[DEBUG] Wall '3' BEFORE transform [livox_frame]: normal=(0.996312, -0.0858055, 0) distance=0.920746 azimuth_deg=-4.92234[0m
[dps_slam_node-1] [1;32m[DEBUG] Wall '3' AFTER transform [drone0/base_link]: normal=(0.996312, -0.0858055, 0) distance=0.920746 azimuth_deg=-4.92234[0m
[dps_slam_node-1] [1;32m[DEBUG] Wall '1' BEFORE transform [livox_frame]: normal=(0.0624294, 0.998049, 0) distance=0.49945 azimuth_deg=86.4207[0m
[dps_slam_node-1] [1;32m[DEBUG] Wall '1' AFTER transform [drone0/base_link]: normal=(0.0624294, 0.998049, 0) distance=0.49945 azimuth_deg=86.4207[0m
[dps_slam_node-1] [1;32m[DEBUG] Wall '2' BEFORE transform [livox_frame]: normal=(-0.0562366, -0.998417, 0) distance=0.487244 azimuth_deg=-93.2238[0m
[dps_slam_node-1] [1;32m[DEBUG] Wall '2' AFTER transform [drone0/base_link]: normal=(-0.0562366, -0.998417, 0) distance=0.487244 azimuth_deg=-93.2238[0m
[dps_slam_node-1] [1;32m[DEBUG] Wall '4' BEFORE transform [livox_frame]: normal=(0.073838, 0.99727, 0) distance=0.500275 azimuth_deg=85.7655[0m
[dps_slam_node-1] [1;32m[DEBUG] Wall '4' AFTER transform [drone0/base_link]: normal=(0.073838, 0.99727, 0) distance=0.500275 azimuth_deg=85.7655[0m
[dps_slam_node-1] [1;32m[DEBUG] Wall '5' BEFORE transform [livox_frame]: normal=(-0.996087, 0.0883728, 0) distance=0.271813 azimuth_deg=174.93[0m
[dps_slam_node-1] [1;32m[DEBUG] Wall '5' AFTER transform [drone0/base_link]: normal=(-0.996087, 0.0883728, 0) distance=0.271813 azimuth_deg=174.93[0m
[dps_slam_node-1] [1;32m[DEBUG] Wall '8' BEFORE transform [livox_frame]: normal=(0.998061, -0.0622436, 0) distance=0.889525 azimuth_deg=-3.5686[0m
[dps_slam_node-1] [1;32m[DEBUG] Wall '8' AFTER transform [drone0/base_link]: normal=(0.998061, -0.0622436, 0) distance=0.889525 azimuth_deg=-3.5686[0m
[dps_slam_node-1] [1;32m[DEBUG] Wall '14' BEFORE transform [livox_frame]: normal=(-0.997762, 0.0668669, 0) distance=0.323842 azimuth_deg=176.166[0m
[dps_slam_node-1] [1;32m[DEBUG] Wall '14' AFTER transform [drone0/base_link]: normal=(-0.997762, 0.0668669, 0) distance=0.323842 azimuth_deg=176.166[0m
[dps_slam_node-1] [1;32m[DEBUG] Wall '0' BEFORE transform [livox_frame]: normal=(0.0740016, 0.997258, 0) distance=1.83153 azimuth_deg=85.7561[0m
[dps_slam_node-1] [1;32m[DEBUG] Wall '0' AFTER transform [drone0/base_link]: normal=(0.0740016, 0.997258, 0) distance=1.83153 azimuth_deg=85.7561[0m
[dps_slam_node-1] [1;32m[DEBUG] Wall '3' BEFORE transform [livox_frame]: normal=(0.996395, -0.0848329, 0) distance=0.878875 azimuth_deg=-4.86642[0m
[dps_slam_node-1] [1;32m[DEBUG] Wall '3' AFTER transform [drone0/base_link]: normal=(0.996395, -0.0848329, 0) distance=0.878875 azimuth_deg=-4.86642[0m
[dps_slam_node-1] [1;32m[DEBUG] Wall '1' BEFORE transform [livox_frame]: normal=(0.0678146, 0.997698, 0) distance=0.500515 azimuth_deg=86.1115[0m
[dps_slam_node-1] [1;32m[DEBUG] Wall '1' AFTER transform [drone0/base_link]: normal=(0.0678146, 0.997698, 0) distance=0.500515 azimuth_deg=86.1115[0m
[dps_slam_node-1] [1;32m[DEBUG] Wall '10' BEFORE transform [livox_frame]: normal=(-0.998756, 0.0498705, 0) distance=0.332088 azimuth_deg=177.141[0m
[dps_slam_node-1] [1;32m[DEBUG] Wall '10' AFTER transform [drone0/base_link]: normal=(-0.998756, 0.0498705, 0) distance=0.332088 azimuth_deg=177.141[0m
[dps_slam_node-1] [1;32m[DEBUG] Wall '2' BEFORE transform [livox_frame]: normal=(-0.0586216, -0.99828, 0) distance=0.486132 azimuth_deg=-93.3607[0m
[dps_slam_node-1] [1;32m[DEBUG] Wall '2' AFTER transform [drone0/base_link]: normal=(-0.0586216, -0.99828, 0) distance=0.486132 azimuth_deg=-93.3607[0m
[dps_slam_node-1] [1;32m[DEBUG] Wall '13' BEFORE transform [livox_frame]: normal=(-0.0836676, -0.996494, 0) distance=0.478929 azimuth_deg=-94.7994[0m
[dps_slam_node-1] [1;32m[DEBUG] Wall '13' AFTER transform [drone0/base_link]: normal=(-0.0836676, -0.996494, 0) distance=0.478929 azimuth_deg=-94.7994[0m
[dps_slam_node-1] [1;32m[DEBUG] Wall '9' BEFORE transform [livox_frame]: normal=(0.0736091, 0.997287, 0) distance=0.497691 azimuth_deg=85.7787[0m
[dps_slam_node-1] [1;32m[DEBUG] Wall '9' AFTER transform [drone0/base_link]: normal=(0.0736091, 0.997287, 0) distance=0.497691 azimuth_deg=85.7787[0m
[dps_slam_node-1] [1;32m[DEBUG] Wall '0' BEFORE transform [livox_frame]: normal=(0.0346211, 0.999401, 0) distance=1.8049 azimuth_deg=88.016[0m
[dps_slam_node-1] [1;32m[DEBUG] Wall '0' AFTER transform [drone0/base_link]: normal=(0.0346211, 0.999401, 0) distance=1.8049 azimuth_deg=88.016[0m
[dps_slam_node-1] [1;32m[DEBUG] Wall '3' BEFORE transform [livox_frame]: normal=(0.9992, -0.0399944, 0) distance=0.869039 azimuth_deg=-2.29212[0m
[dps_slam_node-1] [1;32m[DEBUG] Wall '3' AFTER transform [drone0/base_link]: normal=(0.9992, -0.0399944, 0) distance=0.869039 azimuth_deg=-2.29212[0m
[dps_slam_node-1] [1;32m[DEBUG] Wall '8' BEFORE transform [livox_frame]: normal=(0.999794, -0.0203136, 0) distance=0.872794 azimuth_deg=-1.16396[0m
[dps_slam_node-1] [1;32m[DEBUG] Wall '8' AFTER transform [drone0/base_link]: normal=(0.999794, -0.0203136, 0) distance=0.872794 azimuth_deg=-1.16396[0m
[dps_slam_node-1] [1;32m[DEBUG] Wall '10' BEFORE transform [livox_frame]: normal=(-0.999186, 0.0403487, 0) distance=0.316563 azimuth_deg=177.688[0m
[dps_slam_node-1] [1;32m[DEBUG] Wall '10' AFTER transform [drone0/base_link]: normal=(-0.999186, 0.0403487, 0) distance=0.316563 azimuth_deg=177.688[0m
[dps_slam_node-1] [1;32m[DEBUG] Wall '17' BEFORE transform [livox_frame]: normal=(-0.0238825, -0.999715, 0) distance=0.534525 azimuth_deg=-91.3685[0m
[dps_slam_node-1] [1;32m[DEBUG] Wall '17' AFTER transform [drone0/base_link]: normal=(-0.0238825, -0.999715, 0) distance=0.534525 azimuth_deg=-91.3685[0m
[dps_slam_node-1] [1;32m[DEBUG] Wall '1' BEFORE transform [livox_frame]: normal=(0.0252419, 0.999681, 0) distance=0.462153 azimuth_deg=88.5536[0m
[dps_slam_node-1] [1;32m[DEBUG] Wall '1' AFTER transform [drone0/base_link]: normal=(0.0252419, 0.999681, 0) distance=0.462153 azimuth_deg=88.5536[0m
[dps_slam_node-1] [1;32m[DEBUG] Wall '9' BEFORE transform [livox_frame]: normal=(0.0270993, 0.999633, 0) distance=0.463788 azimuth_deg=88.4471[0m
[dps_slam_node-1] [1;32m[DEBUG] Wall '9' AFTER transform [drone0/base_link]: normal=(0.0270993, 0.999633, 0) distance=0.463788 azimuth_deg=88.4471[0m
[dps_slam_node-1] [1;32m[DEBUG] Wall '14' BEFORE transform [livox_frame]: normal=(-0.999865, 0.0164272, 0) distance=0.341045 azimuth_deg=179.059[0m
[dps_slam_node-1] [1;32m[DEBUG] Wall '14' AFTER transform [drone0/base_link]: normal=(-0.999865, 0.0164272, 0) distance=0.341045 azimuth_deg=179.059[0m
[dps_slam_node-1] [1;32m[DEBUG] Wall '13' BEFORE transform [livox_frame]: normal=(-0.039438, -0.999222, 0) distance=0.508723 azimuth_deg=-92.2602[0m
[dps_slam_node-1] [1;32m[DEBUG] Wall '13' AFTER transform [drone0/base_link]: normal=(-0.039438, -0.999222, 0) distance=0.508723 azimuth_deg=-92.2602[0m
[dps_slam_node-1] [1;32m[DEBUG] Wall '8' BEFORE transform [livox_frame]: normal=(0.999474, -0.0324257, 0) distance=0.886626 azimuth_deg=-1.85818[0m
[dps_slam_node-1] [1;32m[DEBUG] Wall '8' AFTER transform [drone0/base_link]: normal=(0.999474, -0.0324257, 0) distance=0.886626 azimuth_deg=-1.85818[0m
[dps_slam_node-1] [1;32m[DEBUG] Wall '0' BEFORE transform [livox_frame]: normal=(0.0488254, 0.998807, 0) distance=1.79977 azimuth_deg=87.2014[0m
[dps_slam_node-1] [1;32m[DEBUG] Wall '0' AFTER transform [drone0/base_link]: normal=(0.0488254, 0.998807, 0) distance=1.79977 azimuth_deg=87.2014[0m
[dps_slam_node-1] [1;32m[DEBUG] Wall '1' BEFORE transform [livox_frame]: normal=(0.0383328, 0.999265, 0) distance=0.458816 azimuth_deg=87.8032[0m
[dps_slam_node-1] [1;32m[DEBUG] Wall '1' AFTER transform [drone0/base_link]: normal=(0.0383328, 0.999265, 0) distance=0.458816 azimuth_deg=87.8032[0m
[dps_slam_node-1] [1;32m[DEBUG] Wall '17' BEFORE transform [livox_frame]: normal=(-0.0501027, -0.998744, 0) distance=0.575518 azimuth_deg=-92.8719[0m
[dps_slam_node-1] [1;32m[DEBUG] Wall '17' AFTER transform [drone0/base_link]: normal=(-0.0501027, -0.998744, 0) distance=0.575518 azimuth_deg=-92.8719[0m
[dps_slam_node-1] [1;32m[DEBUG] Wall '3' BEFORE transform [livox_frame]: normal=(0.998251, -0.0591198, 0) distance=0.882068 azimuth_deg=-3.38929[0m
[dps_slam_node-1] [1;32m[DEBUG] Wall '3' AFTER transform [drone0/base_link]: normal=(0.998251, -0.0591198, 0) distance=0.882068 azimuth_deg=-3.38929[0m
[dps_slam_node-1] [1;32m[DEBUG] Wall '9' BEFORE transform [livox_frame]: normal=(0.0421925, 0.999109, 0) distance=0.461374 azimuth_deg=87.5818[0m
[dps_slam_node-1] [1;32m[DEBUG] Wall '9' AFTER transform [drone0/base_link]: normal=(0.0421925, 0.999109, 0) distance=0.461374 azimuth_deg=87.5818[0m
[dps_slam_node-1] [1;32m[DEBUG] Wall '14' BEFORE transform [livox_frame]: normal=(-0.999313, 0.0370596, 0) distance=0.321467 azimuth_deg=177.876[0m
[dps_slam_node-1] [1;32m[DEBUG] Wall '14' AFTER transform [drone0/base_link]: normal=(-0.999313, 0.0370596, 0) distance=0.321467 azimuth_deg=177.876[0m
[dps_slam_node-1] [1;32m[DEBUG] Wall '10' BEFORE transform [livox_frame]: normal=(-0.999037, 0.0438658, 0) distance=0.332717 azimuth_deg=177.486[0m
[dps_slam_node-1] [1;32m[DEBUG] Wall '10' AFTER transform [drone0/base_link]: normal=(-0.999037, 0.0438658, 0) distance=0.332717 azimuth_deg=177.486[0m
[dps_slam_node-1] [1;32m[DEBUG] Wall '0' BEFORE transform [livox_frame]: normal=(0.044685, 0.999001, 0) distance=1.80656 azimuth_deg=87.4389[0m
[dps_slam_node-1] [1;32m[DEBUG] Wall '0' AFTER transform [drone0/base_link]: normal=(0.044685, 0.999001, 0) distance=1.80656 azimuth_deg=87.4389[0m
[dps_slam_node-1] [1;32m[DEBUG] Wall '8' BEFORE transform [livox_frame]: normal=(0.999676, -0.0254645, 0) distance=0.897903 azimuth_deg=-1.45916[0m
[dps_slam_node-1] [1;32m[DEBUG] Wall '8' AFTER transform [drone0/base_link]: normal=(0.999676, -0.0254645, 0) distance=0.897903 azimuth_deg=-1.45916[0m
[dps_slam_node-1] [1;32m[DEBUG] Wall '3' BEFORE transform [livox_frame]: normal=(0.998308, -0.058145, 0) distance=0.887455 azimuth_deg=-3.33334[0m
[dps_slam_node-1] [1;32m[DEBUG] Wall '3' AFTER transform [drone0/base_link]: normal=(0.998308, -0.058145, 0) distance=0.887455 azimuth_deg=-3.33334[0m
[dps_slam_node-1] [1;32m[DEBUG] Wall '17' BEFORE transform [livox_frame]: normal=(-0.0346906, -0.999398, 0) distance=0.533258 azimuth_deg=-91.988[0m
[dps_slam_node-1] [1;32m[DEBUG] Wall '17' AFTER transform [drone0/base_link]: normal=(-0.0346906, -0.999398, 0) distance=0.533258 azimuth_deg=-91.988[0m
[dps_slam_node-1] [1;32m[DEBUG] Wall '1' BEFORE transform [livox_frame]: normal=(0.0348035, 0.999394, 0) distance=0.465043 azimuth_deg=88.0055[0m
[dps_slam_node-1] [1;32m[DEBUG] Wall '1' AFTER transform [drone0/base_link]: normal=(0.0348035, 0.999394, 0) distance=0.465043 azimuth_deg=88.0055[0m
[dps_slam_node-1] [1;32m[DEBUG] Wall '14' BEFORE transform [livox_frame]: normal=(-0.999742, 0.0227007, 0) distance=0.318104 azimuth_deg=178.699[0m
[dps_slam_node-1] [1;32m[DEBUG] Wall '14' AFTER transform [drone0/base_link]: normal=(-0.999742, 0.0227007, 0) distance=0.318104 azimuth_deg=178.699[0m
[dps_slam_node-1] [1;32m[DEBUG] Wall '10' BEFORE transform [livox_frame]: normal=(-0.99881, 0.048767, 0) distance=0.304306 azimuth_deg=177.205[0m
[dps_slam_node-1] [1;32m[DEBUG] Wall '10' AFTER transform [drone0/base_link]: normal=(-0.99881, 0.048767, 0) distance=0.304306 azimuth_deg=177.205[0m
[dps_slam_node-1] [1;32m[DEBUG] Wall '9' BEFORE transform [livox_frame]: normal=(0.036993, 0.999316, 0) distance=0.449985 azimuth_deg=87.88[0m
[dps_slam_node-1] [1;32m[DEBUG] Wall '9' AFTER transform [drone0/base_link]: normal=(0.036993, 0.999316, 0) distance=0.449985 azimuth_deg=87.88[0m
[dps_slam_node-1] [1;32m[DEBUG] Wall '13' BEFORE transform [livox_frame]: normal=(-0.0498374, -0.998757, 0) distance=0.524009 azimuth_deg=-92.8567[0m
[dps_slam_node-1] [1;32m[DEBUG] Wall '13' AFTER transform [drone0/base_link]: normal=(-0.0498374, -0.998757, 0) distance=0.524009 azimuth_deg=-92.8567[0m
[dps_slam_node-1] # Using CHOLMOD poseDim -1 landMarkDim -1 blockordering 1
[dps_slam_node-1] [1;32m[DEBUG] Wall '8' BEFORE transform [livox_frame]: normal=(0.9995, -0.031616, 0) distance=0.894994 azimuth_deg=-1.81177[0m
[dps_slam_node-1] [1;32m[DEBUG] Wall '8' AFTER transform [drone0/base_link]: normal=(0.9995, -0.031616, 0) distance=0.894994 azimuth_deg=-1.81177[0m
[dps_slam_node-1] [1;32m[DEBUG] Wall '3' BEFORE transform [livox_frame]: normal=(0.998515, -0.0544701, 0) distance=0.889559 azimuth_deg=-3.12245[0m
[dps_slam_node-1] [1;32m[DEBUG] Wall '3' AFTER transform [drone0/base_link]: normal=(0.998515, -0.0544701, 0) distance=0.889559 azimuth_deg=-3.12245[0m
[dps_slam_node-1] [1;32m[DEBUG] Wall '0' BEFORE transform [livox_frame]: normal=(0.0494732, 0.998775, 0) distance=1.80191 azimuth_deg=87.1642[0m
[dps_slam_node-1] [1;32m[DEBUG] Wall '0' AFTER transform [drone0/base_link]: normal=(0.0494732, 0.998775, 0) distance=1.80191 azimuth_deg=87.1642[0m
[dps_slam_node-1] [1;32m[DEBUG] Wall '17' BEFORE transform [livox_frame]: normal=(-0.029194, -0.999574, 0) distance=0.532373 azimuth_deg=-91.6729[0m
[dps_slam_node-1] [1;32m[DEBUG] Wall '17' AFTER transform [drone0/base_link]: normal=(-0.029194, -0.999574, 0) distance=0.532373 azimuth_deg=-91.6729[0m
[dps_slam_node-1] [1;32m[DEBUG] Wall '1' BEFORE transform [livox_frame]: normal=(0.0360836, 0.999349, 0) distance=0.459977 azimuth_deg=87.9321[0m
[dps_slam_node-1] [1;32m[DEBUG] Wall '1' AFTER transform [drone0/base_link]: normal=(0.0360836, 0.999349, 0) distance=0.459977 azimuth_deg=87.9321[0m
[dps_slam_node-1] [1;32m[DEBUG] Wall '14' BEFORE transform [livox_frame]: normal=(-0.999144, 0.0413573, 0) distance=0.31835 azimuth_deg=177.63[0m
[dps_slam_node-1] [1;32m[DEBUG] Wall '14' AFTER transform [drone0/base_link]: normal=(-0.999144, 0.0413573, 0) distance=0.31835 azimuth_deg=177.63[0m
[dps_slam_node-1] [1;32m[DEBUG] Wall '9' BEFORE transform [livox_frame]: normal=(0.0438821, 0.999037, 0) distance=0.460932 azimuth_deg=87.4849[0m
[dps_slam_node-1] [1;32m[DEBUG] Wall '9' AFTER transform [drone0/base_link]: normal=(0.0438821, 0.999037, 0) distance=0.460932 azimuth_deg=87.4849[0m
[dps_slam_node-1] [1;32m[DEBUG] Wall '10' BEFORE transform [livox_frame]: normal=(-0.998886, 0.0471905, 0) distance=0.311733 azimuth_deg=177.295[0m
[dps_slam_node-1] [1;32m[DEBUG] Wall '10' AFTER transform [drone0/base_link]: normal=(-0.998886, 0.0471905, 0) distance=0.311733 azimuth_deg=177.295[0m
[dps_slam_node-1] [1;32m[DEBUG] Wall '8' BEFORE transform [livox_frame]: normal=(0.999465, -0.0327022, 0) distance=0.894505 azimuth_deg=-1.87403[0m
[dps_slam_node-1] [1;32m[DEBUG] Wall '8' AFTER transform [drone0/base_link]: normal=(0.999465, -0.0327022, 0) distance=0.894505 azimuth_deg=-1.87403[0m
[dps_slam_node-1] [1;32m[DEBUG] Wall '0' BEFORE transform [livox_frame]: normal=(0.047361, 0.998878, 0) distance=1.80124 azimuth_deg=87.2854[0m
[dps_slam_node-1] [1;32m[DEBUG] Wall '0' AFTER transform [drone0/base_link]: normal=(0.047361, 0.998878, 0) distance=1.80124 azimuth_deg=87.2854[0m
[dps_slam_node-1] [1;32m[DEBUG] Wall '3' BEFORE transform [livox_frame]: normal=(0.998377, -0.0569591, 0) distance=0.88581 azimuth_deg=-3.26528[0m
[dps_slam_node-1] [1;32m[DEBUG] Wall '3' AFTER transform [drone0/base_link]: normal=(0.998377, -0.0569591, 0) distance=0.88581 azimuth_deg=-3.26528[0m
[dps_slam_node-1] [1;32m[DEBUG] Wall '1' BEFORE transform [livox_frame]: normal=(0.0358916, 0.999356, 0) distance=0.461075 azimuth_deg=87.9431[0m
[dps_slam_node-1] [1;32m[DEBUG] Wall '1' AFTER transform [drone0/base_link]: normal=(0.0358916, 0.999356, 0) distance=0.461075 azimuth_deg=87.9431[0m
[dps_slam_node-1] [1;32m[DEBUG] Wall '17' BEFORE transform [livox_frame]: normal=(-0.0363889, -0.999338, 0) distance=0.537243 azimuth_deg=-92.0854[0m
[dps_slam_node-1] [1;32m[DEBUG] Wall '17' AFTER transform [drone0/base_link]: normal=(-0.0363889, -0.999338, 0) distance=0.537243 azimuth_deg=-92.0854[0m
[dps_slam_node-1] [1;32m[DEBUG] Wall '13' BEFORE transform [livox_frame]: normal=(-0.0541413, -0.998533, 0) distance=0.515792 azimuth_deg=-93.1036[0m
[dps_slam_node-1] [1;32m[DEBUG] Wall '13' AFTER transform [drone0/base_link]: normal=(-0.0541413, -0.998533, 0) distance=0.515792 azimuth_deg=-93.1036[0m
[dps_slam_node-1] [1;32m[DEBUG] Wall '14' BEFORE transform [livox_frame]: normal=(-0.999696, 0.0246756, 0) distance=0.314533 azimuth_deg=178.586[0m
[dps_slam_node-1] [1;32m[DEBUG] Wall '14' AFTER transform [drone0/base_link]: normal=(-0.999696, 0.0246756, 0) distance=0.314533 azimuth_deg=178.586[0m
[dps_slam_node-1] [1;32m[DEBUG] Wall '9' BEFORE transform [livox_frame]: normal=(0.0468451, 0.998902, 0) distance=0.464138 azimuth_deg=87.315[0m
[dps_slam_node-1] [1;32m[DEBUG] Wall '9' AFTER transform [drone0/base_link]: normal=(0.0468451, 0.998902, 0) distance=0.464138 azimuth_deg=87.315[0m
[dps_slam_node-1] [1;32m[DEBUG] Wall '15' BEFORE transform [livox_frame]: normal=(-0.0694982, -0.997582, 0) distance=0.626016 azimuth_deg=-93.9852[0m
[dps_slam_node-1] [1;32m[DEBUG] Wall '15' AFTER transform [drone0/base_link]: normal=(-0.0694982, -0.997582, 0) distance=0.626016 azimuth_deg=-93.9852[0m
[dps_slam_node-1] [1;32m[DEBUG] Wall '0' BEFORE transform [livox_frame]: normal=(0.0187209, 0.999825, 0) distance=1.81791 azimuth_deg=88.9273[0m
[dps_slam_node-1] [1;32m[DEBUG] Wall '0' AFTER transform [drone0/base_link]: normal=(0.0187209, 0.999825, 0) distance=1.81791 azimuth_deg=88.9273[0m
[dps_slam_node-1] [1;32m[DEBUG] Wall '13' BEFORE transform [livox_frame]: normal=(-0.0210055, -0.999779, 0) distance=0.505808 azimuth_deg=-91.2036[0m
[dps_slam_node-1] [1;32m[DEBUG] Wall '13' AFTER transform [drone0/base_link]: normal=(-0.0210055, -0.999779, 0) distance=0.505808 azimuth_deg=-91.2036[0m
[dps_slam_node-1] [1;32m[DEBUG] Wall '17' BEFORE transform [livox_frame]: normal=(-0.0127279, -0.999919, 0) distance=0.519658 azimuth_deg=-90.7293[0m
[dps_slam_node-1] [1;32m[DEBUG] Wall '17' AFTER transform [drone0/base_link]: normal=(-0.0127279, -0.999919, 0) distance=0.519658 azimuth_deg=-90.7293[0m
[dps_slam_node-1] [1;32m[DEBUG] Wall '1' BEFORE transform [livox_frame]: normal=(0.0115334, 0.999933, 0) distance=0.480879 azimuth_deg=89.3392[0m
[dps_slam_node-1] [1;32m[DEBUG] Wall '1' AFTER transform [drone0/base_link]: normal=(0.0115334, 0.999933, 0) distance=0.480879 azimuth_deg=89.3392[0m
[dps_slam_node-1] [1;32m[DEBUG] Wall '8' BEFORE transform [livox_frame]: normal=(0.999934, -0.0115095, 0) distance=0.874317 azimuth_deg=-0.659458[0m
[dps_slam_node-1] [1;32m[DEBUG] Wall '8' AFTER transform [drone0/base_link]: normal=(0.999934, -0.0115095, 0) distance=0.874317 azimuth_deg=-0.659458[0m
[dps_slam_node-1] [1;32m[DEBUG] Wall '3' BEFORE transform [livox_frame]: normal=(0.999627, -0.0273106, 0) distance=0.875377 azimuth_deg=-1.56498[0m
[dps_slam_node-1] [1;32m[DEBUG] Wall '3' AFTER transform [drone0/base_link]: normal=(0.999627, -0.0273106, 0) distance=0.875377 azimuth_deg=-1.56498[0m
[dps_slam_node-1] [1;32m[DEBUG] Wall '14' BEFORE transform [livox_frame]: normal=(-0.999947, 0.0102668, 0) distance=0.306769 azimuth_deg=179.412[0m
[dps_slam_node-1] [1;32m[DEBUG] Wall '14' AFTER transform [drone0/base_link]: normal=(-0.999947, 0.0102668, 0) distance=0.306769 azimuth_deg=179.412[0m
[dps_slam_node-1] [1;32m[DEBUG] Wall '0' BEFORE transform [livox_frame]: normal=(-0.0106353, 0.999943, 0) distance=1.90962 azimuth_deg=90.6094[0m
[dps_slam_node-1] [1;32m[DEBUG] Wall '0' AFTER transform [drone0/base_link]: normal=(-0.0106353, 0.999943, 0) distance=1.90962 azimuth_deg=90.6094[0m
[dps_slam_node-1] [1;32m[DEBUG] Wall '18' BEFORE transform [livox_frame]: normal=(-0.999773, -0.0213131, 0) distance=0.618307 azimuth_deg=-178.779[0m
[dps_slam_node-1] [1;32m[DEBUG] Wall '18' AFTER transform [drone0/base_link]: normal=(-0.999773, -0.0213131, 0) distance=0.618307 azimuth_deg=-178.779[0m
[dps_slam_node-1] [1;32m[DEBUG] Wall '19' BEFORE transform [livox_frame]: normal=(0.999988, -0.00487928, 0) distance=0.515963 azimuth_deg=-0.279563[0m
[dps_slam_node-1] [1;32m[DEBUG] Wall '19' AFTER transform [drone0/base_link]: normal=(0.999988, -0.00487928, 0) distance=0.515963 azimuth_deg=-0.279563[0m
[dps_slam_node-1] [1;32m[DEBUG] Wall '8' BEFORE transform [livox_frame]: normal=(0.999831, 0.0183686, 0) distance=0.577813 azimuth_deg=1.0525[0m
[dps_slam_node-1] [1;32m[DEBUG] Wall '8' AFTER transform [drone0/base_link]: normal=(0.999831, 0.0183686, 0) distance=0.577813 azimuth_deg=1.0525[0m
[dps_slam_node-1] [1;32m[DEBUG] Wall '1' BEFORE transform [livox_frame]: normal=(-0.00577654, 0.999983, 0) distance=0.613097 azimuth_deg=90.331[0m
[dps_slam_node-1] [1;32m[DEBUG] Wall '1' AFTER transform [drone0/base_link]: normal=(-0.00577654, 0.999983, 0) distance=0.613097 azimuth_deg=90.331[0m
[dps_slam_node-1] [1;32m[DEBUG] Wall '17' BEFORE transform [livox_frame]: normal=(0.0119636, -0.999928, 0) distance=0.38922 azimuth_deg=-89.3145[0m
[dps_slam_node-1] [1;32m[DEBUG] Wall '17' AFTER transform [drone0/base_link]: normal=(0.0119636, -0.999928, 0) distance=0.38922 azimuth_deg=-89.3145[0m
[dps_slam_node-1] [1;32m[DEBUG] Wall '9' BEFORE transform [livox_frame]: normal=(-0.00893991, 0.99996, 0) distance=0.542103 azimuth_deg=90.5122[0m
[dps_slam_node-1] [1;32m[DEBUG] Wall '9' AFTER transform [drone0/base_link]: normal=(-0.00893991, 0.99996, 0) distance=0.542103 azimuth_deg=90.5122[0m
[dps_slam_node-1] [1;32m[DEBUG] Wall '10' BEFORE transform [livox_frame]: normal=(-0.997115, -0.07591, 0) distance=0.77185 azimuth_deg=-175.646[0m
[dps_slam_node-1] [1;32m[DEBUG] Wall '10' AFTER transform [drone0/base_link]: normal=(-0.997115, -0.07591, 0) distance=0.77185 azimuth_deg=-175.646[0m
[dps_slam_node-1] [1;32m[DEBUG] Wall '13' BEFORE transform [livox_frame]: normal=(-0.00406549, -0.999992, 0) distance=0.422513 azimuth_deg=-90.2329[0m
[dps_slam_node-1] [1;32m[DEBUG] Wall '13' AFTER transform [drone0/base_link]: normal=(-0.00406549, -0.999992, 0) distance=0.422513 azimuth_deg=-90.2329[0m
[dps_slam_node-1] [1;32m[DEBUG] Wall '20' BEFORE transform [livox_frame]: normal=(-0.996592, -0.082483, 0) distance=0.709853 azimuth_deg=-175.269[0m
[dps_slam_node-1] [1;32m[DEBUG] Wall '20' AFTER transform [drone0/base_link]: normal=(-0.996592, -0.082483, 0) distance=0.709853 azimuth_deg=-175.269[0m
[dps_slam_node-1] [1;32m[DEBUG] Wall '0' BEFORE transform [livox_frame]: normal=(0.125131, 0.99214, 0) distance=1.90932 azimuth_deg=82.8117[0m
[dps_slam_node-1] [1;32m[DEBUG] Wall '0' AFTER transform [drone0/base_link]: normal=(0.125131, 0.99214, 0) distance=1.90932 azimuth_deg=82.8117[0m
[dps_slam_node-1] [1;32m[DEBUG] Wall '9' BEFORE transform [livox_frame]: normal=(0.118912, 0.992905, 0) distance=0.567793 azimuth_deg=83.1707[0m
[dps_slam_node-1] [1;32m[DEBUG] Wall '9' AFTER transform [drone0/base_link]: normal=(0.118912, 0.992905, 0) distance=0.567793 azimuth_deg=83.1707[0m
[dps_slam_node-1] [1;32m[DEBUG] Wall '2' BEFORE transform [livox_frame]: normal=(0.122071, 0.992521, 0) distance=0.582852 azimuth_deg=82.9883[0m
[dps_slam_node-1] [1;32m[DEBUG] Wall '2' AFTER transform [drone0/base_link]: normal=(0.122071, 0.992521, 0) distance=0.582852 azimuth_deg=82.9883[0m
[dps_slam_node-1] [1;32m[DEBUG] Wall '8' BEFORE transform [livox_frame]: normal=(0.9928, -0.119785, 0) distance=0.0589876 azimuth_deg=-6.87971[0m
[dps_slam_node-1] [1;32m[DEBUG] Wall '8' AFTER transform [drone0/base_link]: normal=(0.9928, -0.119785, 0) distance=0.0589876 azimuth_deg=-6.87971[0m
[dps_slam_node-1] [1;32m[DEBUG] Wall '13' BEFORE transform [livox_frame]: normal=(-0.147644, -0.989041, 0) distance=0.398122 azimuth_deg=-98.4904[0m
[dps_slam_node-1] [1;32m[DEBUG] Wall '13' AFTER transform [drone0/base_link]: normal=(-0.147644, -0.989041, 0) distance=0.398122 azimuth_deg=-98.4904[0m
[dps_slam_node-1] [1;32m[DEBUG] Wall '10' BEFORE transform [livox_frame]: normal=(-0.984039, 0.177953, 0) distance=1.08386 azimuth_deg=169.749[0m
[dps_slam_node-1] [1;32m[DEBUG] Wall '10' AFTER transform [drone0/base_link]: normal=(-0.984039, 0.177953, 0) distance=1.08386 azimuth_deg=169.749[0m
[dps_slam_node-1] [1;32m[DEBUG] Wall '19' BEFORE transform [livox_frame]: normal=(0.981798, -0.18993, 0) distance=0.086557 azimuth_deg=-10.9487[0m
[dps_slam_node-1] [1;32m[DEBUG] Wall '19' AFTER transform [drone0/base_link]: normal=(0.981798, -0.18993, 0) distance=0.086557 azimuth_deg=-10.9487[0m
[dps_slam_node-1] [1;32m[DEBUG] Wall '14' BEFORE transform [livox_frame]: normal=(-0.993281, 0.115725, 0) distance=1.16555 azimuth_deg=173.355[0m
[dps_slam_node-1] [1;32m[DEBUG] Wall '14' AFTER transform [drone0/base_link]: normal=(-0.993281, 0.115725, 0) distance=1.16555 azimuth_deg=173.355[0m
[dps_slam_node-1] [1;33m[WARN] Detection geometry not yet supported by the backend: 5[0m
[dps_slam_node-1] # Using CHOLMOD poseDim -1 landMarkDim -1 blockordering 1
[dps_slam_node-1] [1;32m[DEBUG] Wall '0' BEFORE transform [livox_frame]: normal=(0.0751232, 0.997174, 0) distance=1.88033 azimuth_deg=85.6917[0m
[dps_slam_node-1] [1;32m[DEBUG] Wall '0' AFTER transform [drone0/base_link]: normal=(0.0751232, 0.997174, 0) distance=1.88033 azimuth_deg=85.6917[0m
[dps_slam_node-1] [1;32m[DEBUG] Wall '9' BEFORE transform [livox_frame]: normal=(0.0644334, 0.997922, 0) distance=0.551524 azimuth_deg=86.3057[0m
[dps_slam_node-1] [1;32m[DEBUG] Wall '9' AFTER transform [drone0/base_link]: normal=(0.0644334, 0.997922, 0) distance=0.551524 azimuth_deg=86.3057[0m
[dps_slam_node-1] [1;32m[DEBUG] Wall '13' BEFORE transform [livox_frame]: normal=(-0.0669455, -0.997757, 0) distance=0.429992 azimuth_deg=-93.8386[0m
[dps_slam_node-1] [1;32m[DEBUG] Wall '13' AFTER transform [drone0/base_link]: normal=(-0.0669455, -0.997757, 0) distance=0.429992 azimuth_deg=-93.8386[0m
[dps_slam_node-1] [1;32m[DEBUG] Wall '14' BEFORE transform [livox_frame]: normal=(-0.998111, 0.0614324, 0) distance=1.28096 azimuth_deg=176.478[0m
[dps_slam_node-1] [1;32m[DEBUG] Wall '14' AFTER transform [drone0/base_link]: normal=(-0.998111, 0.0614324, 0) distance=1.28096 azimuth_deg=176.478[0m
[dps_slam_node-1] [1;32m[DEBUG] Wall '1' BEFORE transform [livox_frame]: normal=(0.0661267, 0.997811, 0) distance=0.551265 azimuth_deg=86.2085[0m
[dps_slam_node-1] [1;32m[DEBUG] Wall '1' AFTER transform [drone0/base_link]: normal=(0.0661267, 0.997811, 0) distance=0.551265 azimuth_deg=86.2085[0m
[dps_slam_node-1] [1;32m[DEBUG] Wall '10' BEFORE transform [livox_frame]: normal=(-0.995464, 0.0951346, 0) distance=1.23561 azimuth_deg=174.541[0m
[dps_slam_node-1] [1;32m[DEBUG] Wall '10' AFTER transform [drone0/base_link]: normal=(-0.995464, 0.0951346, 0) distance=1.23561 azimuth_deg=174.541[0m
[dps_slam_node-1] [1;32m[DEBUG] Wall '18' BEFORE transform [livox_frame]: normal=(-0.998432, 0.0559792, 0) distance=1.20606 azimuth_deg=176.791[0m
[dps_slam_node-1] [1;32m[DEBUG] Wall '18' AFTER transform [drone0/base_link]: normal=(-0.998432, 0.0559792, 0) distance=1.20606 azimuth_deg=176.791[0m
[dps_slam_node-1] [1;32m[DEBUG] Wall '9' BEFORE transform [livox_frame]: normal=(0.0472578, 0.998883, 0) distance=0.542849 azimuth_deg=87.2913[0m
[dps_slam_node-1] [1;32m[DEBUG] Wall '9' AFTER transform [drone0/base_link]: normal=(0.0472578, 0.998883, 0) distance=0.542849 azimuth_deg=87.2913[0m
[dps_slam_node-1] [1;32m[DEBUG] Wall '13' BEFORE transform [livox_frame]: normal=(-0.0561861, -0.99842, 0) distance=0.437681 azimuth_deg=-93.2209[0m
[dps_slam_node-1] [1;32m[DEBUG] Wall '13' AFTER transform [drone0/base_link]: normal=(-0.0561861, -0.99842, 0) distance=0.437681 azimuth_deg=-93.2209[0m
[dps_slam_node-1] [1;32m[DEBUG] Wall '14' BEFORE transform [livox_frame]: normal=(-0.999912, 0.0132923, 0) distance=1.68794 azimuth_deg=179.238[0m
[dps_slam_node-1] [1;32m[DEBUG] Wall '14' AFTER transform [drone0/base_link]: normal=(-0.999912, 0.0132923, 0) distance=1.68794 azimuth_deg=179.238[0m
[dps_slam_node-1] [1;32m[DEBUG] Wall '13' BEFORE transform [livox_frame]: normal=(0.0491836, -0.99879, 0) distance=0.455483 azimuth_deg=-87.1809[0m
[dps_slam_node-1] [1;32m[DEBUG] Wall '13' AFTER transform [drone0/base_link]: normal=(0.0491836, -0.99879, 0) distance=0.455483 azimuth_deg=-87.1809[0m
[dps_slam_node-1] [1;32m[DEBUG] Wall '9' BEFORE transform [livox_frame]: normal=(-0.064112, 0.997943, 0) distance=0.539092 azimuth_deg=93.6759[0m
[dps_slam_node-1] [1;32m[DEBUG] Wall '9' AFTER transform [drone0/base_link]: normal=(-0.064112, 0.997943, 0) distance=0.539092 azimuth_deg=93.6759[0m
[dps_slam_node-1] [1;32m[DEBUG] Wall '9' BEFORE transform [livox_frame]: normal=(-0.0237861, 0.999717, 0) distance=0.512245 azimuth_deg=91.363[0m
[dps_slam_node-1] [1;32m[DEBUG] Wall '9' AFTER transform [drone0/base_link]: normal=(-0.0237861, 0.999717, 0) distance=0.512245 azimuth_deg=91.363[0m
[dps_slam_node-1] [1;32m[DEBUG] Wall '13' BEFORE transform [livox_frame]: normal=(0.0175319, -0.999846, 0) distance=0.474552 azimuth_deg=-88.9954[0m
[dps_slam_node-1] [1;32m[DEBUG] Wall '13' AFTER transform [drone0/base_link]: normal=(0.0175319, -0.999846, 0) distance=0.474552 azimuth_deg=-88.9954[0m
[dps_slam_node-1] [1;33m[WARN] Detection geometry not yet supported by the backend: 5[0m
[dps_slam_node-1] # Using CHOLMOD poseDim -1 landMarkDim -1 blockordering 1
[dps_slam_node-1] [1;32m[DEBUG] Wall '13' BEFORE transform [livox_frame]: normal=(0.0140543, -0.999901, 0) distance=0.490329 azimuth_deg=-89.1947[0m
[dps_slam_node-1] [1;32m[DEBUG] Wall '13' AFTER transform [drone0/base_link]: normal=(0.0140543, -0.999901, 0) distance=0.490329 azimuth_deg=-89.1947[0m
[dps_slam_node-1] [1;32m[DEBUG] Wall '9' BEFORE transform [livox_frame]: normal=(-0.0178951, 0.99984, 0) distance=0.497907 azimuth_deg=91.0254[0m
[dps_slam_node-1] [1;32m[DEBUG] Wall '9' AFTER transform [drone0/base_link]: normal=(-0.0178951, 0.99984, 0) distance=0.497907 azimuth_deg=91.0254[0m
[dps_slam_node-1] [1;33m[WARN] Detection geometry not yet supported by the backend: 5[0m
[dps_slam_node-1] [1;33m[WARN] Detection geometry not yet supported by the backend: 5[0m
[dps_slam_node-1] [1;32m[DEBUG] Wall '13' BEFORE transform [livox_frame]: normal=(0.0171138, -0.999854, 0) distance=0.529722 azimuth_deg=-89.0194[0m
[dps_slam_node-1] [1;32m[DEBUG] Wall '13' AFTER transform [drone0/base_link]: normal=(0.0171138, -0.999854, 0) distance=0.529722 azimuth_deg=-89.0194[0m
[dps_slam_node-1] [1;32m[DEBUG] Wall '9' BEFORE transform [livox_frame]: normal=(-0.0206894, 0.999786, 0) distance=0.474267 azimuth_deg=91.1855[0m
[dps_slam_node-1] [1;32m[DEBUG] Wall '9' AFTER transform [drone0/base_link]: normal=(-0.0206894, 0.999786, 0) distance=0.474267 azimuth_deg=91.1855[0m
[dps_slam_node-1] [1;32m[DEBUG] Wall '13' BEFORE transform [livox_frame]: normal=(-0.00903784, -0.999959, 0) distance=0.528714 azimuth_deg=-90.5178[0m
[dps_slam_node-1] [1;32m[DEBUG] Wall '13' AFTER transform [drone0/base_link]: normal=(-0.00903784, -0.999959, 0) distance=0.528714 azimuth_deg=-90.5178[0m
[dps_slam_node-1] [1;32m[DEBUG] Wall '9' BEFORE transform [livox_frame]: normal=(0.00810383, 0.999967, 0) distance=0.48263 azimuth_deg=89.5357[0m
[dps_slam_node-1] [1;32m[DEBUG] Wall '9' AFTER transform [drone0/base_link]: normal=(0.00810383, 0.999967, 0) distance=0.48263 azimuth_deg=89.5357[0m
[dps_slam_node-1] [1;32m[DEBUG] Wall '13' BEFORE transform [livox_frame]: normal=(0.0296016, -0.999562, 0) distance=0.535526 azimuth_deg=-88.3037[0m
[dps_slam_node-1] [1;32m[DEBUG] Wall '13' AFTER transform [drone0/base_link]: normal=(0.0296016, -0.999562, 0) distance=0.535526 azimuth_deg=-88.3037[0m
[dps_slam_node-1] [1;32m[DEBUG] Wall '9' BEFORE transform [livox_frame]: normal=(-0.0344252, 0.999407, 0) distance=0.466657 azimuth_deg=91.9728[0m
[dps_slam_node-1] [1;32m[DEBUG] Wall '9' AFTER transform [drone0/base_link]: normal=(-0.0344252, 0.999407, 0) distance=0.466657 azimuth_deg=91.9728[0m
[dps_slam_node-1] [0;31m[ERROR] [Temp Graph] GRAPH RETURNED A NAN BEFORE OPTIMIZATION
[dps_slam_node-1] 	  at line 165 in function optimizeGraph[0m
[dps_slam_node-1] # Using CHOLMOD poseDim -1 landMarkDim -1 blockordering 1
[dps_slam_node-1] [1;32m[DEBUG] Wall '13' BEFORE transform [livox_frame]: normal=(-0.0349741, -0.999388, 0) distance=0.493446 azimuth_deg=-92.0043[0m
[dps_slam_node-1] [1;32m[DEBUG] Wall '13' AFTER transform [drone0/base_link]: normal=(-0.0349741, -0.999388, 0) distance=0.493446 azimuth_deg=-92.0043[0m
[dps_slam_node-1] [1;32m[DEBUG] Wall '9' BEFORE transform [livox_frame]: normal=(0.0320873, 0.999485, 0) distance=0.497193 azimuth_deg=88.1612[0m
[dps_slam_node-1] [1;32m[DEBUG] Wall '9' AFTER transform [drone0/base_link]: normal=(0.0320873, 0.999485, 0) distance=0.497193 azimuth_deg=88.1612[0m
[dps_slam_node-1] [1;33m[WARN] Detection geometry not yet supported by the backend: 5[0m
[dps_slam_node-1] [1;32m[DEBUG] Wall '13' BEFORE transform [livox_frame]: normal=(0.0119002, -0.999929, 0) distance=0.510658 azimuth_deg=-89.3182[0m
[dps_slam_node-1] [1;32m[DEBUG] Wall '13' AFTER transform [drone0/base_link]: normal=(0.0119002, -0.999929, 0) distance=0.510658 azimuth_deg=-89.3182[0m
[dps_slam_node-1] [1;32m[DEBUG] Wall '9' BEFORE transform [livox_frame]: normal=(-0.0143924, 0.999896, 0) distance=0.487235 azimuth_deg=90.8247[0m
[dps_slam_node-1] [1;32m[DEBUG] Wall '9' AFTER transform [drone0/base_link]: normal=(-0.0143924, 0.999896, 0) distance=0.487235 azimuth_deg=90.8247[0m
[dps_slam_node-1] [1;33m[WARN] Detection geometry not yet supported by the backend: 5[0m
[dps_slam_node-1] [1;32m[DEBUG] Wall '9' BEFORE transform [livox_frame]: normal=(0.0336062, 0.999435, 0) distance=0.504507 azimuth_deg=88.0741[0m
[dps_slam_node-1] [1;32m[DEBUG] Wall '9' AFTER transform [drone0/base_link]: normal=(0.0336062, 0.999435, 0) distance=0.504507 azimuth_deg=88.0741[0m
[dps_slam_node-1] [1;32m[DEBUG] Wall '13' BEFORE transform [livox_frame]: normal=(-0.0341053, -0.999418, 0) distance=0.499493 azimuth_deg=-91.9545[0m
[dps_slam_node-1] [1;32m[DEBUG] Wall '13' AFTER transform [drone0/base_link]: normal=(-0.0341053, -0.999418, 0) distance=0.499493 azimuth_deg=-91.9545[0m
[dps_slam_node-1] [1;33m[WARN] Detection geometry not yet supported by the backend: 5[0m
[dps_slam_node-1] [1;32m[DEBUG] Wall '13' BEFORE transform [livox_frame]: normal=(0.0242234, -0.999707, 0) distance=0.521106 azimuth_deg=-88.612[0m
[dps_slam_node-1] [1;32m[DEBUG] Wall '13' AFTER transform [drone0/base_link]: normal=(0.0242234, -0.999707, 0) distance=0.521106 azimuth_deg=-88.612[0m
[dps_slam_node-1] [1;32m[DEBUG] Wall '9' BEFORE transform [livox_frame]: normal=(-0.0209804, 0.99978, 0) distance=0.479218 azimuth_deg=91.2022[0m
[dps_slam_node-1] [1;32m[DEBUG] Wall '9' AFTER transform [drone0/base_link]: normal=(-0.0209804, 0.99978, 0) distance=0.479218 azimuth_deg=91.2022[0m
[dps_slam_node-1] [1;32m[DEBUG] Wall '21' BEFORE transform [livox_frame]: normal=(0.0491631, -0.998791, 0) distance=0.487453 azimuth_deg=-87.182[0m
[dps_slam_node-1] [1;32m[DEBUG] Wall '21' AFTER transform [drone0/base_link]: normal=(0.0491631, -0.998791, 0) distance=0.487453 azimuth_deg=-87.182[0m
[dps_slam_node-1] [1;33m[WARN] Detection geometry not yet supported by the backend: 5[0m
[dps_slam_node-1] # Using CHOLMOD poseDim -1 landMarkDim -1 blockordering 1
[dps_slam_node-1] [1;32m[DEBUG] Wall '21' BEFORE transform [livox_frame]: normal=(-0.0268927, -0.999638, 0) distance=0.499352 azimuth_deg=-91.541[0m
[dps_slam_node-1] [1;32m[DEBUG] Wall '21' AFTER transform [drone0/base_link]: normal=(-0.0268927, -0.999638, 0) distance=0.499352 azimuth_deg=-91.541[0m
[dps_slam_node-1] [1;32m[DEBUG] Wall '9' BEFORE transform [livox_frame]: normal=(0.0251244, 0.999684, 0) distance=0.496223 azimuth_deg=88.5603[0m
[dps_slam_node-1] [1;32m[DEBUG] Wall '9' AFTER transform [drone0/base_link]: normal=(0.0251244, 0.999684, 0) distance=0.496223 azimuth_deg=88.5603[0m
[dps_slam_node-1] [1;32m[DEBUG] Wall '13' BEFORE transform [livox_frame]: normal=(0.019357, -0.999813, 0) distance=0.513416 azimuth_deg=-88.8909[0m
[dps_slam_node-1] [1;32m[DEBUG] Wall '13' AFTER transform [drone0/base_link]: normal=(0.019357, -0.999813, 0) distance=0.513416 azimuth_deg=-88.8909[0m
[dps_slam_node-1] [1;32m[DEBUG] Wall '23' BEFORE transform [livox_frame]: normal=(0.99977, 0.0214307, 0) distance=1.79205 azimuth_deg=1.22798[0m
[dps_slam_node-1] [1;32m[DEBUG] Wall '23' AFTER transform [drone0/base_link]: normal=(0.99977, 0.0214307, 0) distance=1.79205 azimuth_deg=1.22798[0m
[dps_slam_node-1] [1;32m[DEBUG] Wall '22' BEFORE transform [livox_frame]: normal=(0.999889, 0.0149303, 0) distance=1.78786 azimuth_deg=0.855474[0m
[dps_slam_node-1] [1;32m[DEBUG] Wall '22' AFTER transform [drone0/base_link]: normal=(0.999889, 0.0149303, 0) distance=1.78786 azimuth_deg=0.855474[0m
[dps_slam_node-1] [1;32m[DEBUG] Wall '9' BEFORE transform [livox_frame]: normal=(-0.0188513, 0.999822, 0) distance=0.482074 azimuth_deg=91.0802[0m
[dps_slam_node-1] [1;32m[DEBUG] Wall '9' AFTER transform [drone0/base_link]: normal=(-0.0188513, 0.999822, 0) distance=0.482074 azimuth_deg=91.0802[0m
[dps_slam_node-1] [1;32m[DEBUG] Wall '24' BEFORE transform [livox_frame]: normal=(-0.0172631, 0.999851, 0) distance=0.472589 azimuth_deg=90.9892[0m
[dps_slam_node-1] [1;32m[DEBUG] Wall '24' AFTER transform [drone0/base_link]: normal=(-0.0172631, 0.999851, 0) distance=0.472589 azimuth_deg=90.9892[0m
[dps_slam_node-1] [1;32m[DEBUG] Wall '25' BEFORE transform [livox_frame]: normal=(0.0115421, -0.999933, 0) distance=0.523363 azimuth_deg=-89.3387[0m
[dps_slam_node-1] [1;32m[DEBUG] Wall '25' AFTER transform [drone0/base_link]: normal=(0.0115421, -0.999933, 0) distance=0.523363 azimuth_deg=-89.3387[0m
[dps_slam_node-1] [1;32m[DEBUG] Wall '23' BEFORE transform [livox_frame]: normal=(0.996927, -0.0783368, 0) distance=1.29574 azimuth_deg=-4.49297[0m
[dps_slam_node-1] [1;32m[DEBUG] Wall '23' AFTER transform [drone0/base_link]: normal=(0.996927, -0.0783368, 0) distance=1.29574 azimuth_deg=-4.49297[0m
[dps_slam_node-1] [1;32m[DEBUG] Wall '22' BEFORE transform [livox_frame]: normal=(0.997299, -0.0734552, 0) distance=1.31978 azimuth_deg=-4.21247[0m
[dps_slam_node-1] [1;32m[DEBUG] Wall '22' AFTER transform [drone0/base_link]: normal=(0.997299, -0.0734552, 0) distance=1.31978 azimuth_deg=-4.21247[0m
[dps_slam_node-1] [1;32m[DEBUG] Wall '24' BEFORE transform [livox_frame]: normal=(0.0765633, 0.997065, 0) distance=0.524422 azimuth_deg=85.6089[0m
[dps_slam_node-1] [1;32m[DEBUG] Wall '24' AFTER transform [drone0/base_link]: normal=(0.0765633, 0.997065, 0) distance=0.524422 azimuth_deg=85.6089[0m
[dps_slam_node-1] [1;32m[DEBUG] Wall '9' BEFORE transform [livox_frame]: normal=(0.0590813, 0.998253, 0) distance=0.498811 azimuth_deg=86.6129[0m
[dps_slam_node-1] [1;32m[DEBUG] Wall '9' AFTER transform [drone0/base_link]: normal=(0.0590813, 0.998253, 0) distance=0.498811 azimuth_deg=86.6129[0m
[dps_slam_node-1] [1;32m[DEBUG] Wall '21' BEFORE transform [livox_frame]: normal=(-0.0784601, -0.996917, 0) distance=0.539299 azimuth_deg=-94.5001[0m
[dps_slam_node-1] [1;32m[DEBUG] Wall '21' AFTER transform [drone0/base_link]: normal=(-0.0784601, -0.996917, 0) distance=0.539299 azimuth_deg=-94.5001[0m
[dps_slam_node-1] [1;32m[DEBUG] Wall '25' BEFORE transform [livox_frame]: normal=(-0.0535456, -0.998565, 0) distance=0.533577 azimuth_deg=-93.0694[0m
[dps_slam_node-1] [1;32m[DEBUG] Wall '25' AFTER transform [drone0/base_link]: normal=(-0.0535456, -0.998565, 0) distance=0.533577 azimuth_deg=-93.0694[0m
[dps_slam_node-1] [1;32m[DEBUG] Wall '26' BEFORE transform [livox_frame]: normal=(0.0778605, 0.996964, 0) distance=1.79486 azimuth_deg=85.5344[0m
[dps_slam_node-1] [1;32m[DEBUG] Wall '26' AFTER transform [drone0/base_link]: normal=(0.0778605, 0.996964, 0) distance=1.79486 azimuth_deg=85.5344[0m
[dps_slam_node-1] [1;32m[DEBUG] Wall '26' BEFORE transform [livox_frame]: normal=(-0.0293107, 0.99957, 0) distance=1.75243 azimuth_deg=91.6796[0m
[dps_slam_node-1] [1;32m[DEBUG] Wall '26' AFTER transform [drone0/base_link]: normal=(-0.0293107, 0.99957, 0) distance=1.75243 azimuth_deg=91.6796[0m
[dps_slam_node-1] [1;32m[DEBUG] Wall '23' BEFORE transform [livox_frame]: normal=(0.999692, 0.0248086, 0) distance=0.778303 azimuth_deg=1.42157[0m
[dps_slam_node-1] [1;32m[DEBUG] Wall '23' AFTER transform [drone0/base_link]: normal=(0.999692, 0.0248086, 0) distance=0.778303 azimuth_deg=1.42157[0m
[dps_slam_node-1] [1;32m[DEBUG] Wall '24' BEFORE transform [livox_frame]: normal=(-0.0194752, 0.99981, 0) distance=0.466053 azimuth_deg=91.1159[0m
[dps_slam_node-1] [1;32m[DEBUG] Wall '24' AFTER transform [drone0/base_link]: normal=(-0.0194752, 0.99981, 0) distance=0.466053 azimuth_deg=91.1159[0m
[dps_slam_node-1] [1;32m[DEBUG] Wall '25' BEFORE transform [livox_frame]: normal=(0.0132404, -0.999912, 0) distance=0.531005 azimuth_deg=-89.2414[0m
[dps_slam_node-1] [1;32m[DEBUG] Wall '25' AFTER transform [drone0/base_link]: normal=(0.0132404, -0.999912, 0) distance=0.531005 azimuth_deg=-89.2414[0m
[dps_slam_node-1] [1;32m[DEBUG] Wall '22' BEFORE transform [livox_frame]: normal=(0.999919, 0.012715, 0) distance=0.766238 azimuth_deg=0.728537[0m
[dps_slam_node-1] [1;32m[DEBUG] Wall '22' AFTER transform [drone0/base_link]: normal=(0.999919, 0.012715, 0) distance=0.766238 azimuth_deg=0.728537[0m
[dps_slam_node-1] [1;32m[DEBUG] Wall '28' BEFORE transform [livox_frame]: normal=(-0.999501, -0.0316008, 0) distance=0.433598 azimuth_deg=-178.189[0m
[dps_slam_node-1] [1;32m[DEBUG] Wall '28' AFTER transform [drone0/base_link]: normal=(-0.999501, -0.0316008, 0) distance=0.433598 azimuth_deg=-178.189[0m
[dps_slam_node-1] [1;32m[DEBUG] Wall '21' BEFORE transform [livox_frame]: normal=(0.0339886, -0.999422, 0) distance=0.515804 azimuth_deg=-88.0522[0m
[dps_slam_node-1] [1;32m[DEBUG] Wall '21' AFTER transform [drone0/base_link]: normal=(0.0339886, -0.999422, 0) distance=0.515804 azimuth_deg=-88.0522[0m
[dps_slam_node-1] [1;32m[DEBUG] Wall '9' BEFORE transform [livox_frame]: normal=(-0.0342456, 0.999413, 0) distance=0.476466 azimuth_deg=91.9625[0m
[dps_slam_node-1] [1;32m[DEBUG] Wall '9' AFTER transform [drone0/base_link]: normal=(-0.0342456, 0.999413, 0) distance=0.476466 azimuth_deg=91.9625[0m
[dps_slam_node-1] # Using CHOLMOD poseDim -1 landMarkDim -1 blockordering 1
[dps_slam_node-1] [1;32m[DEBUG] Wall '26' BEFORE transform [livox_frame]: normal=(0.035763, 0.99936, 0) distance=1.79303 azimuth_deg=87.9505[0m
[dps_slam_node-1] [1;32m[DEBUG] Wall '26' AFTER transform [drone0/base_link]: normal=(0.035763, 0.99936, 0) distance=1.79303 azimuth_deg=87.9505[0m
[dps_slam_node-1] [1;32m[DEBUG] Wall '23' BEFORE transform [livox_frame]: normal=(0.999048, -0.043628, 0) distance=0.337914 azimuth_deg=-2.50049[0m
[dps_slam_node-1] [1;32m[DEBUG] Wall '23' AFTER transform [drone0/base_link]: normal=(0.999048, -0.043628, 0) distance=0.337914 azimuth_deg=-2.50049[0m
[dps_slam_node-1] [1;32m[DEBUG] Wall '25' BEFORE transform [livox_frame]: normal=(-0.0413491, -0.999145, 0) distance=0.486843 azimuth_deg=-92.3698[0m
[dps_slam_node-1] [1;32m[DEBUG] Wall '25' AFTER transform [drone0/base_link]: normal=(-0.0413491, -0.999145, 0) distance=0.486843 azimuth_deg=-92.3698[0m
[dps_slam_node-1] [1;32m[DEBUG] Wall '27' BEFORE transform [livox_frame]: normal=(-0.997941, 0.064141, 0) distance=0.823381 azimuth_deg=176.322[0m
[dps_slam_node-1] [1;32m[DEBUG] Wall '27' AFTER transform [drone0/base_link]: normal=(-0.997941, 0.064141, 0) distance=0.823381 azimuth_deg=176.322[0m
[dps_slam_node-1] [1;32m[DEBUG] Wall '9' BEFORE transform [livox_frame]: normal=(0.0345099, 0.999404, 0) distance=0.500181 azimuth_deg=88.0223[0m
[dps_slam_node-1] [1;32m[DEBUG] Wall '9' AFTER transform [drone0/base_link]: normal=(0.0345099, 0.999404, 0) distance=0.500181 azimuth_deg=88.0223[0m
[dps_slam_node-1] [1;32m[DEBUG] Wall '24' BEFORE transform [livox_frame]: normal=(0.0448553, 0.998993, 0) distance=0.521675 azimuth_deg=87.4291[0m
[dps_slam_node-1] [1;32m[DEBUG] Wall '24' AFTER transform [drone0/base_link]: normal=(0.0448553, 0.998993, 0) distance=0.521675 azimuth_deg=87.4291[0m
[dps_slam_node-1] [1;32m[DEBUG] Wall '22' BEFORE transform [livox_frame]: normal=(0.998694, -0.0510912, 0) distance=0.357783 azimuth_deg=-2.92858[0m
[dps_slam_node-1] [1;32m[DEBUG] Wall '22' AFTER transform [drone0/base_link]: normal=(0.998694, -0.0510912, 0) distance=0.357783 azimuth_deg=-2.92858[0m
[dps_slam_node-1] [1;32m[DEBUG] Wall '28' BEFORE transform [livox_frame]: normal=(-0.999607, 0.0280335, 0) distance=0.867346 azimuth_deg=178.394[0m
[dps_slam_node-1] [1;32m[DEBUG] Wall '28' AFTER transform [drone0/base_link]: normal=(-0.999607, 0.0280335, 0) distance=0.867346 azimuth_deg=178.394[0m
[dps_slam_node-1] [1;32m[DEBUG] Wall '29' BEFORE transform [livox_frame]: normal=(0.997972, -0.0636546, 0) distance=0.377463 azimuth_deg=-3.64961[0m
[dps_slam_node-1] [1;32m[DEBUG] Wall '29' AFTER transform [drone0/base_link]: normal=(0.997972, -0.0636546, 0) distance=0.377463 azimuth_deg=-3.64961[0m
[dps_slam_node-1] [1;32m[DEBUG] Wall '24' BEFORE transform [livox_frame]: normal=(0.0102263, 0.999948, 0) distance=0.511883 azimuth_deg=89.4141[0m
[dps_slam_node-1] [1;32m[DEBUG] Wall '24' AFTER transform [drone0/base_link]: normal=(0.0102263, 0.999948, 0) distance=0.511883 azimuth_deg=89.4141[0m
[dps_slam_node-1] [1;32m[DEBUG] Wall '25' BEFORE transform [livox_frame]: normal=(-0.0137415, -0.999906, 0) distance=0.492467 azimuth_deg=-90.7874[0m
[dps_slam_node-1] [1;32m[DEBUG] Wall '25' AFTER transform [drone0/base_link]: normal=(-0.0137415, -0.999906, 0) distance=0.492467 azimuth_deg=-90.7874[0m
[dps_slam_node-1] [1;32m[DEBUG] Wall '21' BEFORE transform [livox_frame]: normal=(-0.0157569, -0.999876, 0) distance=0.52365 azimuth_deg=-90.9028[0m
[dps_slam_node-1] [1;32m[DEBUG] Wall '21' AFTER transform [drone0/base_link]: normal=(-0.0157569, -0.999876, 0) distance=0.52365 azimuth_deg=-90.9028[0m
[dps_slam_node-1] [1;32m[DEBUG] Wall '27' BEFORE transform [livox_frame]: normal=(-0.999541, 0.0302885, 0) distance=1.32764 azimuth_deg=178.264[0m
[dps_slam_node-1] [1;32m[DEBUG] Wall '27' AFTER transform [drone0/base_link]: normal=(-0.999541, 0.0302885, 0) distance=1.32764 azimuth_deg=178.264[0m
[dps_slam_node-1] [1;32m[DEBUG] Wall '24' BEFORE transform [livox_frame]: normal=(0.0528141, 0.998604, 0) distance=0.538587 azimuth_deg=86.9726[0m
[dps_slam_node-1] [1;32m[DEBUG] Wall '24' AFTER transform [drone0/base_link]: normal=(0.0528141, 0.998604, 0) distance=0.538587 azimuth_deg=86.9726[0m
[dps_slam_node-1] [1;32m[DEBUG] Wall '28' BEFORE transform [livox_frame]: normal=(-0.998907, 0.0467489, 0) distance=1.81205 azimuth_deg=177.321[0m
[dps_slam_node-1] [1;32m[DEBUG] Wall '28' AFTER transform [drone0/base_link]: normal=(-0.998907, 0.0467489, 0) distance=1.81205 azimuth_deg=177.321[0m
[dps_slam_node-1] [1;32m[DEBUG] Wall '25' BEFORE transform [livox_frame]: normal=(-0.0556325, -0.998451, 0) distance=0.455405 azimuth_deg=-93.1892[0m
[dps_slam_node-1] [1;32m[DEBUG] Wall '25' AFTER transform [drone0/base_link]: normal=(-0.0556325, -0.998451, 0) distance=0.455405 azimuth_deg=-93.1892[0m
[dps_slam_node-1] [1;32m[DEBUG] Wall '27' BEFORE transform [livox_frame]: normal=(-0.996021, 0.0891159, 0) distance=1.78078 azimuth_deg=174.887[0m
[dps_slam_node-1] [1;32m[DEBUG] Wall '27' AFTER transform [drone0/base_link]: normal=(-0.996021, 0.0891159, 0) distance=1.78078 azimuth_deg=174.887[0m
[dps_slam_node-1] [1;32m[DEBUG] Wall '9' BEFORE transform [livox_frame]: normal=(0.0472543, 0.998883, 0) distance=0.538947 azimuth_deg=87.2915[0m
[dps_slam_node-1] [1;32m[DEBUG] Wall '9' AFTER transform [drone0/base_link]: normal=(0.0472543, 0.998883, 0) distance=0.538947 azimuth_deg=87.2915[0m
[dps_slam_node-1] [1;32m[DEBUG] Wall '25' BEFORE transform [livox_frame]: normal=(-0.00795498, -0.999968, 0) distance=0.5091 azimuth_deg=-90.4558[0m
[dps_slam_node-1] [1;32m[DEBUG] Wall '25' AFTER transform [drone0/base_link]: normal=(-0.00795498, -0.999968, 0) distance=0.5091 azimuth_deg=-90.4558[0m
[dps_slam_node-1] [1;32m[DEBUG] Wall '24' BEFORE transform [livox_frame]: normal=(0.00734139, 0.999973, 0) distance=0.498355 azimuth_deg=89.5794[0m
[dps_slam_node-1] [1;32m[DEBUG] Wall '24' AFTER transform [drone0/base_link]: normal=(0.00734139, 0.999973, 0) distance=0.498355 azimuth_deg=89.5794[0m
[dps_slam_node-1] # Using CHOLMOD poseDim -1 landMarkDim -1 blockordering 1
[dps_slam_node-1] [1;32m[DEBUG] Wall '9' BEFORE transform [livox_frame]: normal=(0.074279, 0.997238, 0) distance=0.486333 azimuth_deg=85.7402[0m
[dps_slam_node-1] [1;32m[DEBUG] Wall '9' AFTER transform [drone0/base_link]: normal=(0.074279, 0.997238, 0) distance=0.486333 azimuth_deg=85.7402[0m
[dps_slam_node-1] [1;32m[DEBUG] Wall '13' BEFORE transform [livox_frame]: normal=(-0.0855244, -0.996336, 0) distance=0.503288 azimuth_deg=-94.9062[0m
[dps_slam_node-1] [1;32m[DEBUG] Wall '13' AFTER transform [drone0/base_link]: normal=(-0.0855244, -0.996336, 0) distance=0.503288 azimuth_deg=-94.9062[0m
[dps_slam_node-1] [1;33m[WARN] Detection geometry not yet supported by the backend: 5[0m
[dps_slam_node-1] [1;32m[DEBUG] Wall '13' BEFORE transform [livox_frame]: normal=(0.00596569, -0.999982, 0) distance=0.529993 azimuth_deg=-89.6582[0m
[dps_slam_node-1] [1;32m[DEBUG] Wall '13' AFTER transform [drone0/base_link]: normal=(0.00596569, -0.999982, 0) distance=0.529993 azimuth_deg=-89.6582[0m
[dps_slam_node-1] [1;32m[DEBUG] Wall '9' BEFORE transform [livox_frame]: normal=(-0.00459328, 0.999989, 0) distance=0.472321 azimuth_deg=90.2632[0m
[dps_slam_node-1] [1;32m[DEBUG] Wall '9' AFTER transform [drone0/base_link]: normal=(-0.00459328, 0.999989, 0) distance=0.472321 azimuth_deg=90.2632[0m
[dps_slam_node-1] [1;33m[WARN] Detection geometry not yet supported by the backend: 5[0m
[dps_slam_node-1] [1;32m[DEBUG] Wall '24' BEFORE transform [livox_frame]: normal=(0.0656511, 0.997843, 0) distance=0.498019 azimuth_deg=86.2358[0m
[dps_slam_node-1] [1;32m[DEBUG] Wall '24' AFTER transform [drone0/base_link]: normal=(0.0656511, 0.997843, 0) distance=0.498019 azimuth_deg=86.2358[0m
[dps_slam_node-1] [1;32m[DEBUG] Wall '25' BEFORE transform [livox_frame]: normal=(-0.0700719, -0.997542, 0) distance=0.498463 azimuth_deg=-94.0181[0m
[dps_slam_node-1] [1;32m[DEBUG] Wall '25' AFTER transform [drone0/base_link]: normal=(-0.0700719, -0.997542, 0) distance=0.498463 azimuth_deg=-94.0181[0m
[dps_slam_node-1] [1;32m[DEBUG] Wall '30' BEFORE transform [livox_frame]: normal=(0.997059, -0.076642, 0) distance=5.2755 azimuth_deg=-4.39557[0m
[dps_slam_node-1] [1;32m[DEBUG] Wall '30' AFTER transform [drone0/base_link]: normal=(0.997059, -0.076642, 0) distance=5.2755 azimuth_deg=-4.39557[0m
[dps_slam_node-1] [1;32m[DEBUG] Wall '25' BEFORE transform [livox_frame]: normal=(-0.0092319, -0.999957, 0) distance=0.547104 azimuth_deg=-90.529[0m
[dps_slam_node-1] [1;32m[DEBUG] Wall '25' AFTER transform [drone0/base_link]: normal=(-0.0092319, -0.999957, 0) distance=0.547104 azimuth_deg=-90.529[0m
[dps_slam_node-1] [1;32m[DEBUG] Wall '24' BEFORE transform [livox_frame]: normal=(0.0106792, 0.999943, 0) distance=0.462848 azimuth_deg=89.3881[0m
[dps_slam_node-1] [1;32m[DEBUG] Wall '24' AFTER transform [drone0/base_link]: normal=(0.0106792, 0.999943, 0) distance=0.462848 azimuth_deg=89.3881[0m
[dps_slam_node-1] [1;32m[DEBUG] Wall '30' BEFORE transform [livox_frame]: normal=(0.999796, -0.0201758, 0) distance=4.72539 azimuth_deg=-1.15607[0m
[dps_slam_node-1] [1;32m[DEBUG] Wall '30' AFTER transform [drone0/base_link]: normal=(0.999796, -0.0201758, 0) distance=4.72539 azimuth_deg=-1.15607[0m
[dps_slam_node-1] # Using CHOLMOD poseDim -1 landMarkDim -1 blockordering 1
[dps_slam_node-1] [1;32m[DEBUG] Wall '25' BEFORE transform [livox_frame]: normal=(-0.0208167, -0.999783, 0) distance=0.535999 azimuth_deg=-91.1928[0m
[dps_slam_node-1] [1;32m[DEBUG] Wall '25' AFTER transform [drone0/base_link]: normal=(-0.0208167, -0.999783, 0) distance=0.535999 azimuth_deg=-91.1928[0m
[dps_slam_node-1] [1;32m[DEBUG] Wall '24' BEFORE transform [livox_frame]: normal=(0.0199776, 0.9998, 0) distance=0.454827 azimuth_deg=88.8553[0m
[dps_slam_node-1] [1;32m[DEBUG] Wall '24' AFTER transform [drone0/base_link]: normal=(0.0199776, 0.9998, 0) distance=0.454827 azimuth_deg=88.8553[0m
[dps_slam_node-1] [1;32m[DEBUG] Wall '24' BEFORE transform [livox_frame]: normal=(0.0729505, 0.997336, 0) distance=0.492515 azimuth_deg=85.8165[0m
[dps_slam_node-1] [1;32m[DEBUG] Wall '24' AFTER transform [drone0/base_link]: normal=(0.0729505, 0.997336, 0) distance=0.492515 azimuth_deg=85.8165[0m
[dps_slam_node-1] [1;32m[DEBUG] Wall '25' BEFORE transform [livox_frame]: normal=(-0.07735, -0.997004, 0) distance=0.510766 azimuth_deg=-94.4363[0m
[dps_slam_node-1] [1;32m[DEBUG] Wall '25' AFTER transform [drone0/base_link]: normal=(-0.07735, -0.997004, 0) distance=0.510766 azimuth_deg=-94.4363[0m
[dps_slam_node-1] [1;32m[DEBUG] Wall '30' BEFORE transform [livox_frame]: normal=(0.999026, -0.0441187, 0) distance=3.91758 azimuth_deg=-2.52864[0m
[dps_slam_node-1] [1;32m[DEBUG] Wall '30' AFTER transform [drone0/base_link]: normal=(0.999026, -0.0441187, 0) distance=3.91758 azimuth_deg=-2.52864[0m
[dps_slam_node-1] [1;32m[DEBUG] Wall '25' BEFORE transform [livox_frame]: normal=(-0.0582575, -0.998302, 0) distance=0.545571 azimuth_deg=-93.3398[0m
[dps_slam_node-1] [1;32m[DEBUG] Wall '25' AFTER transform [drone0/base_link]: normal=(-0.0582575, -0.998302, 0) distance=0.545571 azimuth_deg=-93.3398[0m
[dps_slam_node-1] [1;32m[DEBUG] Wall '30' BEFORE transform [livox_frame]: normal=(0.998597, -0.0529478, 0) distance=3.42461 azimuth_deg=-3.03511[0m
[dps_slam_node-1] [1;32m[DEBUG] Wall '30' AFTER transform [drone0/base_link]: normal=(0.998597, -0.0529478, 0) distance=3.42461 azimuth_deg=-3.03511[0m
[dps_slam_node-1] [1;32m[DEBUG] Wall '24' BEFORE transform [livox_frame]: normal=(0.0517156, 0.998662, 0) distance=0.475886 azimuth_deg=87.0356[0m
[dps_slam_node-1] [1;32m[DEBUG] Wall '24' AFTER transform [drone0/base_link]: normal=(0.0517156, 0.998662, 0) distance=0.475886 azimuth_deg=87.0356[0m
[dps_slam_node-1] [1;32m[DEBUG] Wall '25' BEFORE transform [livox_frame]: normal=(-0.0738006, -0.997273, 0) distance=0.498004 azimuth_deg=-94.2323[0m
[dps_slam_node-1] [1;32m[DEBUG] Wall '25' AFTER transform [drone0/base_link]: normal=(-0.0738006, -0.997273, 0) distance=0.498004 azimuth_deg=-94.2323[0m
[dps_slam_node-1] [1;32m[DEBUG] Wall '24' BEFORE transform [livox_frame]: normal=(0.0772868, 0.997009, 0) distance=0.494356 azimuth_deg=85.5674[0m
[dps_slam_node-1] [1;32m[DEBUG] Wall '24' AFTER transform [drone0/base_link]: normal=(0.0772868, 0.997009, 0) distance=0.494356 azimuth_deg=85.5674[0m
[dps_slam_node-1] # Using CHOLMOD poseDim -1 landMarkDim -1 blockordering 1
[dps_slam_node-1] [1;32m[DEBUG] Wall '25' BEFORE transform [livox_frame]: normal=(-0.0841232, -0.996455, 0) distance=0.53061 azimuth_deg=-94.8256[0m
[dps_slam_node-1] [1;32m[DEBUG] Wall '25' AFTER transform [drone0/base_link]: normal=(-0.0841232, -0.996455, 0) distance=0.53061 azimuth_deg=-94.8256[0m
[dps_slam_node-1] [1;32m[DEBUG] Wall '30' BEFORE transform [livox_frame]: normal=(0.997837, -0.065733, 0) distance=2.44576 azimuth_deg=-3.76894[0m
[dps_slam_node-1] [1;32m[DEBUG] Wall '30' AFTER transform [drone0/base_link]: normal=(0.997837, -0.065733, 0) distance=2.44576 azimuth_deg=-3.76894[0m
[dps_slam_node-1] [1;32m[DEBUG] Wall '24' BEFORE transform [livox_frame]: normal=(0.0891909, 0.996015, 0) distance=0.459593 azimuth_deg=84.8829[0m
[dps_slam_node-1] [1;32m[DEBUG] Wall '24' AFTER transform [drone0/base_link]: normal=(0.0891909, 0.996015, 0) distance=0.459593 azimuth_deg=84.8829[0m
[dps_slam_node-1] [1;32m[DEBUG] Wall '25' BEFORE transform [livox_frame]: normal=(-0.12937, -0.991596, 0) distance=0.52624 azimuth_deg=-97.4332[0m
[dps_slam_node-1] [1;32m[DEBUG] Wall '25' AFTER transform [drone0/base_link]: normal=(-0.12937, -0.991596, 0) distance=0.52624 azimuth_deg=-97.4332[0m
[dps_slam_node-1] [1;32m[DEBUG] Wall '30' BEFORE transform [livox_frame]: normal=(0.989933, -0.141535, 0) distance=1.88242 azimuth_deg=-8.13669[0m
[dps_slam_node-1] [1;32m[DEBUG] Wall '30' AFTER transform [drone0/base_link]: normal=(0.989933, -0.141535, 0) distance=1.88242 azimuth_deg=-8.13669[0m
[dps_slam_node-1] [1;32m[DEBUG] Wall '24' BEFORE transform [livox_frame]: normal=(0.138964, 0.990297, 0) distance=0.446916 azimuth_deg=82.0121[0m
[dps_slam_node-1] [1;32m[DEBUG] Wall '24' AFTER transform [drone0/base_link]: normal=(0.138964, 0.990297, 0) distance=0.446916 azimuth_deg=82.0121[0m
[dps_slam_node-1] [1;32m[DEBUG] Wall '13' BEFORE transform [livox_frame]: normal=(-0.12478, -0.992184, 0) distance=0.505553 azimuth_deg=-97.1681[0m
[dps_slam_node-1] [1;32m[DEBUG] Wall '13' AFTER transform [drone0/base_link]: normal=(-0.12478, -0.992184, 0) distance=0.505553 azimuth_deg=-97.1681[0m
[dps_slam_node-1] [1;32m[DEBUG] Wall '24' BEFORE transform [livox_frame]: normal=(0.141295, 0.989968, 0) distance=0.478691 azimuth_deg=81.8772[0m
[dps_slam_node-1] [1;32m[DEBUG] Wall '24' AFTER transform [drone0/base_link]: normal=(0.141295, 0.989968, 0) distance=0.478691 azimuth_deg=81.8772[0m
[dps_slam_node-1] [1;32m[DEBUG] Wall '30' BEFORE transform [livox_frame]: normal=(0.989223, -0.146414, 0) distance=1.3368 azimuth_deg=-8.41915[0m
[dps_slam_node-1] [1;32m[DEBUG] Wall '30' AFTER transform [drone0/base_link]: normal=(0.989223, -0.146414, 0) distance=1.3368 azimuth_deg=-8.41915[0m
[dps_slam_node-1] [1;32m[DEBUG] Wall '31' BEFORE transform [livox_frame]: normal=(0.175271, 0.98452, 0) distance=2.55131 azimuth_deg=79.9056[0m
[dps_slam_node-1] [1;32m[DEBUG] Wall '31' AFTER transform [drone0/base_link]: normal=(0.175271, 0.98452, 0) distance=2.55131 azimuth_deg=79.9056[0m
[dps_slam_node-1] [1;32m[DEBUG] Wall '31' BEFORE transform [livox_frame]: normal=(-0.0151804, 0.999885, 0) distance=2.52003 azimuth_deg=90.8698[0m
[dps_slam_node-1] [1;32m[DEBUG] Wall '31' AFTER transform [drone0/base_link]: normal=(-0.0151804, 0.999885, 0) distance=2.52003 azimuth_deg=90.8698[0m
[dps_slam_node-1] [1;32m[DEBUG] Wall '13' BEFORE transform [livox_frame]: normal=(0.0174557, -0.999848, 0) distance=0.490789 azimuth_deg=-88.9998[0m
[dps_slam_node-1] [1;32m[DEBUG] Wall '13' AFTER transform [drone0/base_link]: normal=(0.0174557, -0.999848, 0) distance=0.490789 azimuth_deg=-88.9998[0m
[dps_slam_node-1] [1;32m[DEBUG] Wall '24' BEFORE transform [livox_frame]: normal=(-0.016503, 0.999864, 0) distance=0.511899 azimuth_deg=90.9456[0m
[dps_slam_node-1] [1;32m[DEBUG] Wall '24' AFTER transform [drone0/base_link]: normal=(-0.016503, 0.999864, 0) distance=0.511899 azimuth_deg=90.9456[0m
[dps_slam_node-1] [1;32m[DEBUG] Wall '33' BEFORE transform [livox_frame]: normal=(-0.99961, -0.0279136, 0) distance=0.298475 azimuth_deg=-178.4[0m
[dps_slam_node-1] [1;32m[DEBUG] Wall '33' AFTER transform [drone0/base_link]: normal=(-0.99961, -0.0279136, 0) distance=0.298475 azimuth_deg=-178.4[0m
[dps_slam_node-1] [1;32m[DEBUG] Wall '34' BEFORE transform [livox_frame]: normal=(-0.999966, -0.00827002, 0) distance=0.349758 azimuth_deg=-179.526[0m
[dps_slam_node-1] [1;32m[DEBUG] Wall '34' AFTER transform [drone0/base_link]: normal=(-0.999966, -0.00827002, 0) distance=0.349758 azimuth_deg=-179.526[0m
[dps_slam_node-1] [1;32m[DEBUG] Wall '30' BEFORE transform [livox_frame]: normal=(0.999997, 0.0025573, 0) distance=0.848779 azimuth_deg=0.146523[0m
[dps_slam_node-1] [1;32m[DEBUG] Wall '30' AFTER transform [drone0/base_link]: normal=(0.999997, 0.0025573, 0) distance=0.848779 azimuth_deg=0.146523[0m
[dps_slam_node-1] [1;32m[DEBUG] Wall '32' BEFORE transform [livox_frame]: normal=(0.999706, 0.0242508, 0) distance=0.830625 azimuth_deg=1.3896[0m
[dps_slam_node-1] [1;32m[DEBUG] Wall '32' AFTER transform [drone0/base_link]: normal=(0.999706, 0.0242508, 0) distance=0.830625 azimuth_deg=1.3896[0m
[dps_slam_node-1] [1;32m[DEBUG] Wall '33' BEFORE transform [livox_frame]: normal=(-0.849348, -0.527834, 0) distance=0.601506 azimuth_deg=-148.141[0m
[dps_slam_node-1] [1;32m[DEBUG] Wall '33' AFTER transform [drone0/base_link]: normal=(-0.849348, -0.527834, 0) distance=0.601506 azimuth_deg=-148.141[0m
[dps_slam_node-1] [1;32m[DEBUG] Wall '31' BEFORE transform [livox_frame]: normal=(-0.551987, 0.833853, 0) distance=2.62966 azimuth_deg=123.503[0m
[dps_slam_node-1] [1;32m[DEBUG] Wall '31' AFTER transform [drone0/base_link]: normal=(-0.551987, 0.833853, 0) distance=2.62966 azimuth_deg=123.503[0m
[dps_slam_node-1] [1;32m[DEBUG] Wall '35' BEFORE transform [livox_frame]: normal=(-0.846908, -0.53174, 0) distance=0.49003 azimuth_deg=-147.877[0m
[dps_slam_node-1] [1;32m[DEBUG] Wall '35' AFTER transform [drone0/base_link]: normal=(-0.846908, -0.53174, 0) distance=0.49003 azimuth_deg=-147.877[0m
[dps_slam_node-1] [1;32m[DEBUG] Wall '30' BEFORE transform [livox_frame]: normal=(0.835215, 0.549923, 0) distance=0.627845 azimuth_deg=33.3617[0m
[dps_slam_node-1] [1;32m[DEBUG] Wall '30' AFTER transform [drone0/base_link]: normal=(0.835215, 0.549923, 0) distance=0.627845 azimuth_deg=33.3617[0m
[dps_slam_node-1] [1;32m[DEBUG] Wall '9' BEFORE transform [livox_frame]: normal=(0.556011, -0.831175, 0) distance=0.422356 azimuth_deg=-56.2196[0m
[dps_slam_node-1] [1;32m[DEBUG] Wall '9' AFTER transform [drone0/base_link]: normal=(0.556011, -0.831175, 0) distance=0.422356 azimuth_deg=-56.2196[0m
[dps_slam_node-1] [1;32m[DEBUG] Wall '25' BEFORE transform [livox_frame]: normal=(-0.551278, 0.834321, 0) distance=0.548258 azimuth_deg=123.455[0m
[dps_slam_node-1] [1;32m[DEBUG] Wall '25' AFTER transform [drone0/base_link]: normal=(-0.551278, 0.834321, 0) distance=0.548258 azimuth_deg=123.455[0m
[dps_slam_node-1] [1;32m[DEBUG] Wall '9' BEFORE transform [livox_frame]: normal=(0.90832, -0.418275, 0) distance=0.288893 azimuth_deg=-24.7257[0m
[dps_slam_node-1] [1;32m[DEBUG] Wall '9' AFTER transform [drone0/base_link]: normal=(0.90832, -0.418275, 0) distance=0.288893 azimuth_deg=-24.7257[0m
[dps_slam_node-1] [1;32m[DEBUG] Wall '24' BEFORE transform [livox_frame]: normal=(-0.909964, 0.414686, 0) distance=0.721639 azimuth_deg=155.5[0m
[dps_slam_node-1] [1;32m[DEBUG] Wall '24' AFTER transform [drone0/base_link]: normal=(-0.909964, 0.414686, 0) distance=0.721639 azimuth_deg=155.5[0m
[dps_slam_node-1] [1;32m[DEBUG] Wall '32' BEFORE transform [livox_frame]: normal=(0.422882, 0.906185, 0) distance=0.641048 azimuth_deg=64.9833[0m
[dps_slam_node-1] [1;32m[DEBUG] Wall '32' AFTER transform [drone0/base_link]: normal=(0.422882, 0.906185, 0) distance=0.641048 azimuth_deg=64.9833[0m
[dps_slam_node-1] [1;32m[DEBUG] Wall '35' BEFORE transform [livox_frame]: normal=(-0.421082, -0.907023, 0) distance=0.554501 azimuth_deg=-114.903[0m
[dps_slam_node-1] [1;32m[DEBUG] Wall '35' AFTER transform [drone0/base_link]: normal=(-0.421082, -0.907023, 0) distance=0.554501 azimuth_deg=-114.903[0m
[dps_slam_node-1] [1;32m[DEBUG] Wall '31' BEFORE transform [livox_frame]: normal=(-0.909769, 0.415114, 0) distance=2.755 azimuth_deg=155.473[0m
[dps_slam_node-1] [1;32m[DEBUG] Wall '31' AFTER transform [drone0/base_link]: normal=(-0.909769, 0.415114, 0) distance=2.755 azimuth_deg=155.473[0m
[dps_slam_node-1] [1;32m[DEBUG] Wall '33' BEFORE transform [livox_frame]: normal=(-0.0411809, -0.999152, 0) distance=0.569671 azimuth_deg=-92.3602[0m
[dps_slam_node-1] [1;32m[DEBUG] Wall '33' AFTER transform [drone0/base_link]: normal=(-0.0411809, -0.999152, 0) distance=0.569671 azimuth_deg=-92.3602[0m
[dps_slam_node-1] [1;32m[DEBUG] Wall '24' BEFORE transform [livox_frame]: normal=(-0.999238, 0.0390196, 0) distance=1.20446 azimuth_deg=177.764[0m
[dps_slam_node-1] [1;32m[DEBUG] Wall '24' AFTER transform [drone0/base_link]: normal=(-0.999238, 0.0390196, 0) distance=1.20446 azimuth_deg=177.764[0m
[dps_slam_node-1] [1;32m[DEBUG] Wall '31' BEFORE transform [livox_frame]: normal=(-0.999309, 0.0371799, 0) distance=3.24633 azimuth_deg=177.869[0m
[dps_slam_node-1] [1;32m[DEBUG] Wall '31' AFTER transform [drone0/base_link]: normal=(-0.999309, 0.0371799, 0) distance=3.24633 azimuth_deg=177.869[0m
[dps_slam_node-1] [1;32m[DEBUG] Wall '35' BEFORE transform [livox_frame]: normal=(-0.040481, -0.99918, 0) distance=0.556321 azimuth_deg=-92.32[0m
[dps_slam_node-1] [1;32m[DEBUG] Wall '35' AFTER transform [drone0/base_link]: normal=(-0.040481, -0.99918, 0) distance=0.556321 azimuth_deg=-92.32[0m
[dps_slam_node-1] [1;32m[DEBUG] Wall '32' BEFORE transform [livox_frame]: normal=(0.0325565, 0.99947, 0) distance=0.626313 azimuth_deg=88.1343[0m
[dps_slam_node-1] [1;32m[DEBUG] Wall '32' AFTER transform [drone0/base_link]: normal=(0.0325565, 0.99947, 0) distance=0.626313 azimuth_deg=88.1343[0m
[dps_slam_node-1] [1;33m[WARN] Detection geometry not yet supported by the backend: 5[0m
[dps_slam_node-1] # Using CHOLMOD poseDim -1 landMarkDim -1 blockordering 1
[dps_slam_node-1] [1;32m[DEBUG] Wall '32' BEFORE transform [livox_frame]: normal=(0.00242634, 0.999997, 0) distance=0.612208 azimuth_deg=89.861[0m
[dps_slam_node-1] [1;32m[DEBUG] Wall '32' AFTER transform [drone0/base_link]: normal=(0.00242634, 0.999997, 0) distance=0.612208 azimuth_deg=89.861[0m
[dps_slam_node-1] [1;32m[DEBUG] Wall '35' BEFORE transform [livox_frame]: normal=(-0.00131034, -0.999999, 0) distance=0.560952 azimuth_deg=-90.0751[0m
[dps_slam_node-1] [1;32m[DEBUG] Wall '35' AFTER transform [drone0/base_link]: normal=(-0.00131034, -0.999999, 0) distance=0.560952 azimuth_deg=-90.0751[0m
[dps_slam_node-1] [1;32m[DEBUG] Wall '33' BEFORE transform [livox_frame]: normal=(-0.0105489, -0.999944, 0) distance=0.621622 azimuth_deg=-90.6044[0m
[dps_slam_node-1] [1;32m[DEBUG] Wall '33' AFTER transform [drone0/base_link]: normal=(-0.0105489, -0.999944, 0) distance=0.621622 azimuth_deg=-90.6044[0m
[dps_slam_node-1] [1;32m[DEBUG] Wall '35' BEFORE transform [livox_frame]: normal=(-0.0400555, -0.999197, 0) distance=0.546002 azimuth_deg=-92.2956[0m
[dps_slam_node-1] [1;32m[DEBUG] Wall '35' AFTER transform [drone0/base_link]: normal=(-0.0400555, -0.999197, 0) distance=0.546002 azimuth_deg=-92.2956[0m
[dps_slam_node-1] [1;32m[DEBUG] Wall '30' BEFORE transform [livox_frame]: normal=(0.0340074, 0.999422, 0) distance=0.632982 azimuth_deg=88.0511[0m
[dps_slam_node-1] [1;32m[DEBUG] Wall '30' AFTER transform [drone0/base_link]: normal=(0.0340074, 0.999422, 0) distance=0.632982 azimuth_deg=88.0511[0m
[dps_slam_node-1] [1;33m[WARN] Detection geometry not yet supported by the backend: 5[0m
[dps_slam_node-1] [1;32m[DEBUG] Wall '35' BEFORE transform [livox_frame]: normal=(-0.0517704, -0.998659, 0) distance=0.538566 azimuth_deg=-92.9676[0m
[dps_slam_node-1] [1;32m[DEBUG] Wall '35' AFTER transform [drone0/base_link]: normal=(-0.0517704, -0.998659, 0) distance=0.538566 azimuth_deg=-92.9676[0m
[dps_slam_node-1] [1;32m[DEBUG] Wall '30' BEFORE transform [livox_frame]: normal=(0.0648115, 0.997898, 0) distance=0.637118 azimuth_deg=86.284[0m
[dps_slam_node-1] [1;32m[DEBUG] Wall '30' AFTER transform [drone0/base_link]: normal=(0.0648115, 0.997898, 0) distance=0.637118 azimuth_deg=86.284[0m
[dps_slam_node-1] [1;33m[WARN] Detection geometry not yet supported by the backend: 5[0m
[dps_slam_node-1] [1;32m[DEBUG] Wall '35' BEFORE transform [livox_frame]: normal=(-0.0495774, -0.99877, 0) distance=0.534617 azimuth_deg=-92.8417[0m
[dps_slam_node-1] [1;32m[DEBUG] Wall '35' AFTER transform [drone0/base_link]: normal=(-0.0495774, -0.99877, 0) distance=0.534617 azimuth_deg=-92.8417[0m
[dps_slam_node-1] [1;32m[DEBUG] Wall '30' BEFORE transform [livox_frame]: normal=(0.0385612, 0.999256, 0) distance=0.64739 azimuth_deg=87.7901[0m
[dps_slam_node-1] [1;32m[DEBUG] Wall '30' AFTER transform [drone0/base_link]: normal=(0.0385612, 0.999256, 0) distance=0.64739 azimuth_deg=87.7901[0m
[dps_slam_node-1] # Using CHOLMOD poseDim -1 landMarkDim -1 blockordering 1
[dps_slam_node-1] [1;32m[DEBUG] Wall '30' BEFORE transform [livox_frame]: normal=(0.0352165, 0.99938, 0) distance=0.623454 azimuth_deg=87.9818[0m
[dps_slam_node-1] [1;32m[DEBUG] Wall '30' AFTER transform [drone0/base_link]: normal=(0.0352165, 0.99938, 0) distance=0.623454 azimuth_deg=87.9818[0m
[dps_slam_node-1] [1;32m[DEBUG] Wall '35' BEFORE transform [livox_frame]: normal=(-0.0399354, -0.999202, 0) distance=0.566491 azimuth_deg=-92.2887[0m
[dps_slam_node-1] [1;32m[DEBUG] Wall '35' AFTER transform [drone0/base_link]: normal=(-0.0399354, -0.999202, 0) distance=0.566491 azimuth_deg=-92.2887[0m
[dps_slam_node-1] [1;33m[WARN] Detection geometry not yet supported by the backend: 5[0m
[dps_slam_node-1] [1;32m[DEBUG] Wall '35' BEFORE transform [livox_frame]: normal=(-0.0638898, -0.997957, 0) distance=0.57032 azimuth_deg=-93.6631[0m
[dps_slam_node-1] [1;32m[DEBUG] Wall '35' AFTER transform [drone0/base_link]: normal=(-0.0638898, -0.997957, 0) distance=0.57032 azimuth_deg=-93.6631[0m
[dps_slam_node-1] [1;32m[DEBUG] Wall '30' BEFORE transform [livox_frame]: normal=(0.0612223, 0.998124, 0) distance=0.619765 azimuth_deg=86.49[0m
[dps_slam_node-1] [1;32m[DEBUG] Wall '30' AFTER transform [drone0/base_link]: normal=(0.0612223, 0.998124, 0) distance=0.619765 azimuth_deg=86.49[0m
[dps_slam_node-1] [1;32m[DEBUG] Wall '35' BEFORE transform [livox_frame]: normal=(-0.0706142, -0.997504, 0) distance=0.531583 azimuth_deg=-94.0493[0m
[dps_slam_node-1] [1;32m[DEBUG] Wall '35' AFTER transform [drone0/base_link]: normal=(-0.0706142, -0.997504, 0) distance=0.531583 azimuth_deg=-94.0493[0m
[dps_slam_node-1] [1;32m[DEBUG] Wall '30' BEFORE transform [livox_frame]: normal=(0.0552131, 0.998475, 0) distance=0.650047 azimuth_deg=86.8349[0m
[dps_slam_node-1] [1;32m[DEBUG] Wall '30' AFTER transform [drone0/base_link]: normal=(0.0552131, 0.998475, 0) distance=0.650047 azimuth_deg=86.8349[0m
[dps_slam_node-1] [1;33m[WARN] Detection geometry not yet supported by the backend: 5[0m
[dps_slam_node-1] [1;32m[DEBUG] Wall '35' BEFORE transform [livox_frame]: normal=(-0.0796014, -0.996827, 0) distance=0.559978 azimuth_deg=-94.5657[0m
[dps_slam_node-1] [1;32m[DEBUG] Wall '35' AFTER transform [drone0/base_link]: normal=(-0.0796014, -0.996827, 0) distance=0.559978 azimuth_deg=-94.5657[0m
[dps_slam_node-1] [1;32m[DEBUG] Wall '30' BEFORE transform [livox_frame]: normal=(0.0755103, 0.997145, 0) distance=0.633379 azimuth_deg=85.6695[0m
[dps_slam_node-1] [1;32m[DEBUG] Wall '30' AFTER transform [drone0/base_link]: normal=(0.0755103, 0.997145, 0) distance=0.633379 azimuth_deg=85.6695[0m
[dps_slam_node-1] [1;32m[DEBUG] Wall '36' BEFORE transform [livox_frame]: normal=(-0.0868146, -0.996224, 0) distance=0.54381 azimuth_deg=-94.9804[0m
[dps_slam_node-1] [1;32m[DEBUG] Wall '36' AFTER transform [drone0/base_link]: normal=(-0.0868146, -0.996224, 0) distance=0.54381 azimuth_deg=-94.9804[0m
[dps_slam_node-1] [1;32m[DEBUG] Wall '37' BEFORE transform [livox_frame]: normal=(0.99655, -0.0829988, 0) distance=2.03633 azimuth_deg=-4.76096[0m
[dps_slam_node-1] [1;32m[DEBUG] Wall '37' AFTER transform [drone0/base_link]: normal=(0.99655, -0.0829988, 0) distance=2.03633 azimuth_deg=-4.76096[0m
[dps_slam_node-1] # Using CHOLMOD poseDim -1 landMarkDim -1 blockordering 1
[dps_slam_node-1] [1;32m[DEBUG] Wall '30' BEFORE transform [livox_frame]: normal=(0.0985404, 0.995133, 0) distance=0.637056 azimuth_deg=84.3449[0m
[dps_slam_node-1] [1;32m[DEBUG] Wall '30' AFTER transform [drone0/base_link]: normal=(0.0985404, 0.995133, 0) distance=0.637056 azimuth_deg=84.3449[0m
[dps_slam_node-1] [1;32m[DEBUG] Wall '35' BEFORE transform [livox_frame]: normal=(-0.104711, -0.994503, 0) distance=0.552573 azimuth_deg=-96.0105[0m
[dps_slam_node-1] [1;32m[DEBUG] Wall '35' AFTER transform [drone0/base_link]: normal=(-0.104711, -0.994503, 0) distance=0.552573 azimuth_deg=-96.0105[0m
[dps_slam_node-1] [1;33m[WARN] Detection geometry not yet supported by the backend: 5[0m
[dps_slam_node-1] [1;32m[DEBUG] Wall '37' BEFORE transform [livox_frame]: normal=(0.995988, -0.0894877, 0) distance=1.20044 azimuth_deg=-5.13413[0m
[dps_slam_node-1] [1;32m[DEBUG] Wall '37' AFTER transform [drone0/base_link]: normal=(0.995988, -0.0894877, 0) distance=1.20044 azimuth_deg=-5.13413[0m
[dps_slam_node-1] [1;32m[DEBUG] Wall '32' BEFORE transform [livox_frame]: normal=(-0.0877785, -0.99614, 0) distance=0.610289 azimuth_deg=-95.0358[0m
[dps_slam_node-1] [1;32m[DEBUG] Wall '32' AFTER transform [drone0/base_link]: normal=(-0.0877785, -0.99614, 0) distance=0.610289 azimuth_deg=-95.0358[0m
[dps_slam_node-1] [1;32m[DEBUG] Wall '30' BEFORE transform [livox_frame]: normal=(0.08169, 0.996658, 0) distance=0.577651 azimuth_deg=85.3143[0m
[dps_slam_node-1] [1;32m[DEBUG] Wall '30' AFTER transform [drone0/base_link]: normal=(0.08169, 0.996658, 0) distance=0.577651 azimuth_deg=85.3143[0m
[dps_slam_node-1] [1;32m[DEBUG] Wall '36' BEFORE transform [livox_frame]: normal=(-0.0969026, -0.995294, 0) distance=0.588042 azimuth_deg=-95.5608[0m
[dps_slam_node-1] [1;32m[DEBUG] Wall '36' AFTER transform [drone0/base_link]: normal=(-0.0969026, -0.995294, 0) distance=0.588042 azimuth_deg=-95.5608[0m
[dps_slam_node-1] [1;32m[DEBUG] Wall '37' BEFORE transform [livox_frame]: normal=(0.996082, -0.0884333, 0) distance=0.674205 azimuth_deg=-5.07348[0m
[dps_slam_node-1] [1;32m[DEBUG] Wall '37' AFTER transform [drone0/base_link]: normal=(0.996082, -0.0884333, 0) distance=0.674205 azimuth_deg=-5.07348[0m
[dps_slam_node-1] [1;32m[DEBUG] Wall '38' BEFORE transform [livox_frame]: normal=(-0.996522, 0.0833358, 0) distance=0.337276 azimuth_deg=175.22[0m
[dps_slam_node-1] [1;32m[DEBUG] Wall '38' AFTER transform [drone0/base_link]: normal=(-0.996522, 0.0833358, 0) distance=0.337276 azimuth_deg=175.22[0m
[dps_slam_node-1] [1;32m[DEBUG] Wall '30' BEFORE transform [livox_frame]: normal=(0.0724304, 0.997373, 0) distance=0.590413 azimuth_deg=85.8464[0m
[dps_slam_node-1] [1;32m[DEBUG] Wall '30' AFTER transform [drone0/base_link]: normal=(0.0724304, 0.997373, 0) distance=0.590413 azimuth_deg=85.8464[0m
[dps_slam_node-1] [1;32m[DEBUG] Wall '35' BEFORE transform [livox_frame]: normal=(-0.0852089, -0.996363, 0) distance=0.602625 azimuth_deg=-94.888[0m
[dps_slam_node-1] [1;32m[DEBUG] Wall '35' AFTER transform [drone0/base_link]: normal=(-0.0852089, -0.996363, 0) distance=0.602625 azimuth_deg=-94.888[0m
[dps_slam_node-1] [1;32m[DEBUG] Wall '36' BEFORE transform [livox_frame]: normal=(-0.0915431, -0.995801, 0) distance=0.574228 azimuth_deg=-95.2524[0m
[dps_slam_node-1] [1;32m[DEBUG] Wall '36' AFTER transform [drone0/base_link]: normal=(-0.0915431, -0.995801, 0) distance=0.574228 azimuth_deg=-95.2524[0m
[dps_slam_node-1] [1;33m[WARN] Detection geometry not yet supported by the backend: 5[0m
[dps_slam_node-1] [33m[WARN] [1781652958.125652838] [drone0.dps_slam_node]: Received empty DetectionWithIDArray[0m
[dps_slam_node-1] [33m[WARN] [1781652958.220235599] [drone0.dps_slam_node]: Received empty DetectionWithIDArray[0m
[dps_slam_node-1] [33m[WARN] [1781652958.318030298] [drone0.dps_slam_node]: Received empty DetectionWithIDArray[0m
[dps_slam_node-1] [33m[WARN] [1781652958.413213645] [drone0.dps_slam_node]: Received empty DetectionWithIDArray[0m
[dps_slam_node-1] [33m[WARN] [1781652958.509137640] [drone0.dps_slam_node]: Received empty DetectionWithIDArray[0m
[dps_slam_node-1] [33m[WARN] [1781652958.595923650] [drone0.dps_slam_node]: Received empty DetectionWithIDArray[0m
[dps_slam_node-1] [33m[WARN] [1781652958.675466855] [drone0.dps_slam_node]: Received empty DetectionWithIDArray[0m
[dps_slam_node-1] [33m[WARN] [1781652958.765598316] [drone0.dps_slam_node]: Received empty DetectionWithIDArray[0m
[dps_slam_node-1] [33m[WARN] [1781652958.842441560] [drone0.dps_slam_node]: Received empty DetectionWithIDArray[0m
[dps_slam_node-1] [33m[WARN] [1781652958.950930017] [drone0.dps_slam_node]: Received empty DetectionWithIDArray[0m
[dps_slam_node-1] [1;32m[DEBUG] Wall '38' BEFORE transform [livox_frame]: normal=(-0.712816, -0.701351, 0) distance=0.578223 azimuth_deg=-135.464[0m
[dps_slam_node-1] [1;32m[DEBUG] Wall '38' AFTER transform [drone0/base_link]: normal=(-0.712816, -0.701351, 0) distance=0.578223 azimuth_deg=-135.464[0m
[dps_slam_node-1] [1;32m[DEBUG] Wall '36' BEFORE transform [livox_frame]: normal=(0.970352, -0.241698, 0) distance=0.295364 azimuth_deg=-13.9868[0m
[dps_slam_node-1] [1;32m[DEBUG] Wall '36' AFTER transform [drone0/base_link]: normal=(0.970352, -0.241698, 0) distance=0.295364 azimuth_deg=-13.9868[0m
[dps_slam_node-1] [1;32m[DEBUG] Wall '35' BEFORE transform [livox_frame]: normal=(0.972682, -0.23214, 0) distance=0.313009 azimuth_deg=-13.4231[0m
[dps_slam_node-1] [1;32m[DEBUG] Wall '35' AFTER transform [drone0/base_link]: normal=(0.972682, -0.23214, 0) distance=0.313009 azimuth_deg=-13.4231[0m
[dps_slam_node-1] [1;32m[DEBUG] Wall '37' BEFORE transform [livox_frame]: normal=(0.228016, 0.973657, 0) distance=0.337128 azimuth_deg=76.8197[0m
[dps_slam_node-1] [1;32m[DEBUG] Wall '37' AFTER transform [drone0/base_link]: normal=(0.228016, 0.973657, 0) distance=0.337128 azimuth_deg=76.8197[0m
[dps_slam_node-1] [1;32m[DEBUG] Wall '38' BEFORE transform [livox_frame]: normal=(-0.244685, -0.969603, 0) distance=0.639476 azimuth_deg=-104.163[0m
[dps_slam_node-1] [1;32m[DEBUG] Wall '38' AFTER transform [drone0/base_link]: normal=(-0.244685, -0.969603, 0) distance=0.639476 azimuth_deg=-104.163[0m
[dps_slam_node-1] [1;32m[DEBUG] Wall '32' BEFORE transform [livox_frame]: normal=(-0.975093, 0.221798, 0) distance=0.865894 azimuth_deg=167.185[0m
[dps_slam_node-1] [1;32m[DEBUG] Wall '32' AFTER transform [drone0/base_link]: normal=(-0.975093, 0.221798, 0) distance=0.865894 azimuth_deg=167.185[0m
[dps_slam_node-1] [1;32m[DEBUG] Wall '30' BEFORE transform [livox_frame]: normal=(-0.971971, 0.235103, 0) distance=0.885051 azimuth_deg=166.402[0m
[dps_slam_node-1] [1;32m[DEBUG] Wall '30' AFTER transform [drone0/base_link]: normal=(-0.971971, 0.235103, 0) distance=0.885051 azimuth_deg=166.402[0m
[dps_slam_node-1] [33m[WARN] [1781652960.078308226] [drone0.dps_slam_node]: Received empty DetectionWithIDArray[0m
[dps_slam_node-1] [33m[WARN] [1781652960.154457325] [drone0.dps_slam_node]: Received empty DetectionWithIDArray[0m
[dps_slam_node-1] [33m[WARN] [1781652960.233541586] [drone0.dps_slam_node]: Received empty DetectionWithIDArray[0m
[dps_slam_node-1] [1;32m[DEBUG] Wall '41' BEFORE transform [livox_frame]: normal=(0.00526236, -0.999986, 0) distance=0.554888 azimuth_deg=-89.6985[0m
[dps_slam_node-1] [1;32m[DEBUG] Wall '41' AFTER transform [drone0/base_link]: normal=(0.00526236, -0.999986, 0) distance=0.554888 azimuth_deg=-89.6985[0m
[dps_slam_node-1] [1;32m[DEBUG] Wall '40' BEFORE transform [livox_frame]: normal=(-0.999917, -0.0128641, 0) distance=1.39614 azimuth_deg=-179.263[0m
[dps_slam_node-1] [1;32m[DEBUG] Wall '40' AFTER transform [drone0/base_link]: normal=(-0.999917, -0.0128641, 0) distance=1.39614 azimuth_deg=-179.263[0m
[dps_slam_node-1] [1;32m[DEBUG] Wall '37' BEFORE transform [livox_frame]: normal=(-0.0158068, 0.999875, 0) distance=0.445744 azimuth_deg=90.9057[0m
[dps_slam_node-1] [1;32m[DEBUG] Wall '37' AFTER transform [drone0/base_link]: normal=(-0.0158068, 0.999875, 0) distance=0.445744 azimuth_deg=90.9057[0m
[dps_slam_node-1] [1;32m[DEBUG] Wall '41' BEFORE transform [livox_frame]: normal=(-0.0407202, -0.999171, 0) distance=0.476758 azimuth_deg=-92.3337[0m
[dps_slam_node-1] [1;32m[DEBUG] Wall '41' AFTER transform [drone0/base_link]: normal=(-0.0407202, -0.999171, 0) distance=0.476758 azimuth_deg=-92.3337[0m
[dps_slam_node-1] [1;32m[DEBUG] Wall '37' BEFORE transform [livox_frame]: normal=(0.0406175, 0.999175, 0) distance=0.523624 azimuth_deg=87.6722[0m
[dps_slam_node-1] [1;32m[DEBUG] Wall '37' AFTER transform [drone0/base_link]: normal=(0.0406175, 0.999175, 0) distance=0.523624 azimuth_deg=87.6722[0m
[dps_slam_node-1] [1;32m[DEBUG] Wall '40' BEFORE transform [livox_frame]: normal=(-0.99936, 0.0357648, 0) distance=1.96152 azimuth_deg=177.95[0m
[dps_slam_node-1] [1;32m[DEBUG] Wall '40' AFTER transform [drone0/base_link]: normal=(-0.99936, 0.0357648, 0) distance=1.96152 azimuth_deg=177.95[0m
[dps_slam_node-1] [0;31m[ERROR] [Temp Graph] GRAPH RETURNED A NAN BEFORE OPTIMIZATION
[dps_slam_node-1] 	  at line 165 in function optimizeGraph[0m
[dps_slam_node-1] # Using CHOLMOD poseDim -1 landMarkDim -1 blockordering 1
[dps_slam_node-1] [1;32m[DEBUG] Wall '41' BEFORE transform [livox_frame]: normal=(-0.0201889, -0.999796, 0) distance=0.494136 azimuth_deg=-91.1568[0m
[dps_slam_node-1] [1;32m[DEBUG] Wall '41' AFTER transform [drone0/base_link]: normal=(-0.0201889, -0.999796, 0) distance=0.494136 azimuth_deg=-91.1568[0m
[dps_slam_node-1] [1;32m[DEBUG] Wall '37' BEFORE transform [livox_frame]: normal=(0.0133416, 0.999911, 0) distance=0.505531 azimuth_deg=89.2356[0m
[dps_slam_node-1] [1;32m[DEBUG] Wall '37' AFTER transform [drone0/base_link]: normal=(0.0133416, 0.999911, 0) distance=0.505531 azimuth_deg=89.2356[0m
[dps_slam_node-1] [1;32m[DEBUG] Wall '37' BEFORE transform [livox_frame]: normal=(0.085321, 0.996354, 0) distance=0.523638 azimuth_deg=85.1055[0m
[dps_slam_node-1] [1;32m[DEBUG] Wall '37' AFTER transform [drone0/base_link]: normal=(0.085321, 0.996354, 0) distance=0.523638 azimuth_deg=85.1055[0m
[dps_slam_node-1] [1;32m[DEBUG] Wall '41' BEFORE transform [livox_frame]: normal=(-0.100057, -0.994982, 0) distance=0.46833 azimuth_deg=-95.7425[0m
[dps_slam_node-1] [1;32m[DEBUG] Wall '41' AFTER transform [drone0/base_link]: normal=(-0.100057, -0.994982, 0) distance=0.46833 azimuth_deg=-95.7425[0m
[dps_slam_node-1] [1;32m[DEBUG] Wall '41' BEFORE transform [livox_frame]: normal=(-0.0427445, -0.999086, 0) distance=0.508034 azimuth_deg=-92.4498[0m
[dps_slam_node-1] [1;32m[DEBUG] Wall '41' AFTER transform [drone0/base_link]: normal=(-0.0427445, -0.999086, 0) distance=0.508034 azimuth_deg=-92.4498[0m
[dps_slam_node-1] [1;32m[DEBUG] Wall '37' BEFORE transform [livox_frame]: normal=(0.0404538, 0.999181, 0) distance=0.483607 azimuth_deg=87.6815[0m
[dps_slam_node-1] [1;32m[DEBUG] Wall '37' AFTER transform [drone0/base_link]: normal=(0.0404538, 0.999181, 0) distance=0.483607 azimuth_deg=87.6815[0m
[dps_slam_node-1] [1;32m[DEBUG] Wall '37' BEFORE transform [livox_frame]: normal=(0.0729724, 0.997334, 0) distance=0.491275 azimuth_deg=85.8153[0m
[dps_slam_node-1] [1;32m[DEBUG] Wall '37' AFTER transform [drone0/base_link]: normal=(0.0729724, 0.997334, 0) distance=0.491275 azimuth_deg=85.8153[0m
[dps_slam_node-1] [1;32m[DEBUG] Wall '41' BEFORE transform [livox_frame]: normal=(-0.0766084, -0.997061, 0) distance=0.516746 azimuth_deg=-94.3936[0m
[dps_slam_node-1] [1;32m[DEBUG] Wall '41' AFTER transform [drone0/base_link]: normal=(-0.0766084, -0.997061, 0) distance=0.516746 azimuth_deg=-94.3936[0m
[dps_slam_node-1] # Using CHOLMOD poseDim -1 landMarkDim -1 blockordering 1
[dps_slam_node-1] [1;32m[DEBUG] Wall '41' BEFORE transform [livox_frame]: normal=(-0.0522033, -0.998636, 0) distance=0.528843 azimuth_deg=-92.9924[0m
[dps_slam_node-1] [1;32m[DEBUG] Wall '41' AFTER transform [drone0/base_link]: normal=(-0.0522033, -0.998636, 0) distance=0.528843 azimuth_deg=-92.9924[0m
[dps_slam_node-1] [1;32m[DEBUG] Wall '37' BEFORE transform [livox_frame]: normal=(0.0471995, 0.998885, 0) distance=0.474573 azimuth_deg=87.2947[0m
[dps_slam_node-1] [1;32m[DEBUG] Wall '37' AFTER transform [drone0/base_link]: normal=(0.0471995, 0.998885, 0) distance=0.474573 azimuth_deg=87.2947[0m
[dps_slam_node-1] [1;33m[WARN] Detection geometry not yet supported by the backend: 5[0m
[dps_slam_node-1] [1;32m[DEBUG] Wall '37' BEFORE transform [livox_frame]: normal=(0.0544534, 0.998516, 0) distance=0.499275 azimuth_deg=86.8785[0m
[dps_slam_node-1] [1;32m[DEBUG] Wall '37' AFTER transform [drone0/base_link]: normal=(0.0544534, 0.998516, 0) distance=0.499275 azimuth_deg=86.8785[0m
[dps_slam_node-1] [1;32m[DEBUG] Wall '41' BEFORE transform [livox_frame]: normal=(-0.0567351, -0.998389, 0) distance=0.502094 azimuth_deg=-93.2524[0m
[dps_slam_node-1] [1;32m[DEBUG] Wall '41' AFTER transform [drone0/base_link]: normal=(-0.0567351, -0.998389, 0) distance=0.502094 azimuth_deg=-93.2524[0m
[dps_slam_node-1] [1;32m[DEBUG] Wall '41' BEFORE transform [livox_frame]: normal=(-0.0272898, -0.999628, 0) distance=0.532475 azimuth_deg=-91.5638[0m
[dps_slam_node-1] [1;32m[DEBUG] Wall '41' AFTER transform [drone0/base_link]: normal=(-0.0272898, -0.999628, 0) distance=0.532475 azimuth_deg=-91.5638[0m
[dps_slam_node-1] [1;32m[DEBUG] Wall '37' BEFORE transform [livox_frame]: normal=(0.023498, 0.999724, 0) distance=0.474463 azimuth_deg=88.6535[0m
[dps_slam_node-1] [1;32m[DEBUG] Wall '37' AFTER transform [drone0/base_link]: normal=(0.023498, 0.999724, 0) distance=0.474463 azimuth_deg=88.6535[0m
[dps_slam_node-1] [1;33m[WARN] Detection geometry not yet supported by the backend: 5[0m
