[INFO] [launch]: All log files can be found below /root/.ros/log/2026-06-16-20-21-42-253491-ubuntu-sword-15300
[INFO] [launch]: Default logging verbosity is set to INFO
[INFO] [converter_livox-1]: process started with pid [15378]
[INFO] [detector_node-2]: process started with pid [15380]
[INFO] [local_fusion-3]: process started with pid [15382]
[INFO] [global_fusion-4]: process started with pid [15384]
[converter_livox-1] [INFO] [1781641302.298581579] [converter]: Livox Raw CustomMsg Converter initialized.
[converter_livox-1] [INFO] [1781641302.298684729] [converter]: Accumulating 10 packets per frame.
[local_fusion-3] /usr/lib/python3/dist-packages/scipy/__init__.py:146: UserWarning: A NumPy version >=1.17.3 and <1.25.0 is required for this version of SciPy (detected version 1.26.4
[local_fusion-3]   warnings.warn(f"A NumPy version >={np_minversion} and <{np_maxversion}"
[global_fusion-4] /usr/lib/python3/dist-packages/scipy/__init__.py:146: UserWarning: A NumPy version >=1.17.3 and <1.25.0 is required for this version of SciPy (detected version 1.26.4
[global_fusion-4]   warnings.warn(f"A NumPy version >={np_minversion} and <{np_maxversion}"
[global_fusion-4] [INFO] [1781641302.641232445] [global_fusion_node]: Loading Parameters...
[global_fusion-4] [INFO] [1781641302.643412718] [global_fusion_node]: GLOBAL FUSION CONFIGURATION:
[global_fusion-4] 	match_dist_thresh: 80.0
[global_fusion-4] 	match_angle_thresh_deg: 15.0
[global_fusion-4] 	overlap_thresh: 50.0
[global_fusion-4] 	gate_threshold: 0.8
[global_fusion-4] 	max_misses_thresh: 5
[global_fusion-4] 	sensor_range: 500.0
[global_fusion-4] 	dist_weight: 0.0003333333333333333
[global_fusion-4] 	angle_weight: 0.15915494309189535
[global_fusion-4] 	publish_img_flag: True
[global_fusion-4] 	processed_img_size: 640
[global_fusion-4] 	base_img_size: 3072
[global_fusion-4] 	sensor_posx: 800
[global_fusion-4] 	sensor_posy: 800
[global_fusion-4] 	movement_flag: True
[global_fusion-4] 	map_frame: drone0/map
[global_fusion-4] 	lidar_frame: drone0/base_link
[global_fusion-4] 	manhattan_opt_flag: True
[global_fusion-4] 	corner_max_gap: 80.0
[global_fusion-4] 	svd_lambda_reg: 0.5
[global_fusion-4] 	stable_hits_threshold: 2
[global_fusion-4] 
[global_fusion-4] [INFO] [1781641302.652615450] [global_fusion_node]: Global Fusion Node initialized.
[local_fusion-3] [INFO] [1781641302.816144542] [local_fusion_node]: Loading Parameters...
[local_fusion-3] [INFO] [1781641302.817561265] [local_fusion_node]: LOCAL FUSION CONFIGURATION:
[local_fusion-3] 	dist_threshold: 10.0
[local_fusion-3] 	angle_threshold_deg: 20.0
[local_fusion-3] 	overlap_thresh: 30.0
[local_fusion-3] 	eps: 0.1
[local_fusion-3] 	min_samples: 1
[local_fusion-3] 	wall_connection_threshold: 15.0
[local_fusion-3] 	wall_length_threshold: 50.0
[local_fusion-3] 	publish_img_flag: False
[local_fusion-3] 	processed_img_size: 640
[local_fusion-3] 	base_img_size: 2048
[local_fusion-3] 	sensor_posx: 1024
[local_fusion-3] 	sensor_posy: 1024
[local_fusion-3] 
[detector_node-2] [INFO] [1781641304.158380947] [detector_node]: Using YOLO as Detector Node.
[detector_node-2] [INFO] [1781641304.158546536] [detector_node]: DETECTOR CONFIGURATION:
[detector_node-2] 	capture_inference_image: False
[detector_node-2] 	result_img_size: 1024
[detector_node-2] 	struct_radius: 1
[detector_node-2] 	base_img_size: 2048
[detector_node-2] 	processed_img_size: 1024
[detector_node-2] 	sensor_posx: 1024
[detector_node-2] 	sensor_posy: 1024
[detector_node-2] 	kernel_size: 3
[detector_node-2] 	iterations: 1
[detector_node-2] 	smoothing: none
[detector_node-2] 	sigma: 1.0
[detector_node-2] 	ksize_smoothing: 1
[detector_node-2] 	last_dilation: none
[detector_node-2] 	truncate: False
[detector_node-2] 	thresh: 210
[detector_node-2] 	yolo_model_path: 
[detector_node-2] 	yolo_model_name: yolon1024HD-clean-AdamW_openvino_model
[detector_node-2] 	label: False
[detector_node-2] 
[detector_node-2] [INFO] [1781641304.451275485] [detector_node]: YOLO_DETECTOR detection elapsed time: 0.2917 seconds
[local_fusion-3] [INFO] [1781641304.451463683] [local_fusion_node]: Local Fusion callback triggered.
[detector_node-2] [INFO] [1781641304.476708397] [detector_node]: YOLO_DETECTOR detection elapsed time: 0.0245 seconds
[local_fusion-3] [INFO] [1781641304.477055755] [local_fusion_node]: Local Fusion callback triggered.
[detector_node-2] [INFO] [1781641304.502369479] [detector_node]: YOLO_DETECTOR detection elapsed time: 0.0249 seconds
[local_fusion-3] [INFO] [1781641304.502639050] [local_fusion_node]: Local Fusion callback triggered.
[detector_node-2] [INFO] [1781641304.535458892] [detector_node]: YOLO_DETECTOR detection elapsed time: 0.0322 seconds
[local_fusion-3] [INFO] [1781641304.535715605] [local_fusion_node]: Local Fusion callback triggered.
[detector_node-2] [INFO] [1781641304.571436369] [detector_node]: YOLO_DETECTOR detection elapsed time: 0.0352 seconds
[local_fusion-3] [INFO] [1781641304.571840528] [local_fusion_node]: Local Fusion callback triggered.
[detector_node-2] [INFO] [1781641304.599224297] [detector_node]: YOLO_DETECTOR detection elapsed time: 0.0270 seconds
[local_fusion-3] [INFO] [1781641304.599604151] [local_fusion_node]: Local Fusion callback triggered.
[detector_node-2] [INFO] [1781641304.629257941] [detector_node]: YOLO_DETECTOR detection elapsed time: 0.0291 seconds
[local_fusion-3] [INFO] [1781641304.629656446] [local_fusion_node]: Local Fusion callback triggered.
[detector_node-2] [INFO] [1781641304.659602252] [detector_node]: YOLO_DETECTOR detection elapsed time: 0.0295 seconds
[local_fusion-3] [INFO] [1781641304.659920410] [local_fusion_node]: Local Fusion callback triggered.
[detector_node-2] [INFO] [1781641304.690068465] [detector_node]: YOLO_DETECTOR detection elapsed time: 0.0296 seconds
[local_fusion-3] [INFO] [1781641304.690442251] [local_fusion_node]: Local Fusion callback triggered.
[detector_node-2] [INFO] [1781641304.721434112] [detector_node]: YOLO_DETECTOR detection elapsed time: 0.0305 seconds
[local_fusion-3] [INFO] [1781641304.721868947] [local_fusion_node]: Local Fusion callback triggered.
[detector_node-2] [INFO] [1781641304.750979635] [detector_node]: YOLO_DETECTOR detection elapsed time: 0.0287 seconds
[local_fusion-3] [INFO] [1781641304.751337041] [local_fusion_node]: Local Fusion callback triggered.
[detector_node-2] [INFO] [1781641304.779792688] [detector_node]: YOLO_DETECTOR detection elapsed time: 0.0279 seconds
[local_fusion-3] [INFO] [1781641304.780221956] [local_fusion_node]: Local Fusion callback triggered.
[detector_node-2] [INFO] [1781641304.808894043] [detector_node]: YOLO_DETECTOR detection elapsed time: 0.0282 seconds
[local_fusion-3] [INFO] [1781641304.809274356] [local_fusion_node]: Local Fusion callback triggered.
[detector_node-2] [INFO] [1781641304.836909159] [detector_node]: YOLO_DETECTOR detection elapsed time: 0.0271 seconds
[local_fusion-3] [INFO] [1781641304.837280606] [local_fusion_node]: Local Fusion callback triggered.
[detector_node-2] [INFO] [1781641304.879262959] [detector_node]: YOLO_DETECTOR detection elapsed time: 0.0273 seconds
[local_fusion-3] [INFO] [1781641304.879632927] [local_fusion_node]: Local Fusion callback triggered.
[detector_node-2] [INFO] [1781641304.959370689] [detector_node]: YOLO_DETECTOR detection elapsed time: 0.0252 seconds
[local_fusion-3] [INFO] [1781641304.959709046] [local_fusion_node]: Local Fusion callback triggered.
[detector_node-2] [INFO] [1781641305.058145187] [detector_node]: YOLO_DETECTOR detection elapsed time: 0.0229 seconds
[local_fusion-3] [INFO] [1781641305.058433686] [local_fusion_node]: Local Fusion callback triggered.
[detector_node-2] [INFO] [1781641305.158055474] [detector_node]: YOLO_DETECTOR detection elapsed time: 0.0219 seconds
[local_fusion-3] [INFO] [1781641305.158445624] [local_fusion_node]: Local Fusion callback triggered.
[detector_node-2] [INFO] [1781641305.260863456] [detector_node]: YOLO_DETECTOR detection elapsed time: 0.0269 seconds
[local_fusion-3] [INFO] [1781641305.261287958] [local_fusion_node]: Local Fusion callback triggered.
[detector_node-2] [INFO] [1781641305.361254438] [detector_node]: YOLO_DETECTOR detection elapsed time: 0.0251 seconds
[local_fusion-3] [INFO] [1781641305.361856232] [local_fusion_node]: Local Fusion callback triggered.
[global_fusion-4] [INFO] [1781641305.383963571] [global_fusion_node]: Removing wall ID 4.
[detector_node-2] [INFO] [1781641305.461245983] [detector_node]: YOLO_DETECTOR detection elapsed time: 0.0274 seconds
[local_fusion-3] [INFO] [1781641305.461839004] [local_fusion_node]: Local Fusion callback triggered.
[detector_node-2] [INFO] [1781641305.559533424] [detector_node]: YOLO_DETECTOR detection elapsed time: 0.0234 seconds
[local_fusion-3] [INFO] [1781641305.560134633] [local_fusion_node]: Local Fusion callback triggered.
[detector_node-2] [INFO] [1781641305.656491206] [detector_node]: YOLO_DETECTOR detection elapsed time: 0.0225 seconds
[local_fusion-3] [INFO] [1781641305.656850691] [local_fusion_node]: Local Fusion callback triggered.
[global_fusion-4] [INFO] [1781641305.714208223] [global_fusion_node]: Removing wall ID 6.
[detector_node-2] [INFO] [1781641305.759489761] [detector_node]: YOLO_DETECTOR detection elapsed time: 0.0242 seconds
[local_fusion-3] [INFO] [1781641305.759887643] [local_fusion_node]: Local Fusion callback triggered.
[detector_node-2] [INFO] [1781641305.855010969] [detector_node]: YOLO_DETECTOR detection elapsed time: 0.0212 seconds
[local_fusion-3] [INFO] [1781641305.855425530] [local_fusion_node]: Local Fusion callback triggered.
[detector_node-2] [INFO] [1781641305.959869365] [detector_node]: YOLO_DETECTOR detection elapsed time: 0.0240 seconds
[local_fusion-3] [INFO] [1781641305.960324684] [local_fusion_node]: Local Fusion callback triggered.
[detector_node-2] [INFO] [1781641306.066851848] [detector_node]: YOLO_DETECTOR detection elapsed time: 0.0251 seconds
[local_fusion-3] [INFO] [1781641306.067264803] [local_fusion_node]: Local Fusion callback triggered.
[global_fusion-4] [INFO] [1781641306.132817084] [global_fusion_node]: Removing wall ID 5.
[detector_node-2] [INFO] [1781641306.162093330] [detector_node]: YOLO_DETECTOR detection elapsed time: 0.0275 seconds
[local_fusion-3] [INFO] [1781641306.162422728] [local_fusion_node]: Local Fusion callback triggered.
[detector_node-2] [INFO] [1781641306.260536379] [detector_node]: YOLO_DETECTOR detection elapsed time: 0.0262 seconds
[local_fusion-3] [INFO] [1781641306.260930733] [local_fusion_node]: Local Fusion callback triggered.
[detector_node-2] [INFO] [1781641306.362208151] [detector_node]: YOLO_DETECTOR detection elapsed time: 0.0277 seconds
[local_fusion-3] [INFO] [1781641306.362585877] [local_fusion_node]: Local Fusion callback triggered.
[detector_node-2] [INFO] [1781641306.462899845] [detector_node]: YOLO_DETECTOR detection elapsed time: 0.0270 seconds
[local_fusion-3] [INFO] [1781641306.463197198] [local_fusion_node]: Local Fusion callback triggered.
[detector_node-2] [INFO] [1781641306.559829105] [detector_node]: YOLO_DETECTOR detection elapsed time: 0.0234 seconds
[local_fusion-3] [INFO] [1781641306.560122091] [local_fusion_node]: Local Fusion callback triggered.
[detector_node-2] [INFO] [1781641306.658347509] [detector_node]: YOLO_DETECTOR detection elapsed time: 0.0244 seconds
[local_fusion-3] [INFO] [1781641306.658733258] [local_fusion_node]: Local Fusion callback triggered.
[global_fusion-4] [INFO] [1781641306.669714031] [global_fusion_node]: Removing wall ID 10.
[detector_node-2] [INFO] [1781641306.763107667] [detector_node]: YOLO_DETECTOR detection elapsed time: 0.0255 seconds
[local_fusion-3] [INFO] [1781641306.763534042] [local_fusion_node]: Local Fusion callback triggered.
[detector_node-2] [INFO] [1781641306.860336180] [detector_node]: YOLO_DETECTOR detection elapsed time: 0.0221 seconds
[local_fusion-3] [INFO] [1781641306.860761793] [local_fusion_node]: Local Fusion callback triggered.
[global_fusion-4] [INFO] [1781641306.925554387] [global_fusion_node]: Removing wall ID 11.
[detector_node-2] [INFO] [1781641306.969164875] [detector_node]: YOLO_DETECTOR detection elapsed time: 0.0277 seconds
[local_fusion-3] [INFO] [1781641306.969432525] [local_fusion_node]: Local Fusion callback triggered.
[detector_node-2] [INFO] [1781641307.063765103] [detector_node]: YOLO_DETECTOR detection elapsed time: 0.0279 seconds
[local_fusion-3] [INFO] [1781641307.064096936] [local_fusion_node]: Local Fusion callback triggered.
[detector_node-2] [INFO] [1781641307.165891486] [detector_node]: YOLO_DETECTOR detection elapsed time: 0.0304 seconds
[local_fusion-3] [INFO] [1781641307.166252517] [local_fusion_node]: Local Fusion callback triggered.
[detector_node-2] [INFO] [1781641307.264268911] [detector_node]: YOLO_DETECTOR detection elapsed time: 0.0295 seconds
[local_fusion-3] [INFO] [1781641307.264673527] [local_fusion_node]: Local Fusion callback triggered.
[detector_node-2] [INFO] [1781641307.377707627] [detector_node]: YOLO_DETECTOR detection elapsed time: 0.0301 seconds
[local_fusion-3] [INFO] [1781641307.378154432] [local_fusion_node]: Local Fusion callback triggered.
[detector_node-2] [INFO] [1781641307.460555428] [detector_node]: YOLO_DETECTOR detection elapsed time: 0.0252 seconds
[local_fusion-3] [INFO] [1781641307.460895680] [local_fusion_node]: Local Fusion callback triggered.
[detector_node-2] [INFO] [1781641307.559869181] [detector_node]: YOLO_DETECTOR detection elapsed time: 0.0245 seconds
[local_fusion-3] [INFO] [1781641307.560181680] [local_fusion_node]: Local Fusion callback triggered.
[detector_node-2] [INFO] [1781641307.657680553] [detector_node]: YOLO_DETECTOR detection elapsed time: 0.0222 seconds
[local_fusion-3] [INFO] [1781641307.658099662] [local_fusion_node]: Local Fusion callback triggered.
[detector_node-2] [INFO] [1781641307.765359224] [detector_node]: YOLO_DETECTOR detection elapsed time: 0.0243 seconds
[local_fusion-3] [INFO] [1781641307.765798152] [local_fusion_node]: Local Fusion callback triggered.
[detector_node-2] [INFO] [1781641307.866975204] [detector_node]: YOLO_DETECTOR detection elapsed time: 0.0269 seconds
[local_fusion-3] [INFO] [1781641307.867423437] [local_fusion_node]: Local Fusion callback triggered.
[detector_node-2] [INFO] [1781641307.967535748] [detector_node]: YOLO_DETECTOR detection elapsed time: 0.0249 seconds
[local_fusion-3] [INFO] [1781641307.967975386] [local_fusion_node]: Local Fusion callback triggered.
[detector_node-2] [INFO] [1781641308.059778817] [detector_node]: YOLO_DETECTOR detection elapsed time: 0.0253 seconds
[local_fusion-3] [INFO] [1781641308.060196168] [local_fusion_node]: Local Fusion callback triggered.
[detector_node-2] [INFO] [1781641308.162418179] [detector_node]: YOLO_DETECTOR detection elapsed time: 0.0267 seconds
[local_fusion-3] [INFO] [1781641308.162730535] [local_fusion_node]: Local Fusion callback triggered.
[global_fusion-4] [WARN] [1781641308.260916038] [global_fusion_node]: TF transform failed: Lookup would require extrapolation into the future.  Requested time 455.769991 but the latest data is at time 455.763634, when looking up transform from frame [drone0/base_link] to frame [drone0/map]
[detector_node-2] [INFO] [1781641308.266452565] [detector_node]: YOLO_DETECTOR detection elapsed time: 0.0276 seconds
[local_fusion-3] [INFO] [1781641308.266878897] [local_fusion_node]: Local Fusion callback triggered.
[global_fusion-4] [WARN] [1781641308.361173233] [global_fusion_node]: TF transform failed: Lookup would require extrapolation into the future.  Requested time 455.870711 but the latest data is at time 455.847730, when looking up transform from frame [drone0/base_link] to frame [drone0/map]
[detector_node-2] [INFO] [1781641308.363101922] [detector_node]: YOLO_DETECTOR detection elapsed time: 0.0247 seconds
[local_fusion-3] [INFO] [1781641308.363470946] [local_fusion_node]: Local Fusion callback triggered.
[global_fusion-4] [WARN] [1781641308.451530920] [global_fusion_node]: TF transform failed: Lookup would require extrapolation into the future.  Requested time 455.963595 but the latest data is at time 455.943512, when looking up transform from frame [drone0/base_link] to frame [drone0/map]
[detector_node-2] [INFO] [1781641308.463335711] [detector_node]: YOLO_DETECTOR detection elapsed time: 0.0265 seconds
[local_fusion-3] [INFO] [1781641308.463747563] [local_fusion_node]: Local Fusion callback triggered.
[global_fusion-4] [WARN] [1781641308.534468438] [global_fusion_node]: TF transform failed: Lookup would require extrapolation into the future.  Requested time 456.070869 but the latest data is at time 456.033476, when looking up transform from frame [drone0/base_link] to frame [drone0/map]
[detector_node-2] [INFO] [1781641308.558990429] [detector_node]: YOLO_DETECTOR detection elapsed time: 0.0230 seconds
[local_fusion-3] [INFO] [1781641308.559325868] [local_fusion_node]: Local Fusion callback triggered.
[global_fusion-4] [WARN] [1781641308.621260796] [global_fusion_node]: TF transform failed: Lookup would require extrapolation into the future.  Requested time 456.171080 but the latest data is at time 456.113588, when looking up transform from frame [drone0/base_link] to frame [drone0/map]
[detector_node-2] [INFO] [1781641308.665781242] [detector_node]: YOLO_DETECTOR detection elapsed time: 0.0280 seconds
[local_fusion-3] [INFO] [1781641308.666199847] [local_fusion_node]: Local Fusion callback triggered.
[global_fusion-4] [WARN] [1781641308.712256230] [global_fusion_node]: TF transform failed: Lookup would require extrapolation into the future.  Requested time 456.269958 but the latest data is at time 456.197928, when looking up transform from frame [drone0/base_link] to frame [drone0/map]
[detector_node-2] [INFO] [1781641308.762573122] [detector_node]: YOLO_DETECTOR detection elapsed time: 0.0256 seconds
[local_fusion-3] [INFO] [1781641308.763029843] [local_fusion_node]: Local Fusion callback triggered.
[global_fusion-4] [WARN] [1781641308.789605903] [global_fusion_node]: TF transform failed: Lookup would require extrapolation into the future.  Requested time 456.370707 but the latest data is at time 456.287726, when looking up transform from frame [drone0/base_link] to frame [drone0/map]
[detector_node-2] [INFO] [1781641308.861820463] [detector_node]: YOLO_DETECTOR detection elapsed time: 0.0250 seconds
[local_fusion-3] [INFO] [1781641308.862247298] [local_fusion_node]: Local Fusion callback triggered.
[global_fusion-4] [WARN] [1781641308.894625988] [global_fusion_node]: TF transform failed: Lookup would require extrapolation into the future.  Requested time 456.470036 but the latest data is at time 456.383378, when looking up transform from frame [drone0/base_link] to frame [drone0/map]
[detector_node-2] [INFO] [1781641308.970711647] [detector_node]: YOLO_DETECTOR detection elapsed time: 0.0296 seconds
[local_fusion-3] [INFO] [1781641308.971361976] [local_fusion_node]: Local Fusion callback triggered.
[global_fusion-4] [WARN] [1781641308.982659315] [global_fusion_node]: TF transform failed: Lookup would require extrapolation into the future.  Requested time 456.569606 but the latest data is at time 456.473220, when looking up transform from frame [drone0/base_link] to frame [drone0/map]
[global_fusion-4] [WARN] [1781641309.051643845] [global_fusion_node]: TF transform failed: Lookup would require extrapolation into the future.  Requested time 456.670840 but the latest data is at time 456.557921, when looking up transform from frame [drone0/base_link] to frame [drone0/map]
[detector_node-2] [INFO] [1781641309.066238423] [detector_node]: YOLO_DETECTOR detection elapsed time: 0.0302 seconds
[local_fusion-3] [INFO] [1781641309.066634062] [local_fusion_node]: Local Fusion callback triggered.
[global_fusion-4] [WARN] [1781641309.150533670] [global_fusion_node]: TF transform failed: Lookup would require extrapolation into the future.  Requested time 456.769973 but the latest data is at time 456.653496, when looking up transform from frame [drone0/base_link] to frame [drone0/map]
[detector_node-2] [INFO] [1781641309.167337548] [detector_node]: YOLO_DETECTOR detection elapsed time: 0.0286 seconds
[local_fusion-3] [INFO] [1781641309.167767097] [local_fusion_node]: Local Fusion callback triggered.
[global_fusion-4] [WARN] [1781641309.236549208] [global_fusion_node]: TF transform failed: Lookup would require extrapolation into the future.  Requested time 456.870237 but the latest data is at time 456.732807, when looking up transform from frame [drone0/base_link] to frame [drone0/map]
[detector_node-2] [INFO] [1781641309.265618251] [detector_node]: YOLO_DETECTOR detection elapsed time: 0.0290 seconds
[local_fusion-3] [INFO] [1781641309.265898021] [local_fusion_node]: Local Fusion callback triggered.
[global_fusion-4] [WARN] [1781641309.322058819] [global_fusion_node]: TF transform failed: Lookup would require extrapolation into the future.  Requested time 456.970640 but the latest data is at time 456.813621, when looking up transform from frame [drone0/base_link] to frame [drone0/map]
[detector_node-2] [INFO] [1781641309.361397447] [detector_node]: YOLO_DETECTOR detection elapsed time: 0.0238 seconds
[local_fusion-3] [INFO] [1781641309.361816520] [local_fusion_node]: Local Fusion callback triggered.
[global_fusion-4] [WARN] [1781641309.393753742] [global_fusion_node]: TF transform failed: Lookup would require extrapolation into the future.  Requested time 457.069924 but the latest data is at time 456.897753, when looking up transform from frame [drone0/base_link] to frame [drone0/map]
[detector_node-2] [INFO] [1781641309.458442595] [detector_node]: YOLO_DETECTOR detection elapsed time: 0.0235 seconds
[local_fusion-3] [INFO] [1781641309.458825726] [local_fusion_node]: Local Fusion callback triggered.
[global_fusion-4] [WARN] [1781641309.503314043] [global_fusion_node]: TF transform failed: Lookup would require extrapolation into the future.  Requested time 457.170768 but the latest data is at time 456.983502, when looking up transform from frame [drone0/base_link] to frame [drone0/map]
[detector_node-2] [INFO] [1781641309.560783129] [detector_node]: YOLO_DETECTOR detection elapsed time: 0.0226 seconds
[local_fusion-3] [INFO] [1781641309.561206089] [local_fusion_node]: Local Fusion callback triggered.
[global_fusion-4] [WARN] [1781641309.592081437] [global_fusion_node]: TF transform failed: Lookup would require extrapolation into the future.  Requested time 457.270773 but the latest data is at time 457.083276, when looking up transform from frame [drone0/base_link] to frame [drone0/map]
[detector_node-2] [INFO] [1781641309.656903028] [detector_node]: YOLO_DETECTOR detection elapsed time: 0.0229 seconds
[local_fusion-3] [INFO] [1781641309.657338709] [local_fusion_node]: Local Fusion callback triggered.
[global_fusion-4] [WARN] [1781641309.681631072] [global_fusion_node]: TF transform failed: Lookup would require extrapolation into the future.  Requested time 457.369932 but the latest data is at time 457.173630, when looking up transform from frame [drone0/base_link] to frame [drone0/map]
[global_fusion-4] [WARN] [1781641309.754486099] [global_fusion_node]: TF transform failed: Lookup would require extrapolation into the future.  Requested time 457.470811 but the latest data is at time 457.257804, when looking up transform from frame [drone0/base_link] to frame [drone0/map]
[detector_node-2] [INFO] [1781641309.766831501] [detector_node]: YOLO_DETECTOR detection elapsed time: 0.0279 seconds
[local_fusion-3] [INFO] [1781641309.767237531] [local_fusion_node]: Local Fusion callback triggered.
[global_fusion-4] [WARN] [1781641309.842804392] [global_fusion_node]: TF transform failed: Lookup would require extrapolation into the future.  Requested time 457.567074 but the latest data is at time 457.338658, when looking up transform from frame [drone0/base_link] to frame [drone0/map]
[detector_node-2] [INFO] [1781641309.863215769] [detector_node]: YOLO_DETECTOR detection elapsed time: 0.0272 seconds
[local_fusion-3] [INFO] [1781641309.863648365] [local_fusion_node]: Local Fusion callback triggered.
[global_fusion-4] [WARN] [1781641309.931832846] [global_fusion_node]: TF transform failed: Lookup would require extrapolation into the future.  Requested time 457.670199 but the latest data is at time 457.423533, when looking up transform from frame [drone0/base_link] to frame [drone0/map]
[detector_node-2] [INFO] [1781641309.961733071] [detector_node]: YOLO_DETECTOR detection elapsed time: 0.0276 seconds
[local_fusion-3] [INFO] [1781641309.962132852] [local_fusion_node]: Local Fusion callback triggered.
[global_fusion-4] [WARN] [1781641310.019082691] [global_fusion_node]: TF transform failed: Lookup would require extrapolation into the future.  Requested time 457.769864 but the latest data is at time 457.508252, when looking up transform from frame [drone0/base_link] to frame [drone0/map]
[detector_node-2] [INFO] [1781641310.068487498] [detector_node]: YOLO_DETECTOR detection elapsed time: 0.0266 seconds
[local_fusion-3] [INFO] [1781641310.068817515] [local_fusion_node]: Local Fusion callback triggered.
[global_fusion-4] [WARN] [1781641310.105784338] [global_fusion_node]: TF transform failed: Lookup would require extrapolation into the future.  Requested time 457.870797 but the latest data is at time 457.597793, when looking up transform from frame [drone0/base_link] to frame [drone0/map]
[detector_node-2] [INFO] [1781641310.160132849] [detector_node]: YOLO_DETECTOR detection elapsed time: 0.0233 seconds
[local_fusion-3] [INFO] [1781641310.160566964] [local_fusion_node]: Local Fusion callback triggered.
[global_fusion-4] [WARN] [1781641310.195353084] [global_fusion_node]: TF transform failed: Lookup would require extrapolation into the future.  Requested time 457.970049 but the latest data is at time 457.683196, when looking up transform from frame [drone0/base_link] to frame [drone0/map]
[detector_node-2] [INFO] [1781641310.263889626] [detector_node]: YOLO_DETECTOR detection elapsed time: 0.0267 seconds
[local_fusion-3] [INFO] [1781641310.264305408] [local_fusion_node]: Local Fusion callback triggered.
[global_fusion-4] [WARN] [1781641310.283959485] [global_fusion_node]: TF transform failed: Lookup would require extrapolation into the future.  Requested time 458.070780 but the latest data is at time 457.773487, when looking up transform from frame [drone0/base_link] to frame [drone0/map]
[global_fusion-4] [INFO] [1781641310.289194648] [global_fusion_node]: Removing wall ID 14.
[global_fusion-4] [WARN] [1781641310.352396549] [global_fusion_node]: TF transform failed: Lookup would require extrapolation into the future.  Requested time 458.170355 but the latest data is at time 457.864050, when looking up transform from frame [drone0/base_link] to frame [drone0/map]
[detector_node-2] [INFO] [1781641310.360257431] [detector_node]: YOLO_DETECTOR detection elapsed time: 0.0244 seconds
[local_fusion-3] [INFO] [1781641310.360651709] [local_fusion_node]: Local Fusion callback triggered.
[global_fusion-4] [WARN] [1781641310.446037065] [global_fusion_node]: TF transform failed: Lookup would require extrapolation into the future.  Requested time 458.269855 but the latest data is at time 457.942851, when looking up transform from frame [drone0/base_link] to frame [drone0/map]
[detector_node-2] [INFO] [1781641310.459754488] [detector_node]: YOLO_DETECTOR detection elapsed time: 0.0220 seconds
[local_fusion-3] [INFO] [1781641310.460217966] [local_fusion_node]: Local Fusion callback triggered.
[global_fusion-4] [WARN] [1781641310.537163765] [global_fusion_node]: TF transform failed: Lookup would require extrapolation into the future.  Requested time 458.370688 but the latest data is at time 458.037574, when looking up transform from frame [drone0/base_link] to frame [drone0/map]
[detector_node-2] [INFO] [1781641310.561830126] [detector_node]: YOLO_DETECTOR detection elapsed time: 0.0241 seconds
[local_fusion-3] [INFO] [1781641310.562173259] [local_fusion_node]: Local Fusion callback triggered.
[global_fusion-4] [WARN] [1781641310.628652144] [global_fusion_node]: TF transform failed: Lookup would require extrapolation into the future.  Requested time 458.469974 but the latest data is at time 458.117993, when looking up transform from frame [drone0/base_link] to frame [drone0/map]
[detector_node-2] [INFO] [1781641310.666494003] [detector_node]: YOLO_DETECTOR detection elapsed time: 0.0265 seconds
[local_fusion-3] [INFO] [1781641310.666823729] [local_fusion_node]: Local Fusion callback triggered.
[global_fusion-4] [WARN] [1781641310.691513699] [global_fusion_node]: TF transform failed: Lookup would require extrapolation into the future.  Requested time 458.570124 but the latest data is at time 458.207616, when looking up transform from frame [drone0/base_link] to frame [drone0/map]
[detector_node-2] [INFO] [1781641310.762998832] [detector_node]: YOLO_DETECTOR detection elapsed time: 0.0258 seconds
[local_fusion-3] [INFO] [1781641310.763295771] [local_fusion_node]: Local Fusion callback triggered.
[global_fusion-4] [WARN] [1781641310.808481581] [global_fusion_node]: TF transform failed: Lookup would require extrapolation into the future.  Requested time 458.670694 but the latest data is at time 458.297730, when looking up transform from frame [drone0/base_link] to frame [drone0/map]
[detector_node-2] [INFO] [1781641310.866092459] [detector_node]: YOLO_DETECTOR detection elapsed time: 0.0287 seconds
[local_fusion-3] [INFO] [1781641310.866520554] [local_fusion_node]: Local Fusion callback triggered.
[global_fusion-4] [WARN] [1781641310.897967145] [global_fusion_node]: TF transform failed: Lookup would require extrapolation into the future.  Requested time 458.770103 but the latest data is at time 458.383498, when looking up transform from frame [drone0/base_link] to frame [drone0/map]
[detector_node-2] [INFO] [1781641310.961763977] [detector_node]: YOLO_DETECTOR detection elapsed time: 0.0252 seconds
[local_fusion-3] [INFO] [1781641310.962194708] [local_fusion_node]: Local Fusion callback triggered.
[global_fusion-4] [WARN] [1781641310.992122565] [global_fusion_node]: TF transform failed: Lookup would require extrapolation into the future.  Requested time 458.869985 but the latest data is at time 458.483245, when looking up transform from frame [drone0/base_link] to frame [drone0/map]
[detector_node-2] [INFO] [1781641311.062372692] [detector_node]: YOLO_DETECTOR detection elapsed time: 0.0239 seconds
[local_fusion-3] [INFO] [1781641311.062668025] [local_fusion_node]: Local Fusion callback triggered.
[global_fusion-4] [WARN] [1781641311.076511680] [global_fusion_node]: TF transform failed: Lookup would require extrapolation into the future.  Requested time 458.970729 but the latest data is at time 458.573549, when looking up transform from frame [drone0/base_link] to frame [drone0/map]
[detector_node-2] [INFO] [1781641311.164579754] [detector_node]: YOLO_DETECTOR detection elapsed time: 0.0263 seconds
[local_fusion-3] [INFO] [1781641311.164919897] [local_fusion_node]: Local Fusion callback triggered.
[global_fusion-4] [WARN] [1781641311.168448087] [global_fusion_node]: TF transform failed: Lookup would require extrapolation into the future.  Requested time 459.069858 but the latest data is at time 458.657856, when looking up transform from frame [drone0/base_link] to frame [drone0/map]
[global_fusion-4] [WARN] [1781641311.256460691] [global_fusion_node]: TF transform failed: Lookup would require extrapolation into the future.  Requested time 459.169984 but the latest data is at time 458.747544, when looking up transform from frame [drone0/base_link] to frame [drone0/map]
[detector_node-2] [INFO] [1781641311.258169992] [detector_node]: YOLO_DETECTOR detection elapsed time: 0.0219 seconds
[local_fusion-3] [INFO] [1781641311.258575558] [local_fusion_node]: Local Fusion callback triggered.
[global_fusion-4] [WARN] [1781641311.343176445] [global_fusion_node]: TF transform failed: Lookup would require extrapolation into the future.  Requested time 459.270710 but the latest data is at time 458.843669, when looking up transform from frame [drone0/base_link] to frame [drone0/map]
[detector_node-2] [INFO] [1781641311.363965652] [detector_node]: YOLO_DETECTOR detection elapsed time: 0.0272 seconds
[local_fusion-3] [INFO] [1781641311.364296275] [local_fusion_node]: Local Fusion callback triggered.
[global_fusion-4] [WARN] [1781641311.438092837] [global_fusion_node]: TF transform failed: Lookup would require extrapolation into the future.  Requested time 459.369860 but the latest data is at time 459.147707, when looking up transform from frame [drone0/base_link] to frame [drone0/map]
[detector_node-2] [INFO] [1781641311.464618011] [detector_node]: YOLO_DETECTOR detection elapsed time: 0.0241 seconds
[local_fusion-3] [INFO] [1781641311.464984284] [local_fusion_node]: Local Fusion callback triggered.
[global_fusion-4] [WARN] [1781641311.534433568] [global_fusion_node]: TF transform failed: Lookup would require extrapolation into the future.  Requested time 459.469906 but the latest data is at time 459.423581, when looking up transform from frame [drone0/base_link] to frame [drone0/map]
[detector_node-2] [INFO] [1781641311.562155647] [detector_node]: YOLO_DETECTOR detection elapsed time: 0.0241 seconds
[local_fusion-3] [INFO] [1781641311.562578471] [local_fusion_node]: Local Fusion callback triggered.
[detector_node-2] [INFO] [1781641311.660764002] [detector_node]: YOLO_DETECTOR detection elapsed time: 0.0223 seconds
[local_fusion-3] [INFO] [1781641311.661203232] [local_fusion_node]: Local Fusion callback triggered.
[detector_node-2] [INFO] [1781641311.764208582] [detector_node]: YOLO_DETECTOR detection elapsed time: 0.0238 seconds
[local_fusion-3] [INFO] [1781641311.764559525] [local_fusion_node]: Local Fusion callback triggered.
[detector_node-2] [INFO] [1781641311.862226117] [detector_node]: YOLO_DETECTOR detection elapsed time: 0.0244 seconds
[local_fusion-3] [INFO] [1781641311.862658245] [local_fusion_node]: Local Fusion callback triggered.
[detector_node-2] [INFO] [1781641311.966848877] [detector_node]: YOLO_DETECTOR detection elapsed time: 0.0284 seconds
[local_fusion-3] [INFO] [1781641311.967257202] [local_fusion_node]: Local Fusion callback triggered.
[detector_node-2] [INFO] [1781641312.063181864] [detector_node]: YOLO_DETECTOR detection elapsed time: 0.0206 seconds
[local_fusion-3] [INFO] [1781641312.063547054] [local_fusion_node]: Local Fusion callback triggered.
[detector_node-2] [INFO] [1781641312.161778407] [detector_node]: YOLO_DETECTOR detection elapsed time: 0.0245 seconds
[local_fusion-3] [INFO] [1781641312.162196999] [local_fusion_node]: Local Fusion callback triggered.
[global_fusion-4] [INFO] [1781641312.211091864] [global_fusion_node]: Removing wall ID 18.
[global_fusion-4] [INFO] [1781641312.211327250] [global_fusion_node]: Removing wall ID 19.
[detector_node-2] [INFO] [1781641312.260983393] [detector_node]: YOLO_DETECTOR detection elapsed time: 0.0232 seconds
[local_fusion-3] [INFO] [1781641312.261457255] [local_fusion_node]: Local Fusion callback triggered.
[detector_node-2] [INFO] [1781641312.368898325] [detector_node]: YOLO_DETECTOR detection elapsed time: 0.0318 seconds
[local_fusion-3] [INFO] [1781641312.369292772] [local_fusion_node]: Local Fusion callback triggered.
[detector_node-2] [INFO] [1781641312.465110747] [detector_node]: YOLO_DETECTOR detection elapsed time: 0.0284 seconds
[local_fusion-3] [INFO] [1781641312.465490992] [local_fusion_node]: Local Fusion callback triggered.
[detector_node-2] [INFO] [1781641312.564549421] [detector_node]: YOLO_DETECTOR detection elapsed time: 0.0263 seconds
[local_fusion-3] [INFO] [1781641312.564932462] [local_fusion_node]: Local Fusion callback triggered.
[detector_node-2] [INFO] [1781641312.663664034] [detector_node]: YOLO_DETECTOR detection elapsed time: 0.0249 seconds
[local_fusion-3] [INFO] [1781641312.664063470] [local_fusion_node]: Local Fusion callback triggered.
[detector_node-2] [INFO] [1781641312.762553607] [detector_node]: YOLO_DETECTOR detection elapsed time: 0.0274 seconds
[local_fusion-3] [INFO] [1781641312.762948473] [local_fusion_node]: Local Fusion callback triggered.
[detector_node-2] [INFO] [1781641312.864289563] [detector_node]: YOLO_DETECTOR detection elapsed time: 0.0284 seconds
[local_fusion-3] [INFO] [1781641312.864625746] [local_fusion_node]: Local Fusion callback triggered.
[detector_node-2] [INFO] [1781641312.960616134] [detector_node]: YOLO_DETECTOR detection elapsed time: 0.0234 seconds
[local_fusion-3] [INFO] [1781641312.961082001] [local_fusion_node]: Local Fusion callback triggered.
[detector_node-2] [INFO] [1781641313.062782906] [detector_node]: YOLO_DETECTOR detection elapsed time: 0.0246 seconds
[local_fusion-3] [INFO] [1781641313.063204199] [local_fusion_node]: Local Fusion callback triggered.
[detector_node-2] [INFO] [1781641313.167005767] [detector_node]: YOLO_DETECTOR detection elapsed time: 0.0286 seconds
[local_fusion-3] [INFO] [1781641313.167358550] [local_fusion_node]: Local Fusion callback triggered.
[detector_node-2] [INFO] [1781641313.262365177] [detector_node]: YOLO_DETECTOR detection elapsed time: 0.0221 seconds
[local_fusion-3] [INFO] [1781641313.262790761] [local_fusion_node]: Local Fusion callback triggered.
[detector_node-2] [INFO] [1781641313.361031519] [detector_node]: YOLO_DETECTOR detection elapsed time: 0.0244 seconds
[local_fusion-3] [INFO] [1781641313.361689135] [local_fusion_node]: Local Fusion callback triggered.
[detector_node-2] [INFO] [1781641313.464505853] [detector_node]: YOLO_DETECTOR detection elapsed time: 0.0286 seconds
[local_fusion-3] [INFO] [1781641313.465213342] [local_fusion_node]: Local Fusion callback triggered.
[detector_node-2] [INFO] [1781641313.565332783] [detector_node]: YOLO_DETECTOR detection elapsed time: 0.0296 seconds
[local_fusion-3] [INFO] [1781641313.565916720] [local_fusion_node]: Local Fusion callback triggered.
[detector_node-2] [INFO] [1781641313.660891769] [detector_node]: YOLO_DETECTOR detection elapsed time: 0.0245 seconds
[local_fusion-3] [INFO] [1781641313.661390333] [local_fusion_node]: Local Fusion callback triggered.
[detector_node-2] [INFO] [1781641313.761308197] [detector_node]: YOLO_DETECTOR detection elapsed time: 0.0249 seconds
[local_fusion-3] [INFO] [1781641313.761749622] [local_fusion_node]: Local Fusion callback triggered.
[detector_node-2] [INFO] [1781641313.860608663] [detector_node]: YOLO_DETECTOR detection elapsed time: 0.0229 seconds
[local_fusion-3] [INFO] [1781641313.861001860] [local_fusion_node]: Local Fusion callback triggered.
[detector_node-2] [INFO] [1781641313.963556533] [detector_node]: YOLO_DETECTOR detection elapsed time: 0.0257 seconds
[local_fusion-3] [INFO] [1781641313.963866200] [local_fusion_node]: Local Fusion callback triggered.
[detector_node-2] [INFO] [1781641314.058848684] [detector_node]: YOLO_DETECTOR detection elapsed time: 0.0237 seconds
[local_fusion-3] [INFO] [1781641314.059327700] [local_fusion_node]: Local Fusion callback triggered.
[detector_node-2] [INFO] [1781641314.162685076] [detector_node]: YOLO_DETECTOR detection elapsed time: 0.0259 seconds
[local_fusion-3] [INFO] [1781641314.163039607] [local_fusion_node]: Local Fusion callback triggered.
[detector_node-2] [INFO] [1781641314.265787877] [detector_node]: YOLO_DETECTOR detection elapsed time: 0.0305 seconds
[local_fusion-3] [INFO] [1781641314.266101087] [local_fusion_node]: Local Fusion callback triggered.
[detector_node-2] [INFO] [1781641314.361330201] [detector_node]: YOLO_DETECTOR detection elapsed time: 0.0261 seconds
[local_fusion-3] [INFO] [1781641314.361680798] [local_fusion_node]: Local Fusion callback triggered.
[detector_node-2] [INFO] [1781641314.465011716] [detector_node]: YOLO_DETECTOR detection elapsed time: 0.0253 seconds
[local_fusion-3] [INFO] [1781641314.465328509] [local_fusion_node]: Local Fusion callback triggered.
[detector_node-2] [INFO] [1781641314.567437734] [detector_node]: YOLO_DETECTOR detection elapsed time: 0.0321 seconds
[local_fusion-3] [INFO] [1781641314.567856525] [local_fusion_node]: Local Fusion callback triggered.
[detector_node-2] [INFO] [1781641314.667194026] [detector_node]: YOLO_DETECTOR detection elapsed time: 0.0322 seconds
[local_fusion-3] [INFO] [1781641314.667769202] [local_fusion_node]: Local Fusion callback triggered.
[detector_node-2] [INFO] [1781641314.759897130] [detector_node]: YOLO_DETECTOR detection elapsed time: 0.0249 seconds
[local_fusion-3] [INFO] [1781641314.760477970] [local_fusion_node]: Local Fusion callback triggered.
[detector_node-2] [INFO] [1781641314.859873400] [detector_node]: YOLO_DETECTOR detection elapsed time: 0.0249 seconds
[local_fusion-3] [INFO] [1781641314.860455351] [local_fusion_node]: Local Fusion callback triggered.
[detector_node-2] [INFO] [1781641314.958421303] [detector_node]: YOLO_DETECTOR detection elapsed time: 0.0248 seconds
[local_fusion-3] [INFO] [1781641314.959013104] [local_fusion_node]: Local Fusion callback triggered.
[detector_node-2] [INFO] [1781641315.061893913] [detector_node]: YOLO_DETECTOR detection elapsed time: 0.0271 seconds
[local_fusion-3] [INFO] [1781641315.062435647] [local_fusion_node]: Local Fusion callback triggered.
[detector_node-2] [INFO] [1781641315.162708534] [detector_node]: YOLO_DETECTOR detection elapsed time: 0.0282 seconds
[local_fusion-3] [INFO] [1781641315.163082716] [local_fusion_node]: Local Fusion callback triggered.
[detector_node-2] [INFO] [1781641315.260109276] [detector_node]: YOLO_DETECTOR detection elapsed time: 0.0270 seconds
[local_fusion-3] [INFO] [1781641315.260518981] [local_fusion_node]: Local Fusion callback triggered.
[detector_node-2] [INFO] [1781641315.360180489] [detector_node]: YOLO_DETECTOR detection elapsed time: 0.0254 seconds
[local_fusion-3] [INFO] [1781641315.360560575] [local_fusion_node]: Local Fusion callback triggered.
[detector_node-2] [INFO] [1781641315.478533503] [detector_node]: YOLO_DETECTOR detection elapsed time: 0.0363 seconds
[local_fusion-3] [INFO] [1781641315.478780415] [local_fusion_node]: Local Fusion callback triggered.
[detector_node-2] [INFO] [1781641315.565778824] [detector_node]: YOLO_DETECTOR detection elapsed time: 0.0282 seconds
[local_fusion-3] [INFO] [1781641315.566192784] [local_fusion_node]: Local Fusion callback triggered.
[detector_node-2] [INFO] [1781641315.660792973] [detector_node]: YOLO_DETECTOR detection elapsed time: 0.0254 seconds
[local_fusion-3] [INFO] [1781641315.661167474] [local_fusion_node]: Local Fusion callback triggered.
[detector_node-2] [INFO] [1781641315.759085609] [detector_node]: YOLO_DETECTOR detection elapsed time: 0.0250 seconds
[local_fusion-3] [INFO] [1781641315.759499149] [local_fusion_node]: Local Fusion callback triggered.
[detector_node-2] [INFO] [1781641315.859217161] [detector_node]: YOLO_DETECTOR detection elapsed time: 0.0229 seconds
[local_fusion-3] [INFO] [1781641315.859632398] [local_fusion_node]: Local Fusion callback triggered.
[detector_node-2] [INFO] [1781641315.961309810] [detector_node]: YOLO_DETECTOR detection elapsed time: 0.0252 seconds
[local_fusion-3] [INFO] [1781641315.961921113] [local_fusion_node]: Local Fusion callback triggered.
[detector_node-2] [INFO] [1781641316.063140271] [detector_node]: YOLO_DETECTOR detection elapsed time: 0.0282 seconds
[local_fusion-3] [INFO] [1781641316.063548573] [local_fusion_node]: Local Fusion callback triggered.
[detector_node-2] [INFO] [1781641316.168168164] [detector_node]: YOLO_DETECTOR detection elapsed time: 0.0273 seconds
[local_fusion-3] [INFO] [1781641316.168477655] [local_fusion_node]: Local Fusion callback triggered.
[detector_node-2] [INFO] [1781641316.262678312] [detector_node]: YOLO_DETECTOR detection elapsed time: 0.0247 seconds
[local_fusion-3] [INFO] [1781641316.263099353] [local_fusion_node]: Local Fusion callback triggered.
[detector_node-2] [INFO] [1781641316.362808874] [detector_node]: YOLO_DETECTOR detection elapsed time: 0.0248 seconds
[local_fusion-3] [INFO] [1781641316.363087307] [local_fusion_node]: Local Fusion callback triggered.
[detector_node-2] [INFO] [1781641316.458953067] [detector_node]: YOLO_DETECTOR detection elapsed time: 0.0246 seconds
[local_fusion-3] [INFO] [1781641316.459269636] [local_fusion_node]: Local Fusion callback triggered.
[detector_node-2] [INFO] [1781641316.560716014] [detector_node]: YOLO_DETECTOR detection elapsed time: 0.0252 seconds
[local_fusion-3] [INFO] [1781641316.560964762] [local_fusion_node]: Local Fusion callback triggered.
[detector_node-2] [INFO] [1781641316.662958461] [detector_node]: YOLO_DETECTOR detection elapsed time: 0.0274 seconds
[local_fusion-3] [INFO] [1781641316.663335674] [local_fusion_node]: Local Fusion callback triggered.
[detector_node-2] [INFO] [1781641316.762724214] [detector_node]: YOLO_DETECTOR detection elapsed time: 0.0265 seconds
[local_fusion-3] [INFO] [1781641316.763063376] [local_fusion_node]: Local Fusion callback triggered.
[detector_node-2] [INFO] [1781641316.860873987] [detector_node]: YOLO_DETECTOR detection elapsed time: 0.0256 seconds
[local_fusion-3] [INFO] [1781641316.861140567] [local_fusion_node]: Local Fusion callback triggered.
[detector_node-2] [INFO] [1781641316.966313158] [detector_node]: YOLO_DETECTOR detection elapsed time: 0.0270 seconds
[local_fusion-3] [INFO] [1781641316.966717974] [local_fusion_node]: Local Fusion callback triggered.
[detector_node-2] [INFO] [1781641317.068805247] [detector_node]: YOLO_DETECTOR detection elapsed time: 0.0273 seconds
[local_fusion-3] [INFO] [1781641317.069216583] [local_fusion_node]: Local Fusion callback triggered.
[detector_node-2] [INFO] [1781641317.160382676] [detector_node]: YOLO_DETECTOR detection elapsed time: 0.0253 seconds
[local_fusion-3] [INFO] [1781641317.160779353] [local_fusion_node]: Local Fusion callback triggered.
[detector_node-2] [INFO] [1781641317.260692399] [detector_node]: YOLO_DETECTOR detection elapsed time: 0.0258 seconds
[local_fusion-3] [INFO] [1781641317.261155841] [local_fusion_node]: Local Fusion callback triggered.
[detector_node-2] [INFO] [1781641317.362131660] [detector_node]: YOLO_DETECTOR detection elapsed time: 0.0239 seconds
[local_fusion-3] [INFO] [1781641317.362513496] [local_fusion_node]: Local Fusion callback triggered.
[detector_node-2] [INFO] [1781641317.458353347] [detector_node]: YOLO_DETECTOR detection elapsed time: 0.0229 seconds
[local_fusion-3] [INFO] [1781641317.458624012] [local_fusion_node]: Local Fusion callback triggered.
[detector_node-2] [INFO] [1781641317.566180231] [detector_node]: YOLO_DETECTOR detection elapsed time: 0.0305 seconds
[local_fusion-3] [INFO] [1781641317.566575564] [local_fusion_node]: Local Fusion callback triggered.
[detector_node-2] [INFO] [1781641317.671493349] [detector_node]: YOLO_DETECTOR detection elapsed time: 0.0309 seconds
[local_fusion-3] [INFO] [1781641317.671939994] [local_fusion_node]: Local Fusion callback triggered.
[detector_node-2] [INFO] [1781641317.765448428] [detector_node]: YOLO_DETECTOR detection elapsed time: 0.0243 seconds
[local_fusion-3] [INFO] [1781641317.765550608] [local_fusion_node]: Local Fusion callback triggered.
[detector_node-2] [INFO] [1781641317.863880519] [detector_node]: YOLO_DETECTOR detection elapsed time: 0.0274 seconds
[local_fusion-3] [INFO] [1781641317.864265499] [local_fusion_node]: Local Fusion callback triggered.
[detector_node-2] [INFO] [1781641317.965045710] [detector_node]: YOLO_DETECTOR detection elapsed time: 0.0265 seconds
[local_fusion-3] [INFO] [1781641317.965492688] [local_fusion_node]: Local Fusion callback triggered.
[detector_node-2] [INFO] [1781641318.059109489] [detector_node]: YOLO_DETECTOR detection elapsed time: 0.0235 seconds
[local_fusion-3] [INFO] [1781641318.059513522] [local_fusion_node]: Local Fusion callback triggered.
[detector_node-2] [INFO] [1781641318.165775140] [detector_node]: YOLO_DETECTOR detection elapsed time: 0.0261 seconds
[local_fusion-3] [INFO] [1781641318.166420152] [local_fusion_node]: Local Fusion callback triggered.
[detector_node-2] [INFO] [1781641318.261237383] [detector_node]: YOLO_DETECTOR detection elapsed time: 0.0229 seconds
[local_fusion-3] [INFO] [1781641318.261455900] [local_fusion_node]: Local Fusion callback triggered.
[detector_node-2] [INFO] [1781641318.363529942] [detector_node]: YOLO_DETECTOR detection elapsed time: 0.0266 seconds
[local_fusion-3] [INFO] [1781641318.363940797] [local_fusion_node]: Local Fusion callback triggered.
[detector_node-2] [INFO] [1781641318.463346629] [detector_node]: YOLO_DETECTOR detection elapsed time: 0.0248 seconds
[local_fusion-3] [INFO] [1781641318.463795585] [local_fusion_node]: Local Fusion callback triggered.
[detector_node-2] [INFO] [1781641318.565877105] [detector_node]: YOLO_DETECTOR detection elapsed time: 0.0249 seconds
[local_fusion-3] [INFO] [1781641318.566197234] [local_fusion_node]: Local Fusion callback triggered.
[detector_node-2] [INFO] [1781641318.665319355] [detector_node]: YOLO_DETECTOR detection elapsed time: 0.0287 seconds
[local_fusion-3] [INFO] [1781641318.665775944] [local_fusion_node]: Local Fusion callback triggered.
[detector_node-2] [INFO] [1781641318.761822135] [detector_node]: YOLO_DETECTOR detection elapsed time: 0.0227 seconds
[local_fusion-3] [INFO] [1781641318.762276190] [local_fusion_node]: Local Fusion callback triggered.
[detector_node-2] [INFO] [1781641318.863437076] [detector_node]: YOLO_DETECTOR detection elapsed time: 0.0256 seconds
[local_fusion-3] [INFO] [1781641318.863827907] [local_fusion_node]: Local Fusion callback triggered.
[detector_node-2] [INFO] [1781641318.968897518] [detector_node]: YOLO_DETECTOR detection elapsed time: 0.0314 seconds
[local_fusion-3] [INFO] [1781641318.969149142] [local_fusion_node]: Local Fusion callback triggered.
[detector_node-2] [INFO] [1781641319.065141734] [detector_node]: YOLO_DETECTOR detection elapsed time: 0.0255 seconds
[local_fusion-3] [INFO] [1781641319.065539796] [local_fusion_node]: Local Fusion callback triggered.
[detector_node-2] [INFO] [1781641319.161742382] [detector_node]: YOLO_DETECTOR detection elapsed time: 0.0250 seconds
[local_fusion-3] [INFO] [1781641319.162121223] [local_fusion_node]: Local Fusion callback triggered.
[detector_node-2] [INFO] [1781641319.263830032] [detector_node]: YOLO_DETECTOR detection elapsed time: 0.0253 seconds
[local_fusion-3] [INFO] [1781641319.264418224] [local_fusion_node]: Local Fusion callback triggered.
[detector_node-2] [INFO] [1781641319.362467883] [detector_node]: YOLO_DETECTOR detection elapsed time: 0.0256 seconds
[local_fusion-3] [INFO] [1781641319.362825675] [local_fusion_node]: Local Fusion callback triggered.
[detector_node-2] [INFO] [1781641319.464072286] [detector_node]: YOLO_DETECTOR detection elapsed time: 0.0251 seconds
[local_fusion-3] [INFO] [1781641319.464422302] [local_fusion_node]: Local Fusion callback triggered.
[detector_node-2] [INFO] [1781641319.567594189] [detector_node]: YOLO_DETECTOR detection elapsed time: 0.0274 seconds
[local_fusion-3] [INFO] [1781641319.568119859] [local_fusion_node]: Local Fusion callback triggered.
[detector_node-2] [INFO] [1781641319.665881329] [detector_node]: YOLO_DETECTOR detection elapsed time: 0.0263 seconds
[local_fusion-3] [INFO] [1781641319.666251098] [local_fusion_node]: Local Fusion callback triggered.
[detector_node-2] [INFO] [1781641319.763538796] [detector_node]: YOLO_DETECTOR detection elapsed time: 0.0248 seconds
[local_fusion-3] [INFO] [1781641319.763885843] [local_fusion_node]: Local Fusion callback triggered.
[detector_node-2] [INFO] [1781641319.865308911] [detector_node]: YOLO_DETECTOR detection elapsed time: 0.0257 seconds
[local_fusion-3] [INFO] [1781641319.865502028] [local_fusion_node]: Local Fusion callback triggered.
[detector_node-2] [INFO] [1781641319.958233182] [detector_node]: YOLO_DETECTOR detection elapsed time: 0.0247 seconds
[local_fusion-3] [INFO] [1781641319.958537906] [local_fusion_node]: Local Fusion callback triggered.
[detector_node-2] [INFO] [1781641320.067175327] [detector_node]: YOLO_DETECTOR detection elapsed time: 0.0239 seconds
[local_fusion-3] [INFO] [1781641320.067547805] [local_fusion_node]: Local Fusion callback triggered.
[detector_node-2] [INFO] [1781641320.165450260] [detector_node]: YOLO_DETECTOR detection elapsed time: 0.0250 seconds
[local_fusion-3] [INFO] [1781641320.165667548] [local_fusion_node]: Local Fusion callback triggered.
[detector_node-2] [INFO] [1781641320.270248023] [detector_node]: YOLO_DETECTOR detection elapsed time: 0.0282 seconds
[local_fusion-3] [INFO] [1781641320.270545409] [local_fusion_node]: Local Fusion callback triggered.
[detector_node-2] [INFO] [1781641320.373425777] [detector_node]: YOLO_DETECTOR detection elapsed time: 0.0270 seconds
[local_fusion-3] [INFO] [1781641320.373835087] [local_fusion_node]: Local Fusion callback triggered.
[detector_node-2] [INFO] [1781641320.470061903] [detector_node]: YOLO_DETECTOR detection elapsed time: 0.0248 seconds
[local_fusion-3] [INFO] [1781641320.470417699] [local_fusion_node]: Local Fusion callback triggered.
[detector_node-2] [INFO] [1781641320.573387099] [detector_node]: YOLO_DETECTOR detection elapsed time: 0.0233 seconds
[local_fusion-3] [INFO] [1781641320.573788852] [local_fusion_node]: Local Fusion callback triggered.
[detector_node-2] [INFO] [1781641320.669086705] [detector_node]: YOLO_DETECTOR detection elapsed time: 0.0263 seconds
[local_fusion-3] [INFO] [1781641320.669488422] [local_fusion_node]: Local Fusion callback triggered.
[global_fusion-4] [WARN] [1781641320.675205036] [global_fusion_node]: TF transform failed: Lookup would require extrapolation into the future.  Requested time 468.570761 but the latest data is at time 468.549184, when looking up transform from frame [drone0/base_link] to frame [drone0/map]
[detector_node-2] [INFO] [1781641320.767855408] [detector_node]: YOLO_DETECTOR detection elapsed time: 0.0247 seconds
[local_fusion-3] [INFO] [1781641320.768246224] [local_fusion_node]: Local Fusion callback triggered.
[global_fusion-4] [WARN] [1781641320.786232730] [global_fusion_node]: TF transform failed: Lookup would require extrapolation into the future.  Requested time 468.669900 but the latest data is at time 468.553634, when looking up transform from frame [drone0/base_link] to frame [drone0/map]
[detector_node-2] [INFO] [1781641320.871941218] [detector_node]: YOLO_DETECTOR detection elapsed time: 0.0268 seconds
[local_fusion-3] [INFO] [1781641320.872370282] [local_fusion_node]: Local Fusion callback triggered.
[global_fusion-4] [WARN] [1781641320.894950934] [global_fusion_node]: TF transform failed: Lookup would require extrapolation into the future.  Requested time 468.770894 but the latest data is at time 468.557964, when looking up transform from frame [drone0/base_link] to frame [drone0/map]
[detector_node-2] [INFO] [1781641320.970770816] [detector_node]: YOLO_DETECTOR detection elapsed time: 0.0259 seconds
[local_fusion-3] [INFO] [1781641320.971133172] [local_fusion_node]: Local Fusion callback triggered.
[global_fusion-4] [WARN] [1781641321.004244050] [global_fusion_node]: TF transform failed: Lookup would require extrapolation into the future.  Requested time 468.870727 but the latest data is at time 468.563546, when looking up transform from frame [drone0/base_link] to frame [drone0/map]
[detector_node-2] [INFO] [1781641321.072029647] [detector_node]: YOLO_DETECTOR detection elapsed time: 0.0259 seconds
[local_fusion-3] [INFO] [1781641321.072436515] [local_fusion_node]: Local Fusion callback triggered.
[global_fusion-4] [WARN] [1781641321.113461310] [global_fusion_node]: TF transform failed: Lookup would require extrapolation into the future.  Requested time 468.969925 but the latest data is at time 468.587863, when looking up transform from frame [drone0/base_link] to frame [drone0/map]
[detector_node-2] [INFO] [1781641321.174364536] [detector_node]: YOLO_DETECTOR detection elapsed time: 0.0266 seconds
[local_fusion-3] [INFO] [1781641321.174766159] [local_fusion_node]: Local Fusion callback triggered.
[global_fusion-4] [WARN] [1781641321.202191718] [global_fusion_node]: TF transform failed: Lookup would require extrapolation into the future.  Requested time 469.070791 but the latest data is at time 468.693618, when looking up transform from frame [drone0/base_link] to frame [drone0/map]
[detector_node-2] [INFO] [1781641321.272591358] [detector_node]: YOLO_DETECTOR detection elapsed time: 0.0272 seconds
[local_fusion-3] [INFO] [1781641321.272963005] [local_fusion_node]: Local Fusion callback triggered.
[global_fusion-4] [WARN] [1781641321.332821943] [global_fusion_node]: TF transform failed: Lookup would require extrapolation into the future.  Requested time 469.170002 but the latest data is at time 468.803520, when looking up transform from frame [drone0/base_link] to frame [drone0/map]
[detector_node-2] [INFO] [1781641321.373317454] [detector_node]: YOLO_DETECTOR detection elapsed time: 0.0274 seconds
[local_fusion-3] [INFO] [1781641321.373649121] [local_fusion_node]: Local Fusion callback triggered.
[global_fusion-4] [WARN] [1781641321.443360170] [global_fusion_node]: TF transform failed: Lookup would require extrapolation into the future.  Requested time 469.270825 but the latest data is at time 468.913399, when looking up transform from frame [drone0/base_link] to frame [drone0/map]
[detector_node-2] [INFO] [1781641321.480758437] [detector_node]: YOLO_DETECTOR detection elapsed time: 0.0335 seconds
[local_fusion-3] [INFO] [1781641321.481198597] [local_fusion_node]: Local Fusion callback triggered.
[global_fusion-4] [WARN] [1781641321.560516375] [global_fusion_node]: TF transform failed: Lookup would require extrapolation into the future.  Requested time 469.369939 but the latest data is at time 469.027788, when looking up transform from frame [drone0/base_link] to frame [drone0/map]
[detector_node-2] [INFO] [1781641321.571853703] [detector_node]: YOLO_DETECTOR detection elapsed time: 0.0259 seconds
[local_fusion-3] [INFO] [1781641321.572097106] [local_fusion_node]: Local Fusion callback triggered.
[global_fusion-4] [WARN] [1781641321.673237294] [global_fusion_node]: TF transform failed: Lookup would require extrapolation into the future.  Requested time 469.470749 but the latest data is at time 469.143505, when looking up transform from frame [drone0/base_link] to frame [drone0/map]
[detector_node-2] [INFO] [1781641321.674835448] [detector_node]: YOLO_DETECTOR detection elapsed time: 0.0305 seconds
[local_fusion-3] [INFO] [1781641321.675215310] [local_fusion_node]: Local Fusion callback triggered.
[detector_node-2] [INFO] [1781641321.771800061] [detector_node]: YOLO_DETECTOR detection elapsed time: 0.0255 seconds
[local_fusion-3] [INFO] [1781641321.772246428] [local_fusion_node]: Local Fusion callback triggered.
[global_fusion-4] [WARN] [1781641321.776455511] [global_fusion_node]: TF transform failed: Lookup would require extrapolation into the future.  Requested time 469.570812 but the latest data is at time 469.253660, when looking up transform from frame [drone0/base_link] to frame [drone0/map]
[global_fusion-4] [WARN] [1781641321.860295798] [global_fusion_node]: TF transform failed: Lookup would require extrapolation into the future.  Requested time 469.669853 but the latest data is at time 469.368038, when looking up transform from frame [drone0/base_link] to frame [drone0/map]
[detector_node-2] [INFO] [1781641321.872849784] [detector_node]: YOLO_DETECTOR detection elapsed time: 0.0289 seconds
[local_fusion-3] [INFO] [1781641321.873285798] [local_fusion_node]: Local Fusion callback triggered.
[detector_node-2] [INFO] [1781641321.971144440] [detector_node]: YOLO_DETECTOR detection elapsed time: 0.0282 seconds
[local_fusion-3] [INFO] [1781641321.971546405] [local_fusion_node]: Local Fusion callback triggered.
[global_fusion-4] [WARN] [1781641322.012226607] [global_fusion_node]: TF transform failed: Lookup would require extrapolation into the future.  Requested time 469.770067 but the latest data is at time 469.483363, when looking up transform from frame [drone0/base_link] to frame [drone0/map]
[detector_node-2] [INFO] [1781641322.075693457] [detector_node]: YOLO_DETECTOR detection elapsed time: 0.0284 seconds
[local_fusion-3] [INFO] [1781641322.076124298] [local_fusion_node]: Local Fusion callback triggered.
[global_fusion-4] [WARN] [1781641322.121691562] [global_fusion_node]: TF transform failed: Lookup would require extrapolation into the future.  Requested time 469.870804 but the latest data is at time 469.597710, when looking up transform from frame [drone0/base_link] to frame [drone0/map]
[detector_node-2] [INFO] [1781641322.179929670] [detector_node]: YOLO_DETECTOR detection elapsed time: 0.0351 seconds
[local_fusion-3] [INFO] [1781641322.180239311] [local_fusion_node]: Local Fusion callback triggered.
[global_fusion-4] [WARN] [1781641322.230984809] [global_fusion_node]: TF transform failed: Lookup would require extrapolation into the future.  Requested time 469.969874 but the latest data is at time 469.707824, when looking up transform from frame [drone0/base_link] to frame [drone0/map]
[detector_node-2] [INFO] [1781641322.267762247] [detector_node]: YOLO_DETECTOR detection elapsed time: 0.0238 seconds
[local_fusion-3] [INFO] [1781641322.268145213] [local_fusion_node]: Local Fusion callback triggered.
[global_fusion-4] [WARN] [1781641322.307301330] [global_fusion_node]: TF transform failed: Lookup would require extrapolation into the future.  Requested time 470.070045 but the latest data is at time 469.817814, when looking up transform from frame [drone0/base_link] to frame [drone0/map]
[detector_node-2] [INFO] [1781641322.374317051] [detector_node]: YOLO_DETECTOR detection elapsed time: 0.0295 seconds
[local_fusion-3] [INFO] [1781641322.374691376] [local_fusion_node]: Local Fusion callback triggered.
[global_fusion-4] [WARN] [1781641322.436339059] [global_fusion_node]: TF transform failed: Lookup would require extrapolation into the future.  Requested time 470.170691 but the latest data is at time 469.924329, when looking up transform from frame [drone0/base_link] to frame [drone0/map]
[detector_node-2] [INFO] [1781641322.472663286] [detector_node]: YOLO_DETECTOR detection elapsed time: 0.0276 seconds
[local_fusion-3] [INFO] [1781641322.473096422] [local_fusion_node]: Local Fusion callback triggered.
[global_fusion-4] [WARN] [1781641322.572070406] [global_fusion_node]: TF transform failed: Lookup would require extrapolation into the future.  Requested time 470.270719 but the latest data is at time 470.043541, when looking up transform from frame [drone0/base_link] to frame [drone0/map]
[detector_node-2] [INFO] [1781641322.573336697] [detector_node]: YOLO_DETECTOR detection elapsed time: 0.0281 seconds
[local_fusion-3] [INFO] [1781641322.573616972] [local_fusion_node]: Local Fusion callback triggered.
[detector_node-2] [INFO] [1781641322.674879553] [detector_node]: YOLO_DETECTOR detection elapsed time: 0.0280 seconds
[local_fusion-3] [INFO] [1781641322.675302224] [local_fusion_node]: Local Fusion callback triggered.
[global_fusion-4] [WARN] [1781641322.683878224] [global_fusion_node]: TF transform failed: Lookup would require extrapolation into the future.  Requested time 470.369676 but the latest data is at time 470.157824, when looking up transform from frame [drone0/base_link] to frame [drone0/map]
[detector_node-2] [INFO] [1781641322.771285910] [detector_node]: YOLO_DETECTOR detection elapsed time: 0.0263 seconds
[local_fusion-3] [INFO] [1781641322.771612994] [local_fusion_node]: Local Fusion callback triggered.
[global_fusion-4] [WARN] [1781641322.794789145] [global_fusion_node]: TF transform failed: Lookup would require extrapolation into the future.  Requested time 470.469880 but the latest data is at time 470.267654, when looking up transform from frame [drone0/base_link] to frame [drone0/map]
[detector_node-2] [INFO] [1781641322.869306313] [detector_node]: YOLO_DETECTOR detection elapsed time: 0.0260 seconds
[local_fusion-3] [INFO] [1781641322.869566327] [local_fusion_node]: Local Fusion callback triggered.
[global_fusion-4] [WARN] [1781641322.906470893] [global_fusion_node]: TF transform failed: Lookup would require extrapolation into the future.  Requested time 470.569623 but the latest data is at time 470.377818, when looking up transform from frame [drone0/base_link] to frame [drone0/map]
[detector_node-2] [INFO] [1781641322.974351315] [detector_node]: YOLO_DETECTOR detection elapsed time: 0.0275 seconds
[local_fusion-3] [INFO] [1781641322.974739110] [local_fusion_node]: Local Fusion callback triggered.
[global_fusion-4] [WARN] [1781641323.015199785] [global_fusion_node]: TF transform failed: Lookup would require extrapolation into the future.  Requested time 470.670040 but the latest data is at time 470.493654, when looking up transform from frame [drone0/base_link] to frame [drone0/map]
[detector_node-2] [INFO] [1781641323.065838570] [detector_node]: YOLO_DETECTOR detection elapsed time: 0.0233 seconds
[local_fusion-3] [INFO] [1781641323.066217016] [local_fusion_node]: Local Fusion callback triggered.
[global_fusion-4] [WARN] [1781641323.116395546] [global_fusion_node]: TF transform failed: Lookup would require extrapolation into the future.  Requested time 470.769942 but the latest data is at time 470.597939, when looking up transform from frame [drone0/base_link] to frame [drone0/map]
[detector_node-2] [INFO] [1781641323.176640163] [detector_node]: YOLO_DETECTOR detection elapsed time: 0.0313 seconds
[local_fusion-3] [INFO] [1781641323.177069997] [local_fusion_node]: Local Fusion callback triggered.
[global_fusion-4] [WARN] [1781641323.229426231] [global_fusion_node]: TF transform failed: Lookup would require extrapolation into the future.  Requested time 470.869892 but the latest data is at time 470.713612, when looking up transform from frame [drone0/base_link] to frame [drone0/map]
[detector_node-2] [INFO] [1781641323.272288172] [detector_node]: YOLO_DETECTOR detection elapsed time: 0.0293 seconds
[local_fusion-3] [INFO] [1781641323.272617779] [local_fusion_node]: Local Fusion callback triggered.
[global_fusion-4] [WARN] [1781641323.341884744] [global_fusion_node]: TF transform failed: Lookup would require extrapolation into the future.  Requested time 470.969789 but the latest data is at time 470.823406, when looking up transform from frame [drone0/base_link] to frame [drone0/map]
[detector_node-2] [INFO] [1781641323.369377987] [detector_node]: YOLO_DETECTOR detection elapsed time: 0.0255 seconds
[local_fusion-3] [INFO] [1781641323.369689951] [local_fusion_node]: Local Fusion callback triggered.
[global_fusion-4] [WARN] [1781641323.449848205] [global_fusion_node]: TF transform failed: Lookup would require extrapolation into the future.  Requested time 471.069976 but the latest data is at time 470.933594, when looking up transform from frame [drone0/base_link] to frame [drone0/map]
[detector_node-2] [INFO] [1781641323.469541901] [detector_node]: YOLO_DETECTOR detection elapsed time: 0.0257 seconds
[local_fusion-3] [INFO] [1781641323.469950008] [local_fusion_node]: Local Fusion callback triggered.
[detector_node-2] [INFO] [1781641323.575578108] [detector_node]: YOLO_DETECTOR detection elapsed time: 0.0284 seconds
[global_fusion-4] [WARN] [1781641323.575965643] [global_fusion_node]: TF transform failed: Lookup would require extrapolation into the future.  Requested time 471.169977 but the latest data is at time 471.047862, when looking up transform from frame [drone0/base_link] to frame [drone0/map]
[local_fusion-3] [INFO] [1781641323.575972281] [local_fusion_node]: Local Fusion callback triggered.
[detector_node-2] [INFO] [1781641323.673606738] [detector_node]: YOLO_DETECTOR detection elapsed time: 0.0271 seconds
[local_fusion-3] [INFO] [1781641323.674116739] [local_fusion_node]: Local Fusion callback triggered.
[global_fusion-4] [WARN] [1781641323.683717909] [global_fusion_node]: TF transform failed: Lookup would require extrapolation into the future.  Requested time 471.270864 but the latest data is at time 471.163656, when looking up transform from frame [drone0/base_link] to frame [drone0/map]
[detector_node-2] [INFO] [1781641323.768532320] [detector_node]: YOLO_DETECTOR detection elapsed time: 0.0283 seconds
[local_fusion-3] [INFO] [1781641323.768910824] [local_fusion_node]: Local Fusion callback triggered.
[global_fusion-4] [WARN] [1781641323.804748237] [global_fusion_node]: TF transform failed: Lookup would require extrapolation into the future.  Requested time 471.371583 but the latest data is at time 471.272694, when looking up transform from frame [drone0/base_link] to frame [drone0/map]
[detector_node-2] [INFO] [1781641323.868286653] [detector_node]: YOLO_DETECTOR detection elapsed time: 0.0249 seconds
[local_fusion-3] [INFO] [1781641323.868609309] [local_fusion_node]: Local Fusion callback triggered.
[global_fusion-4] [WARN] [1781641323.911213457] [global_fusion_node]: TF transform failed: Lookup would require extrapolation into the future.  Requested time 471.470716 but the latest data is at time 471.387973, when looking up transform from frame [drone0/base_link] to frame [drone0/map]
[detector_node-2] [INFO] [1781641323.974338412] [detector_node]: YOLO_DETECTOR detection elapsed time: 0.0317 seconds
[local_fusion-3] [INFO] [1781641323.974583914] [local_fusion_node]: Local Fusion callback triggered.
[global_fusion-4] [WARN] [1781641324.014369518] [global_fusion_node]: TF transform failed: Lookup would require extrapolation into the future.  Requested time 471.570011 but the latest data is at time 471.493397, when looking up transform from frame [drone0/base_link] to frame [drone0/map]
[detector_node-2] [INFO] [1781641324.071239785] [detector_node]: YOLO_DETECTOR detection elapsed time: 0.0294 seconds
[local_fusion-3] [INFO] [1781641324.071504058] [local_fusion_node]: Local Fusion callback triggered.
[global_fusion-4] [WARN] [1781641324.122205613] [global_fusion_node]: TF transform failed: Lookup would require extrapolation into the future.  Requested time 471.669949 but the latest data is at time 471.597919, when looking up transform from frame [drone0/base_link] to frame [drone0/map]
[detector_node-2] [INFO] [1781641324.166650215] [detector_node]: YOLO_DETECTOR detection elapsed time: 0.0251 seconds
[local_fusion-3] [INFO] [1781641324.166901341] [local_fusion_node]: Local Fusion callback triggered.
[global_fusion-4] [WARN] [1781641324.235303476] [global_fusion_node]: TF transform failed: Lookup would require extrapolation into the future.  Requested time 471.770809 but the latest data is at time 471.713442, when looking up transform from frame [drone0/base_link] to frame [drone0/map]
[detector_node-2] [INFO] [1781641324.270554593] [detector_node]: YOLO_DETECTOR detection elapsed time: 0.0264 seconds
[local_fusion-3] [INFO] [1781641324.270915949] [local_fusion_node]: Local Fusion callback triggered.
[global_fusion-4] [WARN] [1781641324.343709974] [global_fusion_node]: TF transform failed: Lookup would require extrapolation into the future.  Requested time 471.870738 but the latest data is at time 471.823528, when looking up transform from frame [drone0/base_link] to frame [drone0/map]
[detector_node-2] [INFO] [1781641324.370576761] [detector_node]: YOLO_DETECTOR detection elapsed time: 0.0262 seconds
[local_fusion-3] [INFO] [1781641324.370939875] [local_fusion_node]: Local Fusion callback triggered.
[global_fusion-4] [WARN] [1781641324.454363829] [global_fusion_node]: TF transform failed: Lookup would require extrapolation into the future.  Requested time 471.970720 but the latest data is at time 471.933524, when looking up transform from frame [drone0/base_link] to frame [drone0/map]
[detector_node-2] [INFO] [1781641324.471298456] [detector_node]: YOLO_DETECTOR detection elapsed time: 0.0284 seconds
[local_fusion-3] [INFO] [1781641324.471685233] [local_fusion_node]: Local Fusion callback triggered.
[global_fusion-4] [WARN] [1781641324.565894230] [global_fusion_node]: TF transform failed: Lookup would require extrapolation into the future.  Requested time 472.070758 but the latest data is at time 472.043629, when looking up transform from frame [drone0/base_link] to frame [drone0/map]
[detector_node-2] [INFO] [1781641324.567576299] [detector_node]: YOLO_DETECTOR detection elapsed time: 0.0251 seconds
[local_fusion-3] [INFO] [1781641324.568014499] [local_fusion_node]: Local Fusion callback triggered.
[detector_node-2] [INFO] [1781641324.667861624] [detector_node]: YOLO_DETECTOR detection elapsed time: 0.0241 seconds
[local_fusion-3] [INFO] [1781641324.668298843] [local_fusion_node]: Local Fusion callback triggered.
[global_fusion-4] [WARN] [1781641324.683341554] [global_fusion_node]: TF transform failed: Lookup would require extrapolation into the future.  Requested time 472.170761 but the latest data is at time 472.153367, when looking up transform from frame [drone0/base_link] to frame [drone0/map]
[detector_node-2] [INFO] [1781641324.767409213] [detector_node]: YOLO_DETECTOR detection elapsed time: 0.0257 seconds
[local_fusion-3] [INFO] [1781641324.767703340] [local_fusion_node]: Local Fusion callback triggered.
[global_fusion-4] [WARN] [1781641324.792831711] [global_fusion_node]: TF transform failed: Lookup would require extrapolation into the future.  Requested time 472.269957 but the latest data is at time 472.263605, when looking up transform from frame [drone0/base_link] to frame [drone0/map]
[detector_node-2] [INFO] [1781641324.871171234] [detector_node]: YOLO_DETECTOR detection elapsed time: 0.0247 seconds
[local_fusion-3] [INFO] [1781641324.871492992] [local_fusion_node]: Local Fusion callback triggered.
[detector_node-2] [INFO] [1781641324.969026011] [detector_node]: YOLO_DETECTOR detection elapsed time: 0.0252 seconds
[local_fusion-3] [INFO] [1781641324.969431824] [local_fusion_node]: Local Fusion callback triggered.
[detector_node-2] [INFO] [1781641325.066530718] [detector_node]: YOLO_DETECTOR detection elapsed time: 0.0263 seconds
[local_fusion-3] [INFO] [1781641325.066911453] [local_fusion_node]: Local Fusion callback triggered.
[detector_node-2] [INFO] [1781641325.170034079] [detector_node]: YOLO_DETECTOR detection elapsed time: 0.0254 seconds
[local_fusion-3] [INFO] [1781641325.170385374] [local_fusion_node]: Local Fusion callback triggered.
[detector_node-2] [INFO] [1781641325.266821367] [detector_node]: YOLO_DETECTOR detection elapsed time: 0.0256 seconds
[local_fusion-3] [INFO] [1781641325.267164079] [local_fusion_node]: Local Fusion callback triggered.
[detector_node-2] [INFO] [1781641325.372551922] [detector_node]: YOLO_DETECTOR detection elapsed time: 0.0288 seconds
[local_fusion-3] [INFO] [1781641325.372864988] [local_fusion_node]: Local Fusion callback triggered.
[detector_node-2] [INFO] [1781641325.475197392] [detector_node]: YOLO_DETECTOR detection elapsed time: 0.0340 seconds
[local_fusion-3] [INFO] [1781641325.475565296] [local_fusion_node]: Local Fusion callback triggered.
[detector_node-2] [INFO] [1781641325.571270839] [detector_node]: YOLO_DETECTOR detection elapsed time: 0.0264 seconds
[local_fusion-3] [INFO] [1781641325.571689236] [local_fusion_node]: Local Fusion callback triggered.
[detector_node-2] [INFO] [1781641325.668199288] [detector_node]: YOLO_DETECTOR detection elapsed time: 0.0286 seconds
[local_fusion-3] [INFO] [1781641325.668427851] [local_fusion_node]: Local Fusion callback triggered.
[detector_node-2] [INFO] [1781641325.772147897] [detector_node]: YOLO_DETECTOR detection elapsed time: 0.0295 seconds
[local_fusion-3] [INFO] [1781641325.772591636] [local_fusion_node]: Local Fusion callback triggered.
[detector_node-2] [INFO] [1781641325.868625106] [detector_node]: YOLO_DETECTOR detection elapsed time: 0.0235 seconds
[local_fusion-3] [INFO] [1781641325.869043634] [local_fusion_node]: Local Fusion callback triggered.
[detector_node-2] [INFO] [1781641325.966813424] [detector_node]: YOLO_DETECTOR detection elapsed time: 0.0259 seconds
[local_fusion-3] [INFO] [1781641325.967225497] [local_fusion_node]: Local Fusion callback triggered.
[detector_node-2] [INFO] [1781641326.067476624] [detector_node]: YOLO_DETECTOR detection elapsed time: 0.0259 seconds
[local_fusion-3] [INFO] [1781641326.067875243] [local_fusion_node]: Local Fusion callback triggered.
[detector_node-2] [INFO] [1781641326.166827818] [detector_node]: YOLO_DETECTOR detection elapsed time: 0.0243 seconds
[local_fusion-3] [INFO] [1781641326.167099399] [local_fusion_node]: Local Fusion callback triggered.
[detector_node-2] [INFO] [1781641326.269236846] [detector_node]: YOLO_DETECTOR detection elapsed time: 0.0246 seconds
[local_fusion-3] [INFO] [1781641326.269642712] [local_fusion_node]: Local Fusion callback triggered.
[detector_node-2] [INFO] [1781641326.368372521] [detector_node]: YOLO_DETECTOR detection elapsed time: 0.0258 seconds
[local_fusion-3] [INFO] [1781641326.368795813] [local_fusion_node]: Local Fusion callback triggered.
[detector_node-2] [INFO] [1781641326.471070080] [detector_node]: YOLO_DETECTOR detection elapsed time: 0.0281 seconds
[local_fusion-3] [INFO] [1781641326.471476891] [local_fusion_node]: Local Fusion callback triggered.
[detector_node-2] [INFO] [1781641326.568278697] [detector_node]: YOLO_DETECTOR detection elapsed time: 0.0265 seconds
[local_fusion-3] [INFO] [1781641326.568698933] [local_fusion_node]: Local Fusion callback triggered.
[detector_node-2] [INFO] [1781641326.669493904] [detector_node]: YOLO_DETECTOR detection elapsed time: 0.0278 seconds
[local_fusion-3] [INFO] [1781641326.669810164] [local_fusion_node]: Local Fusion callback triggered.
[detector_node-2] [INFO] [1781641326.772063374] [detector_node]: YOLO_DETECTOR detection elapsed time: 0.0271 seconds
[local_fusion-3] [INFO] [1781641326.772481921] [local_fusion_node]: Local Fusion callback triggered.
[detector_node-2] [INFO] [1781641326.865660918] [detector_node]: YOLO_DETECTOR detection elapsed time: 0.0237 seconds
[local_fusion-3] [INFO] [1781641326.865998967] [local_fusion_node]: Local Fusion callback triggered.
[detector_node-2] [INFO] [1781641326.968011195] [detector_node]: YOLO_DETECTOR detection elapsed time: 0.0264 seconds
[local_fusion-3] [INFO] [1781641326.968448388] [local_fusion_node]: Local Fusion callback triggered.
[detector_node-2] [INFO] [1781641327.069483312] [detector_node]: YOLO_DETECTOR detection elapsed time: 0.0267 seconds
[local_fusion-3] [INFO] [1781641327.070102058] [local_fusion_node]: Local Fusion callback triggered.
[detector_node-2] [INFO] [1781641327.176158629] [detector_node]: YOLO_DETECTOR detection elapsed time: 0.0327 seconds
[local_fusion-3] [INFO] [1781641327.176576964] [local_fusion_node]: Local Fusion callback triggered.
[detector_node-2] [INFO] [1781641327.268805027] [detector_node]: YOLO_DETECTOR detection elapsed time: 0.0275 seconds
[local_fusion-3] [INFO] [1781641327.269247354] [local_fusion_node]: Local Fusion callback triggered.
[detector_node-2] [INFO] [1781641327.374466170] [detector_node]: YOLO_DETECTOR detection elapsed time: 0.0270 seconds
[local_fusion-3] [INFO] [1781641327.374811043] [local_fusion_node]: Local Fusion callback triggered.
[detector_node-2] [INFO] [1781641327.471203730] [detector_node]: YOLO_DETECTOR detection elapsed time: 0.0270 seconds
[local_fusion-3] [INFO] [1781641327.471503121] [local_fusion_node]: Local Fusion callback triggered.
[detector_node-2] [INFO] [1781641327.572270992] [detector_node]: YOLO_DETECTOR detection elapsed time: 0.0265 seconds
[local_fusion-3] [INFO] [1781641327.572593976] [local_fusion_node]: Local Fusion callback triggered.
[detector_node-2] [INFO] [1781641327.675548922] [detector_node]: YOLO_DETECTOR detection elapsed time: 0.0312 seconds
[local_fusion-3] [INFO] [1781641327.675774644] [local_fusion_node]: Local Fusion callback triggered.
[detector_node-2] [INFO] [1781641327.775728679] [detector_node]: YOLO_DETECTOR detection elapsed time: 0.0286 seconds
[local_fusion-3] [INFO] [1781641327.775979125] [local_fusion_node]: Local Fusion callback triggered.
[detector_node-2] [INFO] [1781641327.870404221] [detector_node]: YOLO_DETECTOR detection elapsed time: 0.0275 seconds
[local_fusion-3] [INFO] [1781641327.870627940] [local_fusion_node]: Local Fusion callback triggered.
[detector_node-2] [INFO] [1781641327.973586048] [detector_node]: YOLO_DETECTOR detection elapsed time: 0.0253 seconds
[local_fusion-3] [INFO] [1781641327.973914599] [local_fusion_node]: Local Fusion callback triggered.
[detector_node-2] [INFO] [1781641328.076080529] [detector_node]: YOLO_DETECTOR detection elapsed time: 0.0257 seconds
[local_fusion-3] [INFO] [1781641328.076343635] [local_fusion_node]: Local Fusion callback triggered.
[detector_node-2] [INFO] [1781641328.179341147] [detector_node]: YOLO_DETECTOR detection elapsed time: 0.0255 seconds
[local_fusion-3] [INFO] [1781641328.179719808] [local_fusion_node]: Local Fusion callback triggered.
[detector_node-2] [INFO] [1781641328.274638051] [detector_node]: YOLO_DETECTOR detection elapsed time: 0.0257 seconds
[local_fusion-3] [INFO] [1781641328.275008688] [local_fusion_node]: Local Fusion callback triggered.
[detector_node-2] [INFO] [1781641328.380589265] [detector_node]: YOLO_DETECTOR detection elapsed time: 0.0291 seconds
[local_fusion-3] [INFO] [1781641328.380877288] [local_fusion_node]: Local Fusion callback triggered.
[detector_node-2] [INFO] [1781641328.479107293] [detector_node]: YOLO_DETECTOR detection elapsed time: 0.0289 seconds
[local_fusion-3] [INFO] [1781641328.479270385] [local_fusion_node]: Local Fusion callback triggered.
[detector_node-2] [INFO] [1781641328.585276035] [detector_node]: YOLO_DETECTOR detection elapsed time: 0.0297 seconds
[local_fusion-3] [INFO] [1781641328.585796479] [local_fusion_node]: Local Fusion callback triggered.
[detector_node-2] [INFO] [1781641328.680737919] [detector_node]: YOLO_DETECTOR detection elapsed time: 0.0237 seconds
[local_fusion-3] [INFO] [1781641328.681012012] [local_fusion_node]: Local Fusion callback triggered.
[detector_node-2] [INFO] [1781641328.779371553] [detector_node]: YOLO_DETECTOR detection elapsed time: 0.0260 seconds
[local_fusion-3] [INFO] [1781641328.779711866] [local_fusion_node]: Local Fusion callback triggered.
[detector_node-2] [INFO] [1781641328.885534555] [detector_node]: YOLO_DETECTOR detection elapsed time: 0.0271 seconds
[local_fusion-3] [INFO] [1781641328.886069583] [local_fusion_node]: Local Fusion callback triggered.
[detector_node-2] [INFO] [1781641328.979189292] [detector_node]: YOLO_DETECTOR detection elapsed time: 0.0263 seconds
[local_fusion-3] [INFO] [1781641328.979689530] [local_fusion_node]: Local Fusion callback triggered.
[detector_node-2] [INFO] [1781641329.080684929] [detector_node]: YOLO_DETECTOR detection elapsed time: 0.0235 seconds
[local_fusion-3] [INFO] [1781641329.080923065] [local_fusion_node]: Local Fusion callback triggered.
[detector_node-2] [INFO] [1781641329.185210919] [detector_node]: YOLO_DETECTOR detection elapsed time: 0.0325 seconds
[local_fusion-3] [INFO] [1781641329.185465056] [local_fusion_node]: Local Fusion callback triggered.
[detector_node-2] [INFO] [1781641329.284168319] [detector_node]: YOLO_DETECTOR detection elapsed time: 0.0292 seconds
[local_fusion-3] [INFO] [1781641329.284502258] [local_fusion_node]: Local Fusion callback triggered.
[detector_node-2] [INFO] [1781641329.382714608] [detector_node]: YOLO_DETECTOR detection elapsed time: 0.0287 seconds
[local_fusion-3] [INFO] [1781641329.383064754] [local_fusion_node]: Local Fusion callback triggered.
[detector_node-2] [INFO] [1781641329.483007329] [detector_node]: YOLO_DETECTOR detection elapsed time: 0.0246 seconds
[local_fusion-3] [INFO] [1781641329.483324219] [local_fusion_node]: Local Fusion callback triggered.
[detector_node-2] [INFO] [1781641329.580657683] [detector_node]: YOLO_DETECTOR detection elapsed time: 0.0249 seconds
[local_fusion-3] [INFO] [1781641329.580947789] [local_fusion_node]: Local Fusion callback triggered.
[detector_node-2] [INFO] [1781641329.678882772] [detector_node]: YOLO_DETECTOR detection elapsed time: 0.0270 seconds
[local_fusion-3] [INFO] [1781641329.679150330] [local_fusion_node]: Local Fusion callback triggered.
[detector_node-2] [INFO] [1781641329.784782593] [detector_node]: YOLO_DETECTOR detection elapsed time: 0.0271 seconds
[local_fusion-3] [INFO] [1781641329.785112911] [local_fusion_node]: Local Fusion callback triggered.
[detector_node-2] [INFO] [1781641329.878116360] [detector_node]: YOLO_DETECTOR detection elapsed time: 0.0253 seconds
[local_fusion-3] [INFO] [1781641329.878366452] [local_fusion_node]: Local Fusion callback triggered.
[detector_node-2] [INFO] [1781641329.981433061] [detector_node]: YOLO_DETECTOR detection elapsed time: 0.0256 seconds
[local_fusion-3] [INFO] [1781641329.981713049] [local_fusion_node]: Local Fusion callback triggered.
[detector_node-2] [INFO] [1781641330.078729993] [detector_node]: YOLO_DETECTOR detection elapsed time: 0.0250 seconds
[local_fusion-3] [INFO] [1781641330.079110162] [local_fusion_node]: Local Fusion callback triggered.
[detector_node-2] [INFO] [1781641330.182476287] [detector_node]: YOLO_DETECTOR detection elapsed time: 0.0276 seconds
[local_fusion-3] [INFO] [1781641330.183032763] [local_fusion_node]: Local Fusion callback triggered.
[detector_node-2] [INFO] [1781641330.281312877] [detector_node]: YOLO_DETECTOR detection elapsed time: 0.0277 seconds
[local_fusion-3] [INFO] [1781641330.281920820] [local_fusion_node]: Local Fusion callback triggered.
[detector_node-2] [INFO] [1781641330.384376324] [detector_node]: YOLO_DETECTOR detection elapsed time: 0.0272 seconds
[local_fusion-3] [INFO] [1781641330.384749214] [local_fusion_node]: Local Fusion callback triggered.
[detector_node-2] [INFO] [1781641330.483133135] [detector_node]: YOLO_DETECTOR detection elapsed time: 0.0268 seconds
[local_fusion-3] [INFO] [1781641330.483435228] [local_fusion_node]: Local Fusion callback triggered.
[detector_node-2] [INFO] [1781641330.585550317] [detector_node]: YOLO_DETECTOR detection elapsed time: 0.0292 seconds
[local_fusion-3] [INFO] [1781641330.585921506] [local_fusion_node]: Local Fusion callback triggered.
[detector_node-2] [INFO] [1781641330.688678071] [detector_node]: YOLO_DETECTOR detection elapsed time: 0.0286 seconds
[local_fusion-3] [INFO] [1781641330.689087159] [local_fusion_node]: Local Fusion callback triggered.
[detector_node-2] [INFO] [1781641330.780571492] [detector_node]: YOLO_DETECTOR detection elapsed time: 0.0260 seconds
[local_fusion-3] [INFO] [1781641330.780880221] [local_fusion_node]: Local Fusion callback triggered.
[detector_node-2] [INFO] [1781641330.878327965] [detector_node]: YOLO_DETECTOR detection elapsed time: 0.0268 seconds
[local_fusion-3] [INFO] [1781641330.878741673] [local_fusion_node]: Local Fusion callback triggered.
[detector_node-2] [INFO] [1781641330.980456445] [detector_node]: YOLO_DETECTOR detection elapsed time: 0.0267 seconds
[local_fusion-3] [INFO] [1781641330.981046749] [local_fusion_node]: Local Fusion callback triggered.
[detector_node-2] [INFO] [1781641331.082275104] [detector_node]: YOLO_DETECTOR detection elapsed time: 0.0272 seconds
[local_fusion-3] [INFO] [1781641331.082778462] [local_fusion_node]: Local Fusion callback triggered.
[detector_node-2] [INFO] [1781641331.178077688] [detector_node]: YOLO_DETECTOR detection elapsed time: 0.0273 seconds
[local_fusion-3] [INFO] [1781641331.178415114] [local_fusion_node]: Local Fusion callback triggered.
[detector_node-2] [INFO] [1781641331.276706562] [detector_node]: YOLO_DETECTOR detection elapsed time: 0.0270 seconds
[local_fusion-3] [INFO] [1781641331.277111529] [local_fusion_node]: Local Fusion callback triggered.
